******************************************************************************
                  TI ARM Linker Unix v20.2.7                   
******************************************************************************
>> Linked Tue Mar  4 15:51:35 2025

OUTPUT FILE NAME:   <Final_Project.out>
ENTRY POINT SYMBOL: "_c_int00_noargs"  address: 20008331


MEMORY CONFIGURATION

         name            origin    length      used     unused   attr    fill
----------------------  --------  ---------  --------  --------  ----  --------
  SRAM_CODE             20004000   00013000  00004efe  0000e102  RW X
  SRAM_DATA             20017000   00019000  00001034  00017fcc  RW X


SEGMENT ALLOCATION MAP

run origin  load origin   length   init length attrs members
----------  ----------- ---------- ----------- ----- -------
20004000    20004000    00004f00   00004f00    r-x
  20004000    20004000    00000400   00000400    r-- .intvecs
  20004400    20004400    000042fa   000042fa    r-x .text
  200086fc    200086fc    000007bc   000007bc    r-- .const
  20008eb8    20008eb8    00000048   00000048    r-- .cinit
20017000    20017000    00000834   00000000    rw-
  20017000    20017000    00000800   00000000    rw- .sysmem
  20017800    20017800    00000030   00000000    rw- .data
  20017830    20017830    00000004   00000000    rw- .bss
2002f800    2002f800    00000800   00000000    rw-
  2002f800    2002f800    00000800   00000000    rw- .stack


SECTION ALLOCATION MAP

 output                                  attributes/
section   page    origin      length       input sections
--------  ----  ----------  ----------   ----------------
.intvecs   0    20004000    00000400     
                  20004000    00000400     startup_ccs.obj (.intvecs)

.init_array 
*          0    20004000    00000000     UNINITIALIZED

.text      0    20004400    000042fa     
                  20004400    00000a80     Adafruit_GFX.obj (.text)
                  20004e80    00000a4e     rtsv7M4_T_le_eabi.lib : _printfi.c.obj (.text:__TI_printfi)
                  200058ce    00000002                           : _lock.c.obj (.text:_nop)
                  200058d0    000004b2     Adafruit_OLED.obj (.text)
                  20005d82    00000002     rtsv7M4_T_le_eabi.lib : div0.asm.obj (.text)
                  20005d84    000002a0     i2c_if.obj (.text)
                  20006024    0000027c     uart_if.obj (.text)
                  200062a0    00000268     rtsv7M4_T_le_eabi.lib : _printfi.c.obj (.text:_pconv_a)
                  20006508    000001fc     main.obj (.text)
                  20006704    000001cc     rtsv7M4_T_le_eabi.lib : _printfi.c.obj (.text:_pconv_g)
                  200068d0    000001b6                           : fd_add_t2.asm.obj (.text)
                  20006a86    00000002     --HOLE-- [fill = 0]
                  20006a88    00000178     driverlib.a : prcm.obj (.text:PRCMCC3200MCUInit)
                  20006c00    0000013c     rtsv7M4_T_le_eabi.lib : _printfi.c.obj (.text:_pconv_e)
                  20006d3c    00000136                           : fd_div_t2.asm.obj (.text)
                  20006e72    00000002     --HOLE-- [fill = 0]
                  20006e74    00000120                           : _printfi.c.obj (.text:fcvt)
                  20006f94    00000110     pin_mux_config.obj (.text)
                  200070a4    00000100     rtsv7M4_T_le_eabi.lib : memory.c.obj (.text:aligned_alloc)
                  200071a4    000000fc                           : fd_mul_t2.asm.obj (.text)
                  200072a0    000000e4                           : memory.c.obj (.text:free)
                  20007384    000000e4                           : memory.c.obj (.text:realloc)
                  20007468    000000d0                           : s_scalbn.c.obj (.text:scalbn)
                  20007538    000000b1                           : _printfi.c.obj (.text:_ltostr)
                  200075e9    00000003     --HOLE-- [fill = 0]
                  200075ec    000000a8     driverlib.a : interrupt.obj (.text:IntEnable)
                  20007694    000000a0                 : spi.obj (.text:SPIConfigSetExpClk)
                  20007734    0000009c     rtsv7M4_T_le_eabi.lib : memcpy_t2.asm.obj (.text)
                  200077d0    00000096                           : ull_div_t2.asm.obj (.text)
                  20007866    00000002     --HOLE-- [fill = 0]
                  20007868    00000094     driverlib.a : prcm.obj (.text:PRCMPeripheralClockGet)
                  200078fc    00000088                 : pin.obj (.text:PinConfigSet)
                  20007984    00000086     rtsv7M4_T_le_eabi.lib : fd_cmp_t2.asm.obj (.text:__aeabi_cdcmple)
                  20007a0a    00000086                           : fd_cmp_t2.asm.obj (.text:__aeabi_cdrcmple)
                  20007a90    00000084     driverlib.a : i2c.obj (.text:I2CMasterInitExpClk)
                  20007b14    0000007a     rtsv7M4_T_le_eabi.lib : memset_t2.asm.obj (.text)
                  20007b8e    00000076     driverlib.a : uart.obj (.text:UARTConfigSetExpClk)
                  20007c04    00000070     rtsv7M4_T_le_eabi.lib : memory.c.obj (.text:split)
                  20007c74    0000006e                           : _printfi.c.obj (.text:_mcpy)
                  20007ce2    00000068                           : copy_decompress_lzss.c.obj (.text:decompress:lzss:__TI_decompress_lzss)
                  20007d4a    00000002     --HOLE-- [fill = 0]
                  20007d4c    0000005c                           : s_frexp.c.obj (.text:frexp)
                  20007da8    00000058     driverlib.a : prcm.obj (.text:PRCMPeripheralReset)
                  20007e00    00000056     rtsv7M4_T_le_eabi.lib : _printfi.c.obj (.text:_pconv_f)
                  20007e56    00000054                           : _ltoa.c.obj (.text:__TI_ltoa)
                  20007eaa    00000052                           : _printfi.c.obj (.text:_ecpy)
                  20007efc    0000004c                           : atoi.c.obj (.text:atoi)
                  20007f48    00000048                           : fd_toi_t2.asm.obj (.text)
                  20007f90    00000044                           : autoinit.c.obj (.text:__TI_auto_init_nobinit_nopinit:__TI_auto_init_nobinit_nopinit)
                  20007fd4    00000040     driverlib.a : pin.obj (.text:PinModeSet)
                  20008014    00000040     rtsv7M4_T_le_eabi.lib : sprintf.c.obj (.text:sprintf)
                  20008054    00000040                           : vsnprintf.c.obj (.text:vsnprintf)
                  20008094    0000003e                           : _printfi.c.obj (.text:_fcpy)
                  200080d2    00000002     --HOLE-- [fill = 0]
                  200080d4    0000003c     driverlib.a : prcm.obj (.text:PRCMPeripheralClkEnable)
                  20008110    00000036                 : gpio.obj (.text:GPIODirModeSet)
                  20008146    00000002     --HOLE-- [fill = 0]
                  20008148    00000034     rtsv7M4_T_le_eabi.lib : rand.c.obj (.text:rand)
                  2000817c    00000030     driverlib.a : pin.obj (.text:PinTypeGPIO)
                  200081ac    00000030                 : uart.obj (.text:UARTDisable)
                  200081dc    00000030     rtsv7M4_T_le_eabi.lib : vsnprintf.c.obj (.text:_outs)
                  2000820c    0000002e                           : i_tofd_t2.asm.obj (.text)
                  2000823a    0000002c     driverlib.a : i2c.obj (.text:I2CMasterErr)
                  20008266    00000002     --HOLE-- [fill = 0]
                  20008268    0000002c                 : prcm.obj (.text:PRCMSysResetCauseGet)
                  20008294    00000028                 : prcm.obj (.text:PRCMPeripheralClkDisable)
                  200082bc    00000028     rtsv7M4_T_le_eabi.lib : memory.c.obj (.text:free_list_insert)
                  200082e4    00000028                           : memmov.c.obj (.text:memmove)
                  2000830c    00000024     driverlib.a : uart.obj (.text:UARTEnable)
                  20008330    00000024     rtsv7M4_T_le_eabi.lib : boot_cortex_m.c.obj (.text:_c_int00_noargs:_c_int00_noargs)
                  20008354    00000022     driverlib.a : i2c.obj (.text:I2CMasterSlaveAddrSet)
                  20008376    00000022                 : spi.obj (.text:SPIReset)
                  20008398    00000020                 : gpio.obj (.text:GPIOPinWrite)
                  200083b8    00000020                 : spi.obj (.text:SPIDataGet)
                  200083d8    0000001e                 : i2c.obj (.text:I2CMasterIntStatusEx)
                  200083f6    0000001e                 : spi.obj (.text:SPIDataPut)
                  20008414    0000001e                 : uart.obj (.text:UARTCharPut)
                  20008432    0000001c                 : pin.obj (.text:PinTypeI2C)
                  2000844e    0000001c                 : uart.obj (.text:UARTCharGetNonBlocking)
                  2000846a    0000001c     rtsv7M4_T_le_eabi.lib : copy_zero_init.c.obj (.text:decompress:ZI:__TI_zero_init_nomemset:__TI_zero_init_nomemset)
                  20008486    00000002     --HOLE-- [fill = 0]
                  20008488    0000001c                           : memory.c.obj (.text:free_list_remove)
                  200084a4    0000001c                           : memccpy.c.obj (.text:memccpy)
                  200084c0    0000001a     driverlib.a : pin.obj (.text:PinTypeSPI)
                  200084da    0000001a                 : pin.obj (.text:PinTypeUART)
                  200084f4    00000018                 : i2c.obj (.text:I2CMasterIntEnableEx)
                  2000850c    00000018                 : spi.obj (.text:SPICSDisable)
                  20008524    00000018                 : spi.obj (.text:SPICSEnable)
                  2000853c    00000018                 : spi.obj (.text:SPIEnable)
                  20008554    00000018                 : uart.obj (.text:UARTCharsAvail)
                  2000856c    00000018     rtsv7M4_T_le_eabi.lib : vsnprintf.c.obj (.text:_outc)
                  20008584    00000018                           : sprintf.c.obj (.text:_outs)
                  2000859c    00000016     driverlib.a : i2c.obj (.text:I2CMasterDataPut)
                  200085b2    00000016                 : i2c.obj (.text:I2CMasterEnable)
                  200085c8    00000016                 : i2c.obj (.text:I2CMasterIntClear)
                  200085de    00000016                 : prcm.obj (.text:PRCMHIBRegRead)
                  200085f4    00000016                 : prcm.obj (.text:PRCMHIBRegWrite)
                  2000860a    00000016     rtsv7M4_T_le_eabi.lib : strchr.c.obj (.text:strchr)
                  20008620    00000014     driverlib.a : cpu.obj (.text:CPUcpsie)
                  20008634    00000014                 : interrupt.obj (.text:IntVTableBaseSet)
                  20008648    00000014     rtsv7M4_T_le_eabi.lib : strlen.c.obj (.text:strlen)
                  2000865c    00000012     driverlib.a : i2c.obj (.text:I2CMasterControl)
                  2000866e    00000012                 : i2c.obj (.text:I2CMasterTimeoutSet)
                  20008680    00000012     rtsv7M4_T_le_eabi.lib : wcslen.c.obj (.text:wcslen)
                  20008692    0000000e     driverlib.a : i2c.obj (.text:I2CMasterDataGet)
                  200086a0    0000000e     rtsv7M4_T_le_eabi.lib : copy_decompress_none.c.obj (.text:decompress:none:__TI_decompress_none)
                  200086ae    0000000e     startup_ccs.obj (.text)
                  200086bc    0000000c     rtsv7M4_T_le_eabi.lib : s_copysign.c.obj (.text:copysign)
                  200086c8    0000000a     driverlib.a : interrupt.obj (.text:IntMasterEnable)
                  200086d2    0000000a     rtsv7M4_T_le_eabi.lib : sprintf.c.obj (.text:_outc)
                  200086dc    00000008                           : errno.c.obj (.text:__aeabi_errno_addr)
                  200086e4    00000008                           : memory.c.obj (.text:malloc)
                  200086ec    00000006     driverlib.a : utils.obj (.text:UtilsDelay)
                  200086f2    00000004     rtsv7M4_T_le_eabi.lib : pre_init.c.obj (.text:_system_pre_init)
                  200086f6    00000004                           : exit.c.obj (.text:abort:abort)

.const     0    200086fc    000007bc     
                  200086fc    000004fb     Adafruit_GFX.obj (.const:.string:font)
                  20008bf7    00000101     rtsv7M4_T_le_eabi.lib : ctype.c.obj (.const:.string:_ctypes_)
                  20008cf8    00000100     driverlib.a : pin.obj (.const:g_ulPinToPadMap)
                  20008df8    000000a8                 : prcm.obj (.const:PRCM_PeriphRegsList)
                  20008ea0    00000018                 : interrupt.obj (.const:g_pulEnRegs)

.cinit     0    20008eb8    00000048     
                  20008eb8    00000022     (.cinit..data.load) [load image, compression = lzss]
                  20008eda    00000002     --HOLE-- [fill = 0]
                  20008edc    0000000c     (__TI_handler_table)
                  20008ee8    00000008     (.cinit..bss.load) [load image, compression = zero_init]
                  20008ef0    00000010     (__TI_cinit_table)

.sysmem    0    20017000    00000800     UNINITIALIZED
                  20017000    00000010     rtsv7M4_T_le_eabi.lib : memory.c.obj (.sysmem)
                  20017010    000007f0     --HOLE--

.data      0    20017800    00000030     UNINITIALIZED
                  20017800    00000015     Adafruit_GFX.obj (.data)
                  20017815    00000003     --HOLE--
                  20017818    00000008     rtsv7M4_T_le_eabi.lib : _lock.c.obj (.data:$O1$$)
                  20017820    00000008                           : memory.c.obj (.data:$O1$$)
                  20017828    00000004                           : errno.c.obj (.data)
                  2001782c    00000004                           : rand.c.obj (.data)

.bss       0    20017830    00000004     UNINITIALIZED
                  20017830    00000004     uart_if.obj (.bss)

.stack     0    2002f800    00000800     UNINITIALIZED
                  2002f800    00000004     rtsv7M4_T_le_eabi.lib : boot_cortex_m.c.obj (.stack)
                  2002f804    000007fc     --HOLE--

__llvm_prf_cnts 
*          0    20017000    00000000     UNINITIALIZED

MODULE SUMMARY

       Module                       code    ro data   rw data
       ------                       ----    -------   -------
    ./
       startup_ccs.obj              14      1024      0      
       i2c_if.obj                   672     0         0      
       uart_if.obj                  636     0         4      
       main.obj                     508     0         0      
       pin_mux_config.obj           272     0         0      
    +--+----------------------------+-------+---------+---------+
       Total:                       2102    1024      4      
                                                             
    ./oled/
       Adafruit_GFX.obj             2688    1275      21     
       Adafruit_OLED.obj            1202    0         0      
    +--+----------------------------+-------+---------+---------+
       Total:                       3890    1275      21     
                                                             
    /Applications/TI/ccs/tools/compiler/ti-cgt-arm_20.2.7.LTS/lib/rtsv7M4_T_le_eabi.lib
       _printfi.c.obj               4835    0         0      
       memory.c.obj                 900     0         8      
       fd_add_t2.asm.obj            438     0         0      
       fd_div_t2.asm.obj            310     0         0      
       fd_cmp_t2.asm.obj            268     0         0      
       ctype.c.obj                  0       257       0      
       fd_mul_t2.asm.obj            252     0         0      
       s_scalbn.c.obj               208     0         0      
       memcpy_t2.asm.obj            156     0         0      
       ull_div_t2.asm.obj           150     0         0      
       vsnprintf.c.obj              136     0         0      
       memset_t2.asm.obj            122     0         0      
       copy_decompress_lzss.c.obj   104     0         0      
       sprintf.c.obj                98      0         0      
       s_frexp.c.obj                92      0         0      
       _ltoa.c.obj                  84      0         0      
       atoi.c.obj                   76      0         0      
       fd_toi_t2.asm.obj            72      0         0      
       autoinit.c.obj               68      0         0      
       rand.c.obj                   52      0         4      
       i_tofd_t2.asm.obj            46      0         0      
       memmov.c.obj                 40      0         0      
       boot_cortex_m.c.obj          36      0         0      
       copy_zero_init.c.obj         28      0         0      
       memccpy.c.obj                28      0         0      
       strchr.c.obj                 22      0         0      
       strlen.c.obj                 20      0         0      
       wcslen.c.obj                 18      0         0      
       copy_decompress_none.c.obj   14      0         0      
       errno.c.obj                  8       0         4      
       s_copysign.c.obj             12      0         0      
       _lock.c.obj                  2       0         8      
       exit.c.obj                   4       0         0      
       pre_init.c.obj               4       0         0      
       div0.asm.obj                 2       0         0      
    +--+----------------------------+-------+---------+---------+
       Total:                       8705    257       24     
                                                             
    /Applications/TI/lib/cc3200sdk_1.5.0/cc3200-sdk/driverlib/ccs/Release/driverlib.a
       prcm.obj                     800     168       0      
       pin.obj                      328     256       0      
       i2c.obj                      380     0         0      
       spi.obj                      328     0         0      
       uart.obj                     284     0         0      
       interrupt.obj                198     24        0      
       gpio.obj                     86      0         0      
       cpu.obj                      20      0         0      
       utils.obj                    6       0         0      
    +--+----------------------------+-------+---------+---------+
       Total:                       2430    448       0      
                                                             
       Heap:                        0       0         2048   
       Stack:                       0       0         2048   
       Linker Generated:            0       70        0      
    +--+----------------------------+-------+---------+---------+
       Grand Total:                 17127   3074      4145   


LINKER GENERATED COPY TABLES

__TI_cinit_table @ 20008ef0 records: 2, size/record: 8, table size: 16
	.data: load addr=20008eb8, load size=00000022 bytes, run addr=20017800, run size=00000030 bytes, compression=lzss
	.bss: load addr=20008ee8, load size=00000008 bytes, run addr=20017830, run size=00000004 bytes, compression=zero_init


LINKER GENERATED HANDLER TABLE

__TI_handler_table @ 20008edc records: 3, size/record: 4, table size: 12
	index: 0, handler: __TI_decompress_lzss
	index: 1, handler: __TI_decompress_none
	index: 2, handler: __TI_zero_init


GLOBAL SYMBOLS: SORTED ALPHABETICALLY BY Name 

address   name                          
-------   ----                          
20005959  Adafruit_Init                 
200086f7  C$$EXIT                       
20008621  CPUcpsie                      
20006065  ClearTerm                     
20005ad5  Color565                      
2000606f  Error                         
20008111  GPIODirModeSet                
20008399  GPIOPinWrite                  
200060a7  GetCmd                        
2000865d  I2CMasterControl              
20008693  I2CMasterDataGet              
2000859d  I2CMasterDataPut              
200085b3  I2CMasterEnable               
2000823b  I2CMasterErr                  
20007a91  I2CMasterInitExpClk           
200085c9  I2CMasterIntClear             
200084f5  I2CMasterIntEnableEx          
200083d9  I2CMasterIntStatusEx          
20008355  I2CMasterSlaveAddrSet         
2000866f  I2CMasterTimeoutSet           
2000600f  I2C_IF_Close                  
20005fb3  I2C_IF_Open                   
20005eb1  I2C_IF_Read                   
20005f6d  I2C_IF_ReadFrom               
20005e01  I2C_IF_Write                  
20006025  InitTerm                      
200075ed  IntEnable                     
200086c9  IntMasterEnable               
20008635  IntVTableBaseSet              
20006043  Message                       
20004dab  Outstr                        
20006a89  PRCMCC3200MCUInit             
200085df  PRCMHIBRegRead                
200085f5  PRCMHIBRegWrite               
20008295  PRCMPeripheralClkDisable      
200080d5  PRCMPeripheralClkEnable       
20007869  PRCMPeripheralClockGet        
20007da9  PRCMPeripheralReset           
20008269  PRCMSysResetCauseGet          
200078fd  PinConfigSet                  
20007fd5  PinModeSet                    
20006f95  PinMuxConfig                  
2000817d  PinTypeGPIO                   
20008433  PinTypeI2C                    
200084c1  PinTypeSPI                    
200084db  PinTypeUART                   
200061e5  Report                        
200086af  ResetISR                      
2000850d  SPICSDisable                  
20008525  SPICSEnable                   
20007695  SPIConfigSetExpClk            
200083b9  SPIDataGet                    
200083f7  SPIDataPut                    
2000853d  SPIEnable                     
20008377  SPIReset                      
2000614d  TrimSpace                     
2000844f  UARTCharGetNonBlocking        
20008415  UARTCharPut                   
20008555  UARTCharsAvail                
20007b8f  UARTConfigSetExpClk           
200081ad  UARTDisable                   
2000830d  UARTEnable                    
200086ed  UtilsDelay                    
20030000  __STACK_END                   
00000800  __STACK_SIZE                  
00000800  __SYSMEM_SIZE                 
20008ef0  __TI_CINIT_Base               
20008f00  __TI_CINIT_Limit              
20008edc  __TI_Handler_Table_Base       
20008ee8  __TI_Handler_Table_Limit      
20007f91  __TI_auto_init_nobinit_nopinit
20007ce3  __TI_decompress_lzss          
200086a1  __TI_decompress_none          
20007e57  __TI_ltoa                     
ffffffff  __TI_pprof_out_hndl           
20004e81  __TI_printfi                  
ffffffff  __TI_prof_data_size           
ffffffff  __TI_prof_data_start          
20008eb8  __TI_static_base__            
2000846b  __TI_zero_init_nomemset       
20007985  __aeabi_cdcmpeq               
20007985  __aeabi_cdcmple               
20007a0b  __aeabi_cdrcmple              
20007f49  __aeabi_d2iz                  
200068db  __aeabi_dadd                  
20006d3d  __aeabi_ddiv                  
200071a5  __aeabi_dmul                  
200068d1  __aeabi_dsub                  
200086dd  __aeabi_errno_addr            
2000820d  __aeabi_i2d                   
20005d83  __aeabi_idiv0                 
20005d83  __aeabi_ldiv0                 
20007b15  __aeabi_memclr                
20007b15  __aeabi_memclr4               
20007b15  __aeabi_memclr8               
20007735  __aeabi_memcpy                
20007735  __aeabi_memcpy4               
20007735  __aeabi_memcpy8               
20007b17  __aeabi_memset                
20007b17  __aeabi_memset4               
20007b17  __aeabi_memset8               
200077d1  __aeabi_uldivmod              
ffffffff  __binit__                     
ffffffff  __c_args__                    
UNDEFED   __mpu_init                    
2002f800  __stack                       
20017000  __start___llvm_prf_cnts       
20017000  __stop___llvm_prf_cnts        
20008331  _c_int00_noargs               
20008bf7  _ctypes_                      
20017818  _lock                         
200058cf  _nop                          
20017000  _sys_memory                   
UNDEFED   _system_post_cinit            
200086f3  _system_pre_init              
2001781c  _unlock                       
200086f7  abort                         
200070a5  aligned_alloc                 
20007efd  atoi                          
ffffffff  binit                         
200086bd  copysign                      
200086bd  copysignl                     
20017800  cursor_x                      
20017804  cursor_y                      
20004c5f  drawChar                      
20004401  drawCircle                    
20004535  drawCircleHelper              
20005c8d  drawFastHLine                 
20005bf1  drawFastVLine                 
2000477b  drawLine                      
20005d29  drawPixel                     
20004867  drawRect                      
200048b5  drawRoundRect                 
20004a1d  drawTriangle                  
20017828  errno                         
20004653  fillCircle                    
2000468d  fillCircleHelper              
20005b2d  fillRect                      
200049a3  fillRoundRect                 
20005b17  fillScreen                    
20004a5f  fillTriangle                  
200072a1  free                          
20007d4d  frexp                         
20007d4d  frexpl                        
20004000  g_pfnVectors                  
20005a91  goTo                          
20004e5f  height                        
20005d67  invert                        
20007469  ldexp                         
20007469  ldexpl                        
20006521  main                          
200086e5  malloc                        
200070a5  memalign                      
200084a5  memccpy                       
20007735  memcpy                        
200082e5  memmove                       
20007b1d  memset                        
20008149  rand                          
20007385  realloc                       
20007469  scalbn                        
20007469  scalbnl                       
20004df7  setCursor                     
20004e2f  setTextColor                  
20004e0f  setTextSize                   
20004e47  setTextWrap                   
20008015  sprintf                       
2000860b  strchr                        
20008649  strlen                        
20017810  textbgcolor                   
2001780c  textcolor                     
20017808  textsize                      
20008055  vsnprintf                     
20008681  wcslen                        
20004e5b  width                         
20017814  wrap                          
200058d1  writeCommand                  
20005915  writeData                     


GLOBAL SYMBOLS: SORTED BY Symbol Address 

address   name                          
-------   ----                          
00000800  __STACK_SIZE                  
00000800  __SYSMEM_SIZE                 
20004000  g_pfnVectors                  
20004401  drawCircle                    
20004535  drawCircleHelper              
20004653  fillCircle                    
2000468d  fillCircleHelper              
2000477b  drawLine                      
20004867  drawRect                      
200048b5  drawRoundRect                 
200049a3  fillRoundRect                 
20004a1d  drawTriangle                  
20004a5f  fillTriangle                  
20004c5f  drawChar                      
20004dab  Outstr                        
20004df7  setCursor                     
20004e0f  setTextSize                   
20004e2f  setTextColor                  
20004e47  setTextWrap                   
20004e5b  width                         
20004e5f  height                        
20004e81  __TI_printfi                  
200058cf  _nop                          
200058d1  writeCommand                  
20005915  writeData                     
20005959  Adafruit_Init                 
20005a91  goTo                          
20005ad5  Color565                      
20005b17  fillScreen                    
20005b2d  fillRect                      
20005bf1  drawFastVLine                 
20005c8d  drawFastHLine                 
20005d29  drawPixel                     
20005d67  invert                        
20005d83  __aeabi_idiv0                 
20005d83  __aeabi_ldiv0                 
20005e01  I2C_IF_Write                  
20005eb1  I2C_IF_Read                   
20005f6d  I2C_IF_ReadFrom               
20005fb3  I2C_IF_Open                   
2000600f  I2C_IF_Close                  
20006025  InitTerm                      
20006043  Message                       
20006065  ClearTerm                     
2000606f  Error                         
200060a7  GetCmd                        
2000614d  TrimSpace                     
200061e5  Report                        
20006521  main                          
200068d1  __aeabi_dsub                  
200068db  __aeabi_dadd                  
20006a89  PRCMCC3200MCUInit             
20006d3d  __aeabi_ddiv                  
20006f95  PinMuxConfig                  
200070a5  aligned_alloc                 
200070a5  memalign                      
200071a5  __aeabi_dmul                  
200072a1  free                          
20007385  realloc                       
20007469  ldexp                         
20007469  ldexpl                        
20007469  scalbn                        
20007469  scalbnl                       
200075ed  IntEnable                     
20007695  SPIConfigSetExpClk            
20007735  __aeabi_memcpy                
20007735  __aeabi_memcpy4               
20007735  __aeabi_memcpy8               
20007735  memcpy                        
200077d1  __aeabi_uldivmod              
20007869  PRCMPeripheralClockGet        
200078fd  PinConfigSet                  
20007985  __aeabi_cdcmpeq               
20007985  __aeabi_cdcmple               
20007a0b  __aeabi_cdrcmple              
20007a91  I2CMasterInitExpClk           
20007b15  __aeabi_memclr                
20007b15  __aeabi_memclr4               
20007b15  __aeabi_memclr8               
20007b17  __aeabi_memset                
20007b17  __aeabi_memset4               
20007b17  __aeabi_memset8               
20007b1d  memset                        
20007b8f  UARTConfigSetExpClk           
20007ce3  __TI_decompress_lzss          
20007d4d  frexp                         
20007d4d  frexpl                        
20007da9  PRCMPeripheralReset           
20007e57  __TI_ltoa                     
20007efd  atoi                          
20007f49  __aeabi_d2iz                  
20007f91  __TI_auto_init_nobinit_nopinit
20007fd5  PinModeSet                    
20008015  sprintf                       
20008055  vsnprintf                     
200080d5  PRCMPeripheralClkEnable       
20008111  GPIODirModeSet                
20008149  rand                          
2000817d  PinTypeGPIO                   
200081ad  UARTDisable                   
2000820d  __aeabi_i2d                   
2000823b  I2CMasterErr                  
20008269  PRCMSysResetCauseGet          
20008295  PRCMPeripheralClkDisable      
200082e5  memmove                       
2000830d  UARTEnable                    
20008331  _c_int00_noargs               
20008355  I2CMasterSlaveAddrSet         
20008377  SPIReset                      
20008399  GPIOPinWrite                  
200083b9  SPIDataGet                    
200083d9  I2CMasterIntStatusEx          
200083f7  SPIDataPut                    
20008415  UARTCharPut                   
20008433  PinTypeI2C                    
2000844f  UARTCharGetNonBlocking        
2000846b  __TI_zero_init_nomemset       
200084a5  memccpy                       
200084c1  PinTypeSPI                    
200084db  PinTypeUART                   
200084f5  I2CMasterIntEnableEx          
2000850d  SPICSDisable                  
20008525  SPICSEnable                   
2000853d  SPIEnable                     
20008555  UARTCharsAvail                
2000859d  I2CMasterDataPut              
200085b3  I2CMasterEnable               
200085c9  I2CMasterIntClear             
200085df  PRCMHIBRegRead                
200085f5  PRCMHIBRegWrite               
2000860b  strchr                        
20008621  CPUcpsie                      
20008635  IntVTableBaseSet              
20008649  strlen                        
2000865d  I2CMasterControl              
2000866f  I2CMasterTimeoutSet           
20008681  wcslen                        
20008693  I2CMasterDataGet              
200086a1  __TI_decompress_none          
200086af  ResetISR                      
200086bd  copysign                      
200086bd  copysignl                     
200086c9  IntMasterEnable               
200086dd  __aeabi_errno_addr            
200086e5  malloc                        
200086ed  UtilsDelay                    
200086f3  _system_pre_init              
200086f7  C$$EXIT                       
200086f7  abort                         
20008bf7  _ctypes_                      
20008eb8  __TI_static_base__            
20008edc  __TI_Handler_Table_Base       
20008ee8  __TI_Handler_Table_Limit      
20008ef0  __TI_CINIT_Base               
20008f00  __TI_CINIT_Limit              
20017000  __start___llvm_prf_cnts       
20017000  __stop___llvm_prf_cnts        
20017000  _sys_memory                   
20017800  cursor_x                      
20017804  cursor_y                      
20017808  textsize                      
2001780c  textcolor                     
20017810  textbgcolor                   
20017814  wrap                          
20017818  _lock                         
2001781c  _unlock                       
20017828  errno                         
2002f800  __stack                       
20030000  __STACK_END                   
ffffffff  __TI_pprof_out_hndl           
ffffffff  __TI_prof_data_size           
ffffffff  __TI_prof_data_start          
ffffffff  __binit__                     
ffffffff  __c_args__                    
ffffffff  binit                         
UNDEFED   __mpu_init                    
UNDEFED   _system_post_cinit            

[177 symbols]
