<?xml version="1.0" encoding="ISO-8859-1" ?>
<link_info>
   <banner>TI ARM Linker Unix v20.2.7.LTS</banner>
   <copyright>Copyright (c) 1996-2018 Texas Instruments Incorporated</copyright>
   <link_time>0x67981601</link_time>
   <link_errors>0x0</link_errors>
   <output_file>Lab2-part1.out</output_file>
   <entry_point>
      <name>_c_int00_noargs</name>
      <address>0x20008c75</address>
   </entry_point>
   <input_file_list>
      <input_file id="fl-1">
         <path>./</path>
         <kind>object</kind>
         <file>main.obj</file>
         <name>main.obj</name>
      </input_file>
      <input_file id="fl-2">
         <path>./</path>
         <kind>object</kind>
         <file>pin_mux_config.obj</file>
         <name>pin_mux_config.obj</name>
      </input_file>
      <input_file id="fl-3">
         <path>./</path>
         <kind>object</kind>
         <file>startup_ccs.obj</file>
         <name>startup_ccs.obj</name>
      </input_file>
      <input_file id="fl-4">
         <path>./</path>
         <kind>object</kind>
         <file>uart_if.obj</file>
         <name>uart_if.obj</name>
      </input_file>
      <input_file id="fl-5">
         <path>./oled/</path>
         <kind>object</kind>
         <file>Adafruit_GFX.obj</file>
         <name>Adafruit_GFX.obj</name>
      </input_file>
      <input_file id="fl-6">
         <path>./oled/</path>
         <kind>object</kind>
         <file>Adafruit_OLED.obj</file>
         <name>Adafruit_OLED.obj</name>
      </input_file>
      <input_file id="fl-7">
         <path>./oled/</path>
         <kind>object</kind>
         <file>oled_test.obj</file>
         <name>oled_test.obj</name>
      </input_file>
      <input_file id="fl-c">
         <kind>object</kind>
         <file>&lt;internal&gt;</file>
         <name>&lt;internal&gt;</name>
      </input_file>
      <input_file id="fl-d">
         <path>/Applications/TI/lib/cc3200sdk_1.5.0/cc3200-sdk/driverlib/ccs/Release/</path>
         <kind>archive</kind>
         <file>driverlib.a</file>
         <name>gpio.obj</name>
      </input_file>
      <input_file id="fl-e">
         <path>/Applications/TI/lib/cc3200sdk_1.5.0/cc3200-sdk/driverlib/ccs/Release/</path>
         <kind>archive</kind>
         <file>driverlib.a</file>
         <name>interrupt.obj</name>
      </input_file>
      <input_file id="fl-f">
         <path>/Applications/TI/lib/cc3200sdk_1.5.0/cc3200-sdk/driverlib/ccs/Release/</path>
         <kind>archive</kind>
         <file>driverlib.a</file>
         <name>pin.obj</name>
      </input_file>
      <input_file id="fl-10">
         <path>/Applications/TI/lib/cc3200sdk_1.5.0/cc3200-sdk/driverlib/ccs/Release/</path>
         <kind>archive</kind>
         <file>driverlib.a</file>
         <name>prcm.obj</name>
      </input_file>
      <input_file id="fl-11">
         <path>/Applications/TI/lib/cc3200sdk_1.5.0/cc3200-sdk/driverlib/ccs/Release/</path>
         <kind>archive</kind>
         <file>driverlib.a</file>
         <name>spi.obj</name>
      </input_file>
      <input_file id="fl-12">
         <path>/Applications/TI/lib/cc3200sdk_1.5.0/cc3200-sdk/driverlib/ccs/Release/</path>
         <kind>archive</kind>
         <file>driverlib.a</file>
         <name>uart.obj</name>
      </input_file>
      <input_file id="fl-13">
         <path>/Applications/TI/lib/cc3200sdk_1.5.0/cc3200-sdk/driverlib/ccs/Release/</path>
         <kind>archive</kind>
         <file>driverlib.a</file>
         <name>utils.obj</name>
      </input_file>
      <input_file id="fl-14">
         <path>/Applications/TI/lib/cc3200sdk_1.5.0/cc3200-sdk/driverlib/ccs/Release/</path>
         <kind>archive</kind>
         <file>driverlib.a</file>
         <name>cpu.obj</name>
      </input_file>
      <input_file id="fl-15">
         <path>/Applications/TI/lib/cc3200sdk_1.5.0/cc3200-sdk/driverlib/ccs/Release/</path>
         <kind>archive</kind>
         <file>driverlib.a</file>
         <name>flash.obj</name>
      </input_file>
      <input_file id="fl-cb">
         <path>/Applications/TI/ccs/tools/compiler/ti-cgt-arm_20.2.7.LTS/lib/</path>
         <kind>archive</kind>
         <file>rtsv7M4_T_le_eabi.lib</file>
         <name>vsnprintf.c.obj</name>
      </input_file>
      <input_file id="fl-cc">
         <path>/Applications/TI/ccs/tools/compiler/ti-cgt-arm_20.2.7.LTS/lib/</path>
         <kind>archive</kind>
         <file>rtsv7M4_T_le_eabi.lib</file>
         <name>memcpy_t2.asm.obj</name>
      </input_file>
      <input_file id="fl-cd">
         <path>/Applications/TI/ccs/tools/compiler/ti-cgt-arm_20.2.7.LTS/lib/</path>
         <kind>archive</kind>
         <file>rtsv7M4_T_le_eabi.lib</file>
         <name>ull_div_t2.asm.obj</name>
      </input_file>
      <input_file id="fl-ce">
         <path>/Applications/TI/ccs/tools/compiler/ti-cgt-arm_20.2.7.LTS/lib/</path>
         <kind>archive</kind>
         <file>rtsv7M4_T_le_eabi.lib</file>
         <name>copy_zero_init.c.obj</name>
      </input_file>
      <input_file id="fl-cf">
         <path>/Applications/TI/ccs/tools/compiler/ti-cgt-arm_20.2.7.LTS/lib/</path>
         <kind>archive</kind>
         <file>rtsv7M4_T_le_eabi.lib</file>
         <name>copy_decompress_none.c.obj</name>
      </input_file>
      <input_file id="fl-d0">
         <path>/Applications/TI/ccs/tools/compiler/ti-cgt-arm_20.2.7.LTS/lib/</path>
         <kind>archive</kind>
         <file>rtsv7M4_T_le_eabi.lib</file>
         <name>copy_decompress_lzss.c.obj</name>
      </input_file>
      <input_file id="fl-d1">
         <path>/Applications/TI/ccs/tools/compiler/ti-cgt-arm_20.2.7.LTS/lib/</path>
         <kind>archive</kind>
         <file>rtsv7M4_T_le_eabi.lib</file>
         <name>memmov.c.obj</name>
      </input_file>
      <input_file id="fl-d2">
         <path>/Applications/TI/ccs/tools/compiler/ti-cgt-arm_20.2.7.LTS/lib/</path>
         <kind>archive</kind>
         <file>rtsv7M4_T_le_eabi.lib</file>
         <name>memory.c.obj</name>
      </input_file>
      <input_file id="fl-d3">
         <path>/Applications/TI/ccs/tools/compiler/ti-cgt-arm_20.2.7.LTS/lib/</path>
         <kind>archive</kind>
         <file>rtsv7M4_T_le_eabi.lib</file>
         <name>strlen.c.obj</name>
      </input_file>
      <input_file id="fl-d4">
         <path>/Applications/TI/ccs/tools/compiler/ti-cgt-arm_20.2.7.LTS/lib/</path>
         <kind>archive</kind>
         <file>rtsv7M4_T_le_eabi.lib</file>
         <name>boot_cortex_m.c.obj</name>
      </input_file>
      <input_file id="fl-d5">
         <path>/Applications/TI/ccs/tools/compiler/ti-cgt-arm_20.2.7.LTS/lib/</path>
         <kind>archive</kind>
         <file>rtsv7M4_T_le_eabi.lib</file>
         <name>_printfi.c.obj</name>
      </input_file>
      <input_file id="fl-d6">
         <path>/Applications/TI/ccs/tools/compiler/ti-cgt-arm_20.2.7.LTS/lib/</path>
         <kind>archive</kind>
         <file>rtsv7M4_T_le_eabi.lib</file>
         <name>div0.asm.obj</name>
      </input_file>
      <input_file id="fl-d7">
         <path>/Applications/TI/ccs/tools/compiler/ti-cgt-arm_20.2.7.LTS/lib/</path>
         <kind>archive</kind>
         <file>rtsv7M4_T_le_eabi.lib</file>
         <name>fd_add_t2.asm.obj</name>
      </input_file>
      <input_file id="fl-d8">
         <path>/Applications/TI/ccs/tools/compiler/ti-cgt-arm_20.2.7.LTS/lib/</path>
         <kind>archive</kind>
         <file>rtsv7M4_T_le_eabi.lib</file>
         <name>fd_cmp_t2.asm.obj</name>
      </input_file>
      <input_file id="fl-d9">
         <path>/Applications/TI/ccs/tools/compiler/ti-cgt-arm_20.2.7.LTS/lib/</path>
         <kind>archive</kind>
         <file>rtsv7M4_T_le_eabi.lib</file>
         <name>fd_div_t2.asm.obj</name>
      </input_file>
      <input_file id="fl-da">
         <path>/Applications/TI/ccs/tools/compiler/ti-cgt-arm_20.2.7.LTS/lib/</path>
         <kind>archive</kind>
         <file>rtsv7M4_T_le_eabi.lib</file>
         <name>fd_mul_t2.asm.obj</name>
      </input_file>
      <input_file id="fl-db">
         <path>/Applications/TI/ccs/tools/compiler/ti-cgt-arm_20.2.7.LTS/lib/</path>
         <kind>archive</kind>
         <file>rtsv7M4_T_le_eabi.lib</file>
         <name>fd_toi_t2.asm.obj</name>
      </input_file>
      <input_file id="fl-dc">
         <path>/Applications/TI/ccs/tools/compiler/ti-cgt-arm_20.2.7.LTS/lib/</path>
         <kind>archive</kind>
         <file>rtsv7M4_T_le_eabi.lib</file>
         <name>i_tofd_t2.asm.obj</name>
      </input_file>
      <input_file id="fl-dd">
         <path>/Applications/TI/ccs/tools/compiler/ti-cgt-arm_20.2.7.LTS/lib/</path>
         <kind>archive</kind>
         <file>rtsv7M4_T_le_eabi.lib</file>
         <name>memset_t2.asm.obj</name>
      </input_file>
      <input_file id="fl-de">
         <path>/Applications/TI/ccs/tools/compiler/ti-cgt-arm_20.2.7.LTS/lib/</path>
         <kind>archive</kind>
         <file>rtsv7M4_T_le_eabi.lib</file>
         <name>autoinit.c.obj</name>
      </input_file>
      <input_file id="fl-df">
         <path>/Applications/TI/ccs/tools/compiler/ti-cgt-arm_20.2.7.LTS/lib/</path>
         <kind>archive</kind>
         <file>rtsv7M4_T_le_eabi.lib</file>
         <name>pre_init.c.obj</name>
      </input_file>
      <input_file id="fl-e0">
         <path>/Applications/TI/ccs/tools/compiler/ti-cgt-arm_20.2.7.LTS/lib/</path>
         <kind>archive</kind>
         <file>rtsv7M4_T_le_eabi.lib</file>
         <name>cpy_tbl.c.obj</name>
      </input_file>
      <input_file id="fl-e1">
         <path>/Applications/TI/ccs/tools/compiler/ti-cgt-arm_20.2.7.LTS/lib/</path>
         <kind>archive</kind>
         <file>rtsv7M4_T_le_eabi.lib</file>
         <name>exit.c.obj</name>
      </input_file>
      <input_file id="fl-e2">
         <path>/Applications/TI/ccs/tools/compiler/ti-cgt-arm_20.2.7.LTS/lib/</path>
         <kind>archive</kind>
         <file>rtsv7M4_T_le_eabi.lib</file>
         <name>_lock.c.obj</name>
      </input_file>
      <input_file id="fl-e3">
         <path>/Applications/TI/ccs/tools/compiler/ti-cgt-arm_20.2.7.LTS/lib/</path>
         <kind>archive</kind>
         <file>rtsv7M4_T_le_eabi.lib</file>
         <name>_ltoa.c.obj</name>
      </input_file>
      <input_file id="fl-e4">
         <path>/Applications/TI/ccs/tools/compiler/ti-cgt-arm_20.2.7.LTS/lib/</path>
         <kind>archive</kind>
         <file>rtsv7M4_T_le_eabi.lib</file>
         <name>args_main.c.obj</name>
      </input_file>
      <input_file id="fl-e5">
         <path>/Applications/TI/ccs/tools/compiler/ti-cgt-arm_20.2.7.LTS/lib/</path>
         <kind>archive</kind>
         <file>rtsv7M4_T_le_eabi.lib</file>
         <name>atoi.c.obj</name>
      </input_file>
      <input_file id="fl-e6">
         <path>/Applications/TI/ccs/tools/compiler/ti-cgt-arm_20.2.7.LTS/lib/</path>
         <kind>archive</kind>
         <file>rtsv7M4_T_le_eabi.lib</file>
         <name>ctype.c.obj</name>
      </input_file>
      <input_file id="fl-e7">
         <path>/Applications/TI/ccs/tools/compiler/ti-cgt-arm_20.2.7.LTS/lib/</path>
         <kind>archive</kind>
         <file>rtsv7M4_T_le_eabi.lib</file>
         <name>memccpy.c.obj</name>
      </input_file>
      <input_file id="fl-e8">
         <path>/Applications/TI/ccs/tools/compiler/ti-cgt-arm_20.2.7.LTS/lib/</path>
         <kind>archive</kind>
         <file>rtsv7M4_T_le_eabi.lib</file>
         <name>strchr.c.obj</name>
      </input_file>
      <input_file id="fl-e9">
         <path>/Applications/TI/ccs/tools/compiler/ti-cgt-arm_20.2.7.LTS/lib/</path>
         <kind>archive</kind>
         <file>rtsv7M4_T_le_eabi.lib</file>
         <name>errno.c.obj</name>
      </input_file>
      <input_file id="fl-ea">
         <path>/Applications/TI/ccs/tools/compiler/ti-cgt-arm_20.2.7.LTS/lib/</path>
         <kind>archive</kind>
         <file>rtsv7M4_T_le_eabi.lib</file>
         <name>wcslen.c.obj</name>
      </input_file>
      <input_file id="fl-eb">
         <path>/Applications/TI/ccs/tools/compiler/ti-cgt-arm_20.2.7.LTS/lib/</path>
         <kind>archive</kind>
         <file>rtsv7M4_T_le_eabi.lib</file>
         <name>s_frexp.c.obj</name>
      </input_file>
      <input_file id="fl-ec">
         <path>/Applications/TI/ccs/tools/compiler/ti-cgt-arm_20.2.7.LTS/lib/</path>
         <kind>archive</kind>
         <file>rtsv7M4_T_le_eabi.lib</file>
         <name>s_scalbn.c.obj</name>
      </input_file>
      <input_file id="fl-ed">
         <path>/Applications/TI/ccs/tools/compiler/ti-cgt-arm_20.2.7.LTS/lib/</path>
         <kind>archive</kind>
         <file>rtsv7M4_T_le_eabi.lib</file>
         <name>s_copysign.c.obj</name>
      </input_file>
   </input_file_list>
   <object_component_list>
      <object_component id="oc-12">
         <name>.intvecs</name>
         <load_address>0x20004000</load_address>
         <run_address>0x20004000</run_address>
         <size>0x400</size>
         <input_file_ref idref="fl-3"/>
      </object_component>
      <object_component id="oc-10d">
         <name>.text</name>
         <load_address>0x20004400</load_address>
         <run_address>0x20004400</run_address>
         <size>0xa80</size>
         <input_file_ref idref="fl-5"/>
      </object_component>
      <object_component id="oc-28f">
         <name>.text:__TI_printfi</name>
         <load_address>0x20004e80</load_address>
         <run_address>0x20004e80</run_address>
         <size>0xa4e</size>
         <input_file_ref idref="fl-d5"/>
      </object_component>
      <object_component id="oc-156">
         <name>.text</name>
         <load_address>0x200058ce</load_address>
         <run_address>0x200058ce</run_address>
         <size>0x712</size>
         <input_file_ref idref="fl-7"/>
      </object_component>
      <object_component id="oc-97">
         <name>.text</name>
         <load_address>0x20005fe0</load_address>
         <run_address>0x20005fe0</run_address>
         <size>0x514</size>
         <input_file_ref idref="fl-1"/>
      </object_component>
      <object_component id="oc-14f">
         <name>.text</name>
         <load_address>0x200064f4</load_address>
         <run_address>0x200064f4</run_address>
         <size>0x4b2</size>
         <input_file_ref idref="fl-6"/>
      </object_component>
      <object_component id="oc-311">
         <name>.text:_nop</name>
         <load_address>0x200069a6</load_address>
         <run_address>0x200069a6</run_address>
         <size>0x2</size>
         <input_file_ref idref="fl-e2"/>
      </object_component>
      <object_component id="oc-dd">
         <name>.text</name>
         <load_address>0x200069a8</load_address>
         <run_address>0x200069a8</run_address>
         <size>0x27c</size>
         <input_file_ref idref="fl-4"/>
      </object_component>
      <object_component id="oc-355">
         <name>.text:_pconv_a</name>
         <load_address>0x20006c24</load_address>
         <run_address>0x20006c24</run_address>
         <size>0x268</size>
         <input_file_ref idref="fl-d5"/>
      </object_component>
      <object_component id="oc-343">
         <name>.text:_pconv_g</name>
         <load_address>0x20006e8c</load_address>
         <run_address>0x20006e8c</run_address>
         <size>0x1cc</size>
         <input_file_ref idref="fl-d5"/>
      </object_component>
      <object_component id="oc-3c8">
         <name>.text</name>
         <load_address>0x20007058</load_address>
         <run_address>0x20007058</run_address>
         <size>0x1b6</size>
         <input_file_ref idref="fl-d7"/>
      </object_component>
      <object_component id="oc-41e">
         <name>.text</name>
         <load_address>0x2000720e</load_address>
         <run_address>0x2000720e</run_address>
         <size>0x2</size>
         <input_file_ref idref="fl-d6"/>
      </object_component>
      <object_component id="oc-125">
         <name>.text:PRCMCC3200MCUInit</name>
         <load_address>0x20007210</load_address>
         <run_address>0x20007210</run_address>
         <size>0x178</size>
         <input_file_ref idref="fl-10"/>
      </object_component>
      <object_component id="oc-34f">
         <name>.text:_pconv_e</name>
         <load_address>0x20007388</load_address>
         <run_address>0x20007388</run_address>
         <size>0x13c</size>
         <input_file_ref idref="fl-d5"/>
      </object_component>
      <object_component id="oc-3ae">
         <name>.text</name>
         <load_address>0x200074c4</load_address>
         <run_address>0x200074c4</run_address>
         <size>0x136</size>
         <input_file_ref idref="fl-d9"/>
      </object_component>
      <object_component id="oc-3da">
         <name>.text:fcvt</name>
         <load_address>0x200075fc</load_address>
         <run_address>0x200075fc</run_address>
         <size>0x120</size>
         <input_file_ref idref="fl-d5"/>
      </object_component>
      <object_component id="oc-137">
         <name>.text</name>
         <load_address>0x2000771c</load_address>
         <run_address>0x2000771c</run_address>
         <size>0x110</size>
         <input_file_ref idref="fl-2"/>
      </object_component>
      <object_component id="oc-2b3">
         <name>.text:aligned_alloc</name>
         <load_address>0x2000782c</load_address>
         <run_address>0x2000782c</run_address>
         <size>0x100</size>
         <input_file_ref idref="fl-d2"/>
      </object_component>
      <object_component id="oc-3a9">
         <name>.text</name>
         <load_address>0x2000792c</load_address>
         <run_address>0x2000792c</run_address>
         <size>0xfc</size>
         <input_file_ref idref="fl-da"/>
      </object_component>
      <object_component id="oc-1cf">
         <name>.text:free</name>
         <load_address>0x20007a28</load_address>
         <run_address>0x20007a28</run_address>
         <size>0xe4</size>
         <input_file_ref idref="fl-d2"/>
      </object_component>
      <object_component id="oc-1c9">
         <name>.text:realloc</name>
         <load_address>0x20007b0c</load_address>
         <run_address>0x20007b0c</run_address>
         <size>0xe4</size>
         <input_file_ref idref="fl-d2"/>
      </object_component>
      <object_component id="oc-1f1">
         <name>.text:SPITransfer32</name>
         <load_address>0x20007bf0</load_address>
         <run_address>0x20007bf0</run_address>
         <size>0xd0</size>
         <input_file_ref idref="fl-11"/>
      </object_component>
      <object_component id="oc-3ee">
         <name>.text:scalbn</name>
         <load_address>0x20007cc0</load_address>
         <run_address>0x20007cc0</run_address>
         <size>0xd0</size>
         <input_file_ref idref="fl-ec"/>
      </object_component>
      <object_component id="oc-1eb">
         <name>.text:SPITransfer16</name>
         <load_address>0x20007d90</load_address>
         <run_address>0x20007d90</run_address>
         <size>0xce</size>
         <input_file_ref idref="fl-11"/>
      </object_component>
      <object_component id="oc-1e5">
         <name>.text:SPITransfer8</name>
         <load_address>0x20007e5e</load_address>
         <run_address>0x20007e5e</run_address>
         <size>0xb8</size>
         <input_file_ref idref="fl-11"/>
      </object_component>
      <object_component id="oc-338">
         <name>.text:_ltostr</name>
         <load_address>0x20007f18</load_address>
         <run_address>0x20007f18</run_address>
         <size>0xb1</size>
         <input_file_ref idref="fl-d5"/>
      </object_component>
      <object_component id="oc-11f">
         <name>.text:IntEnable</name>
         <load_address>0x20007fcc</load_address>
         <run_address>0x20007fcc</run_address>
         <size>0xa8</size>
         <input_file_ref idref="fl-e"/>
      </object_component>
      <object_component id="oc-d1">
         <name>.text:SPIConfigSetExpClk</name>
         <load_address>0x20008074</load_address>
         <run_address>0x20008074</run_address>
         <size>0xa0</size>
         <input_file_ref idref="fl-11"/>
      </object_component>
      <object_component id="oc-3d">
         <name>.text</name>
         <load_address>0x20008114</load_address>
         <run_address>0x20008114</run_address>
         <size>0x9c</size>
         <input_file_ref idref="fl-cc"/>
      </object_component>
      <object_component id="oc-3a2">
         <name>.text</name>
         <load_address>0x200081b0</load_address>
         <run_address>0x200081b0</run_address>
         <size>0x96</size>
         <input_file_ref idref="fl-cd"/>
      </object_component>
      <object_component id="oc-cb">
         <name>.text:PRCMPeripheralClockGet</name>
         <load_address>0x20008248</load_address>
         <run_address>0x20008248</run_address>
         <size>0x94</size>
         <input_file_ref idref="fl-10"/>
      </object_component>
      <object_component id="oc-2fa">
         <name>.text:PinConfigSet</name>
         <load_address>0x200082dc</load_address>
         <run_address>0x200082dc</run_address>
         <size>0x88</size>
         <input_file_ref idref="fl-f"/>
      </object_component>
      <object_component id="oc-e9">
         <name>.text:SPITransfer</name>
         <load_address>0x20008364</load_address>
         <run_address>0x20008364</run_address>
         <size>0x88</size>
         <input_file_ref idref="fl-11"/>
      </object_component>
      <object_component id="oc-33e">
         <name>.text:__aeabi_cdcmple</name>
         <load_address>0x200083ec</load_address>
         <run_address>0x200083ec</run_address>
         <size>0x86</size>
         <input_file_ref idref="fl-d8"/>
      </object_component>
      <object_component id="oc-3b3">
         <name>.text:__aeabi_cdrcmple</name>
         <load_address>0x20008472</load_address>
         <run_address>0x20008472</run_address>
         <size>0x86</size>
         <input_file_ref idref="fl-d8"/>
      </object_component>
      <object_component id="oc-8b">
         <name>.text</name>
         <load_address>0x200084f8</load_address>
         <run_address>0x200084f8</run_address>
         <size>0x7a</size>
         <input_file_ref idref="fl-dd"/>
      </object_component>
      <object_component id="oc-19f">
         <name>.text:UARTConfigSetExpClk</name>
         <load_address>0x20008572</load_address>
         <run_address>0x20008572</run_address>
         <size>0x76</size>
         <input_file_ref idref="fl-12"/>
      </object_component>
      <object_component id="oc-2c0">
         <name>.text:split</name>
         <load_address>0x200085e8</load_address>
         <run_address>0x200085e8</run_address>
         <size>0x70</size>
         <input_file_ref idref="fl-d2"/>
      </object_component>
      <object_component id="oc-3d3">
         <name>.text:_mcpy</name>
         <load_address>0x20008658</load_address>
         <run_address>0x20008658</run_address>
         <size>0x6e</size>
         <input_file_ref idref="fl-d5"/>
      </object_component>
      <object_component id="oc-15">
         <name>.text:decompress:lzss:__TI_decompress_lzss</name>
         <load_address>0x200086c6</load_address>
         <run_address>0x200086c6</run_address>
         <size>0x68</size>
         <input_file_ref idref="fl-d0"/>
      </object_component>
      <object_component id="oc-3e8">
         <name>.text:frexp</name>
         <load_address>0x20008730</load_address>
         <run_address>0x20008730</run_address>
         <size>0x5c</size>
         <input_file_ref idref="fl-eb"/>
      </object_component>
      <object_component id="oc-143">
         <name>.text:PRCMPeripheralReset</name>
         <load_address>0x2000878c</load_address>
         <run_address>0x2000878c</run_address>
         <size>0x58</size>
         <input_file_ref idref="fl-10"/>
      </object_component>
      <object_component id="oc-349">
         <name>.text:_pconv_f</name>
         <load_address>0x200087e4</load_address>
         <run_address>0x200087e4</run_address>
         <size>0x56</size>
         <input_file_ref idref="fl-d5"/>
      </object_component>
      <object_component id="oc-3bd">
         <name>.text:__TI_ltoa</name>
         <load_address>0x2000883a</load_address>
         <run_address>0x2000883a</run_address>
         <size>0x54</size>
         <input_file_ref idref="fl-e3"/>
      </object_component>
      <object_component id="oc-3cd">
         <name>.text:_ecpy</name>
         <load_address>0x2000888e</load_address>
         <run_address>0x2000888e</run_address>
         <size>0x52</size>
         <input_file_ref idref="fl-d5"/>
      </object_component>
      <object_component id="oc-332">
         <name>.text:atoi</name>
         <load_address>0x200088e0</load_address>
         <run_address>0x200088e0</run_address>
         <size>0x4c</size>
         <input_file_ref idref="fl-e5"/>
      </object_component>
      <object_component id="oc-3b8">
         <name>.text</name>
         <load_address>0x2000892c</load_address>
         <run_address>0x2000892c</run_address>
         <size>0x48</size>
         <input_file_ref idref="fl-db"/>
      </object_component>
      <object_component id="oc-169">
         <name>.text:__TI_auto_init_nobinit_nopinit:__TI_auto_init_nobinit_nopinit</name>
         <load_address>0x20008974</load_address>
         <run_address>0x20008974</run_address>
         <size>0x44</size>
         <input_file_ref idref="fl-de"/>
      </object_component>
      <object_component id="oc-239">
         <name>.text:PinModeSet</name>
         <load_address>0x200089b8</load_address>
         <run_address>0x200089b8</run_address>
         <size>0x40</size>
         <input_file_ref idref="fl-f"/>
      </object_component>
      <object_component id="oc-1a5">
         <name>.text:vsnprintf</name>
         <load_address>0x200089f8</load_address>
         <run_address>0x200089f8</run_address>
         <size>0x40</size>
         <input_file_ref idref="fl-cb"/>
      </object_component>
      <object_component id="oc-3e0">
         <name>.text:_fcpy</name>
         <load_address>0x20008a38</load_address>
         <run_address>0x20008a38</run_address>
         <size>0x3e</size>
         <input_file_ref idref="fl-d5"/>
      </object_component>
      <object_component id="oc-13d">
         <name>.text:PRCMPeripheralClkEnable</name>
         <load_address>0x20008a78</load_address>
         <run_address>0x20008a78</run_address>
         <size>0x3c</size>
         <input_file_ref idref="fl-10"/>
      </object_component>
      <object_component id="oc-245">
         <name>.text:GPIODirModeSet</name>
         <load_address>0x20008ab4</load_address>
         <run_address>0x20008ab4</run_address>
         <size>0x36</size>
         <input_file_ref idref="fl-d"/>
      </object_component>
      <object_component id="oc-23f">
         <name>.text:PinTypeGPIO</name>
         <load_address>0x20008aea</load_address>
         <run_address>0x20008aea</run_address>
         <size>0x30</size>
         <input_file_ref idref="fl-f"/>
      </object_component>
      <object_component id="oc-282">
         <name>.text:UARTDisable</name>
         <load_address>0x20008b1c</load_address>
         <run_address>0x20008b1c</run_address>
         <size>0x30</size>
         <input_file_ref idref="fl-12"/>
      </object_component>
      <object_component id="oc-295">
         <name>.text:_outs</name>
         <load_address>0x20008b4c</load_address>
         <run_address>0x20008b4c</run_address>
         <size>0x30</size>
         <input_file_ref idref="fl-cb"/>
      </object_component>
      <object_component id="oc-3c3">
         <name>.text</name>
         <load_address>0x20008b7c</load_address>
         <run_address>0x20008b7c</run_address>
         <size>0x2e</size>
         <input_file_ref idref="fl-dc"/>
      </object_component>
      <object_component id="oc-217">
         <name>.text:PRCMSysResetCauseGet</name>
         <load_address>0x20008bac</load_address>
         <run_address>0x20008bac</run_address>
         <size>0x2c</size>
         <input_file_ref idref="fl-10"/>
      </object_component>
      <object_component id="oc-229">
         <name>.text:PRCMPeripheralClkDisable</name>
         <load_address>0x20008bd8</load_address>
         <run_address>0x20008bd8</run_address>
         <size>0x28</size>
         <input_file_ref idref="fl-10"/>
      </object_component>
      <object_component id="oc-2c7">
         <name>.text:free_list_insert</name>
         <load_address>0x20008c00</load_address>
         <run_address>0x20008c00</run_address>
         <size>0x28</size>
         <input_file_ref idref="fl-d2"/>
      </object_component>
      <object_component id="oc-1bd">
         <name>.text:memmove</name>
         <load_address>0x20008c28</load_address>
         <run_address>0x20008c28</run_address>
         <size>0x28</size>
         <input_file_ref idref="fl-d1"/>
      </object_component>
      <object_component id="oc-288">
         <name>.text:UARTEnable</name>
         <load_address>0x20008c50</load_address>
         <run_address>0x20008c50</run_address>
         <size>0x24</size>
         <input_file_ref idref="fl-12"/>
      </object_component>
      <object_component id="oc-5b">
         <name>.text:_c_int00_noargs:_c_int00_noargs</name>
         <load_address>0x20008c74</load_address>
         <run_address>0x20008c74</run_address>
         <size>0x24</size>
         <input_file_ref idref="fl-d4"/>
      </object_component>
      <object_component id="oc-c5">
         <name>.text:SPIReset</name>
         <load_address>0x20008c98</load_address>
         <run_address>0x20008c98</run_address>
         <size>0x22</size>
         <input_file_ref idref="fl-11"/>
      </object_component>
      <object_component id="oc-149">
         <name>.text:GPIOPinWrite</name>
         <load_address>0x20008cba</load_address>
         <run_address>0x20008cba</run_address>
         <size>0x20</size>
         <input_file_ref idref="fl-d"/>
      </object_component>
      <object_component id="oc-101">
         <name>.text:SPIDataGet</name>
         <load_address>0x20008cda</load_address>
         <run_address>0x20008cda</run_address>
         <size>0x20</size>
         <input_file_ref idref="fl-11"/>
      </object_component>
      <object_component id="oc-fb">
         <name>.text:SPIDataPut</name>
         <load_address>0x20008cfa</load_address>
         <run_address>0x20008cfa</run_address>
         <size>0x1e</size>
         <input_file_ref idref="fl-11"/>
      </object_component>
      <object_component id="oc-f5">
         <name>.text:UARTCharPut</name>
         <load_address>0x20008d18</load_address>
         <run_address>0x20008d18</run_address>
         <size>0x1e</size>
         <input_file_ref idref="fl-12"/>
      </object_component>
      <object_component id="oc-1b1">
         <name>.text:UARTCharGetNonBlocking</name>
         <load_address>0x20008d36</load_address>
         <run_address>0x20008d36</run_address>
         <size>0x1c</size>
         <input_file_ref idref="fl-12"/>
      </object_component>
      <object_component id="oc-49">
         <name>.text:decompress:ZI:__TI_zero_init_nomemset:__TI_zero_init_nomemset</name>
         <load_address>0x20008d52</load_address>
         <run_address>0x20008d52</run_address>
         <size>0x1c</size>
         <input_file_ref idref="fl-ce"/>
      </object_component>
      <object_component id="oc-2ba">
         <name>.text:free_list_remove</name>
         <load_address>0x20008d70</load_address>
         <run_address>0x20008d70</run_address>
         <size>0x1c</size>
         <input_file_ref idref="fl-d2"/>
      </object_component>
      <object_component id="oc-35b">
         <name>.text:memccpy</name>
         <load_address>0x20008d8c</load_address>
         <run_address>0x20008d8c</run_address>
         <size>0x1c</size>
         <input_file_ref idref="fl-e7"/>
      </object_component>
      <object_component id="oc-24b">
         <name>.text:PinTypeSPI</name>
         <load_address>0x20008da8</load_address>
         <run_address>0x20008da8</run_address>
         <size>0x1a</size>
         <input_file_ref idref="fl-f"/>
      </object_component>
      <object_component id="oc-251">
         <name>.text:PinTypeUART</name>
         <load_address>0x20008dc2</load_address>
         <run_address>0x20008dc2</run_address>
         <size>0x1a</size>
         <input_file_ref idref="fl-f"/>
      </object_component>
      <object_component id="oc-107">
         <name>.text:SPICSDisable</name>
         <load_address>0x20008ddc</load_address>
         <run_address>0x20008ddc</run_address>
         <size>0x18</size>
         <input_file_ref idref="fl-11"/>
      </object_component>
      <object_component id="oc-ef">
         <name>.text:SPICSEnable</name>
         <load_address>0x20008df4</load_address>
         <run_address>0x20008df4</run_address>
         <size>0x18</size>
         <input_file_ref idref="fl-11"/>
      </object_component>
      <object_component id="oc-d7">
         <name>.text:SPIEnable</name>
         <load_address>0x20008e0c</load_address>
         <run_address>0x20008e0c</run_address>
         <size>0x18</size>
         <input_file_ref idref="fl-11"/>
      </object_component>
      <object_component id="oc-1ab">
         <name>.text:UARTCharsAvail</name>
         <load_address>0x20008e24</load_address>
         <run_address>0x20008e24</run_address>
         <size>0x18</size>
         <input_file_ref idref="fl-12"/>
      </object_component>
      <object_component id="oc-29b">
         <name>.text:_outc</name>
         <load_address>0x20008e3c</load_address>
         <run_address>0x20008e3c</run_address>
         <size>0x18</size>
         <input_file_ref idref="fl-cb"/>
      </object_component>
      <object_component id="oc-21d">
         <name>.text:PRCMHIBRegRead</name>
         <load_address>0x20008e54</load_address>
         <run_address>0x20008e54</run_address>
         <size>0x16</size>
         <input_file_ref idref="fl-10"/>
      </object_component>
      <object_component id="oc-223">
         <name>.text:PRCMHIBRegWrite</name>
         <load_address>0x20008e6a</load_address>
         <run_address>0x20008e6a</run_address>
         <size>0x16</size>
         <input_file_ref idref="fl-10"/>
      </object_component>
      <object_component id="oc-e3">
         <name>.text:UARTCharGet</name>
         <load_address>0x20008e80</load_address>
         <run_address>0x20008e80</run_address>
         <size>0x16</size>
         <input_file_ref idref="fl-12"/>
      </object_component>
      <object_component id="oc-3f4">
         <name>.text:strchr</name>
         <load_address>0x20008e96</load_address>
         <run_address>0x20008e96</run_address>
         <size>0x16</size>
         <input_file_ref idref="fl-e8"/>
      </object_component>
      <object_component id="oc-207">
         <name>.text:CPUcpsie</name>
         <load_address>0x20008eac</load_address>
         <run_address>0x20008eac</run_address>
         <size>0x14</size>
         <input_file_ref idref="fl-14"/>
      </object_component>
      <object_component id="oc-113">
         <name>.text:IntVTableBaseSet</name>
         <load_address>0x20008ec0</load_address>
         <run_address>0x20008ec0</run_address>
         <size>0x14</size>
         <input_file_ref idref="fl-e"/>
      </object_component>
      <object_component id="oc-1b7">
         <name>.text:strlen</name>
         <load_address>0x20008ed4</load_address>
         <run_address>0x20008ed4</run_address>
         <size>0x14</size>
         <input_file_ref idref="fl-d3"/>
      </object_component>
      <object_component id="oc-361">
         <name>.text:wcslen</name>
         <load_address>0x20008ee8</load_address>
         <run_address>0x20008ee8</run_address>
         <size>0x12</size>
         <input_file_ref idref="fl-ea"/>
      </object_component>
      <object_component id="oc-1b">
         <name>.text:decompress:none:__TI_decompress_none</name>
         <load_address>0x20008efa</load_address>
         <run_address>0x20008efa</run_address>
         <size>0xe</size>
         <input_file_ref idref="fl-cf"/>
      </object_component>
      <object_component id="oc-29">
         <name>.text</name>
         <load_address>0x20008f08</load_address>
         <run_address>0x20008f08</run_address>
         <size>0xe</size>
         <input_file_ref idref="fl-3"/>
      </object_component>
      <object_component id="oc-437">
         <name>.text:copysign</name>
         <load_address>0x20008f16</load_address>
         <run_address>0x20008f16</run_address>
         <size>0xc</size>
         <input_file_ref idref="fl-ed"/>
      </object_component>
      <object_component id="oc-119">
         <name>.text:IntMasterEnable</name>
         <load_address>0x20008f22</load_address>
         <run_address>0x20008f22</run_address>
         <size>0xa</size>
         <input_file_ref idref="fl-e"/>
      </object_component>
      <object_component id="oc-367">
         <name>.text:__aeabi_errno_addr</name>
         <load_address>0x20008f2c</load_address>
         <run_address>0x20008f2c</run_address>
         <size>0x8</size>
         <input_file_ref idref="fl-e9"/>
      </object_component>
      <object_component id="oc-1c3">
         <name>.text:malloc</name>
         <load_address>0x20008f34</load_address>
         <run_address>0x20008f34</run_address>
         <size>0x8</size>
         <input_file_ref idref="fl-d2"/>
      </object_component>
      <object_component id="oc-155">
         <name>.text:UtilsDelay</name>
         <load_address>0x20008f3c</load_address>
         <run_address>0x20008f3c</run_address>
         <size>0x6</size>
         <input_file_ref idref="fl-13"/>
      </object_component>
      <object_component id="oc-91">
         <name>.text:_system_pre_init</name>
         <load_address>0x20008f42</load_address>
         <run_address>0x20008f42</run_address>
         <size>0x4</size>
         <input_file_ref idref="fl-df"/>
      </object_component>
      <object_component id="oc-15d">
         <name>.text:abort:abort</name>
         <load_address>0x20008f46</load_address>
         <run_address>0x20008f46</run_address>
         <size>0x4</size>
         <input_file_ref idref="fl-e1"/>
      </object_component>
      <object_component id="oc-1fe">
         <name>.const:.string:font</name>
         <load_address>0x20008f4c</load_address>
         <run_address>0x20008f4c</run_address>
         <size>0x4fb</size>
         <input_file_ref idref="fl-5"/>
      </object_component>
      <object_component id="oc-134">
         <name>.const:.string:font</name>
         <load_address>0x20009447</load_address>
         <run_address>0x20009447</run_address>
         <size>0x4fb</size>
         <input_file_ref idref="fl-1"/>
      </object_component>
      <object_component id="oc-39d">
         <name>.const:.string:_ctypes_</name>
         <load_address>0x20009942</load_address>
         <run_address>0x20009942</run_address>
         <size>0x101</size>
         <input_file_ref idref="fl-e6"/>
      </object_component>
      <object_component id="oc-2f6">
         <name>.const:g_ulPinToPadMap</name>
         <load_address>0x20009a44</load_address>
         <run_address>0x20009a44</run_address>
         <size>0x100</size>
         <input_file_ref idref="fl-f"/>
      </object_component>
      <object_component id="oc-258">
         <name>.const:PRCM_PeriphRegsList</name>
         <load_address>0x20009b44</load_address>
         <run_address>0x20009b44</run_address>
         <size>0xa8</size>
         <input_file_ref idref="fl-10"/>
      </object_component>
      <object_component id="oc-213">
         <name>.const:g_pulEnRegs</name>
         <load_address>0x20009bec</load_address>
         <run_address>0x20009bec</run_address>
         <size>0x18</size>
         <input_file_ref idref="fl-e"/>
      </object_component>
      <object_component id="oc-48f">
         <name>.cinit..data.load</name>
         <load_address>0x20009c08</load_address>
         <run_address>0x20009c08</run_address>
         <size>0x20</size>
      </object_component>
      <object_component id="oc-48d">
         <name>__TI_handler_table</name>
         <load_address>0x20009c28</load_address>
         <run_address>0x20009c28</run_address>
         <size>0xc</size>
      </object_component>
      <object_component id="oc-490">
         <name>.cinit..bss.load</name>
         <load_address>0x20009c38</load_address>
         <run_address>0x20009c38</run_address>
         <size>0x8</size>
      </object_component>
      <object_component id="oc-48e">
         <name>__TI_cinit_table</name>
         <load_address>0x20009c40</load_address>
         <run_address>0x20009c40</run_address>
         <size>0x10</size>
      </object_component>
      <object_component id="oc-201">
         <name>.data</name>
         <load_address>0x200178d0</load_address>
         <run_address>0x200178d0</run_address>
         <size>0x15</size>
         <input_file_ref idref="fl-5"/>
      </object_component>
      <object_component id="oc-381">
         <name>.data:$O1$$</name>
         <load_address>0x200178f0</load_address>
         <run_address>0x200178f0</run_address>
         <size>0x8</size>
         <input_file_ref idref="fl-d2"/>
      </object_component>
      <object_component id="oc-266">
         <name>.data:$O1$$</name>
         <load_address>0x200178e8</load_address>
         <run_address>0x200178e8</run_address>
         <size>0x8</size>
         <input_file_ref idref="fl-e2"/>
      </object_component>
      <object_component id="oc-404">
         <name>.data</name>
         <load_address>0x200178f8</load_address>
         <run_address>0x200178f8</run_address>
         <size>0x4</size>
         <input_file_ref idref="fl-e9"/>
      </object_component>
      <object_component id="oc-12b">
         <name>.bss:g_ucTxBuff</name>
         <uninitialized>true</uninitialized>
         <run_address>0x20017864</run_address>
         <size>0x64</size>
         <input_file_ref idref="fl-1"/>
      </object_component>
      <object_component id="oc-131">
         <name>.bss:g_ucRxBuff</name>
         <uninitialized>true</uninitialized>
         <run_address>0x20017800</run_address>
         <size>0x64</size>
         <input_file_ref idref="fl-1"/>
      </object_component>
      <object_component id="oc-12e">
         <name>.bss</name>
         <uninitialized>true</uninitialized>
         <run_address>0x200178cc</run_address>
         <size>0x2</size>
         <input_file_ref idref="fl-1"/>
      </object_component>
      <object_component id="oc-1d5">
         <name>.bss</name>
         <uninitialized>true</uninitialized>
         <run_address>0x200178c8</run_address>
         <size>0x4</size>
         <input_file_ref idref="fl-4"/>
      </object_component>
      <object_component id="oc-23">
         <name>.sysmem</name>
         <uninitialized>true</uninitialized>
         <run_address>0x20017000</run_address>
         <size>0x10</size>
         <input_file_ref idref="fl-d2"/>
      </object_component>
      <object_component id="oc-493">
         <name>.sysmem</name>
         <uninitialized>true</uninitialized>
         <run_address>0x20017000</run_address>
         <size>0x0</size>
      </object_component>
      <object_component id="oc-26">
         <name>.stack</name>
         <uninitialized>true</uninitialized>
         <run_address>0x2002f800</run_address>
         <size>0x4</size>
         <input_file_ref idref="fl-d4"/>
      </object_component>
      <object_component id="oc-492">
         <name>.stack</name>
         <uninitialized>true</uninitialized>
         <run_address>0x2002f800</run_address>
         <size>0x0</size>
      </object_component>
      <object_component id="oc-232">
         <name>.debug_info</name>
         <load_address>0x0</load_address>
         <run_address>0x0</run_address>
         <size>0x8c8</size>
         <input_file_ref idref="fl-1"/>
      </object_component>
      <object_component id="oc-135">
         <name>.debug_info</name>
         <load_address>0x8c8</load_address>
         <run_address>0x8c8</run_address>
         <size>0xc6</size>
         <input_file_ref idref="fl-1"/>
      </object_component>
      <object_component id="oc-12c">
         <name>.debug_info</name>
         <load_address>0x98e</load_address>
         <run_address>0x98e</run_address>
         <size>0xd2</size>
         <input_file_ref idref="fl-1"/>
      </object_component>
      <object_component id="oc-132">
         <name>.debug_info</name>
         <load_address>0xa60</load_address>
         <run_address>0xa60</run_address>
         <size>0xd2</size>
         <input_file_ref idref="fl-1"/>
      </object_component>
      <object_component id="oc-12f">
         <name>.debug_info</name>
         <load_address>0xb32</load_address>
         <run_address>0xb32</run_address>
         <size>0xfa</size>
         <input_file_ref idref="fl-1"/>
      </object_component>
      <object_component id="oc-98">
         <name>.debug_info</name>
         <load_address>0xc2c</load_address>
         <run_address>0xc2c</run_address>
         <size>0x8b2</size>
         <input_file_ref idref="fl-1"/>
      </object_component>
      <object_component id="oc-308">
         <name>.debug_info</name>
         <load_address>0x14de</load_address>
         <run_address>0x14de</run_address>
         <size>0x62</size>
         <input_file_ref idref="fl-1"/>
      </object_component>
      <object_component id="oc-38">
         <name>.debug_info</name>
         <load_address>0x1540</load_address>
         <run_address>0x1540</run_address>
         <size>0x84</size>
         <input_file_ref idref="fl-1"/>
      </object_component>
      <object_component id="oc-20e">
         <name>.debug_info</name>
         <load_address>0x15c4</load_address>
         <run_address>0x15c4</run_address>
         <size>0x2c</size>
         <input_file_ref idref="fl-1"/>
      </object_component>
      <object_component id="oc-bc">
         <name>.debug_info</name>
         <load_address>0x15f0</load_address>
         <run_address>0x15f0</run_address>
         <size>0x2c</size>
         <input_file_ref idref="fl-1"/>
      </object_component>
      <object_component id="oc-2d7">
         <name>.debug_info</name>
         <load_address>0x161c</load_address>
         <run_address>0x161c</run_address>
         <size>0x35</size>
         <input_file_ref idref="fl-1"/>
      </object_component>
      <object_component id="oc-138">
         <name>.debug_info</name>
         <load_address>0x1651</load_address>
         <run_address>0x1651</run_address>
         <size>0x373</size>
         <input_file_ref idref="fl-2"/>
      </object_component>
      <object_component id="oc-31">
         <name>.debug_info</name>
         <load_address>0x19c4</load_address>
         <run_address>0x19c4</run_address>
         <size>0x19b</size>
         <input_file_ref idref="fl-3"/>
      </object_component>
      <object_component id="oc-13">
         <name>.debug_info</name>
         <load_address>0x1b5f</load_address>
         <run_address>0x1b5f</run_address>
         <size>0x11a</size>
         <input_file_ref idref="fl-3"/>
      </object_component>
      <object_component id="oc-2a">
         <name>.debug_info</name>
         <load_address>0x1c79</load_address>
         <run_address>0x1c79</run_address>
         <size>0x4d1</size>
         <input_file_ref idref="fl-3"/>
      </object_component>
      <object_component id="oc-1d9">
         <name>.debug_info</name>
         <load_address>0x214a</load_address>
         <run_address>0x214a</run_address>
         <size>0x3aa</size>
         <input_file_ref idref="fl-4"/>
      </object_component>
      <object_component id="oc-1d6">
         <name>.debug_info</name>
         <load_address>0x24f4</load_address>
         <run_address>0x24f4</run_address>
         <size>0xd5</size>
         <input_file_ref idref="fl-4"/>
      </object_component>
      <object_component id="oc-df">
         <name>.debug_info</name>
         <load_address>0x25c9</load_address>
         <run_address>0x25c9</run_address>
         <size>0x63b</size>
         <input_file_ref idref="fl-4"/>
      </object_component>
      <object_component id="oc-2d2">
         <name>.debug_info</name>
         <load_address>0x2c04</load_address>
         <run_address>0x2c04</run_address>
         <size>0x26b</size>
         <input_file_ref idref="fl-4"/>
      </object_component>
      <object_component id="oc-1df">
         <name>.debug_info</name>
         <load_address>0x2e6f</load_address>
         <run_address>0x2e6f</run_address>
         <size>0x110</size>
         <input_file_ref idref="fl-4"/>
      </object_component>
      <object_component id="oc-2dc">
         <name>.debug_info</name>
         <load_address>0x2f7f</load_address>
         <run_address>0x2f7f</run_address>
         <size>0x2a4</size>
         <input_file_ref idref="fl-4"/>
      </object_component>
      <object_component id="oc-1da">
         <name>.debug_info</name>
         <load_address>0x3223</load_address>
         <run_address>0x3223</run_address>
         <size>0x2c</size>
         <input_file_ref idref="fl-4"/>
      </object_component>
      <object_component id="oc-205">
         <name>.debug_info</name>
         <load_address>0x324f</load_address>
         <run_address>0x324f</run_address>
         <size>0x221</size>
         <input_file_ref idref="fl-5"/>
      </object_component>
      <object_component id="oc-1ff">
         <name>.debug_info</name>
         <load_address>0x3470</load_address>
         <run_address>0x3470</run_address>
         <size>0xd3</size>
         <input_file_ref idref="fl-5"/>
      </object_component>
      <object_component id="oc-202">
         <name>.debug_info</name>
         <load_address>0x3543</load_address>
         <run_address>0x3543</run_address>
         <size>0x181</size>
         <input_file_ref idref="fl-5"/>
      </object_component>
      <object_component id="oc-10e">
         <name>.debug_info</name>
         <load_address>0x36c4</load_address>
         <run_address>0x36c4</run_address>
         <size>0x15f3</size>
         <input_file_ref idref="fl-5"/>
      </object_component>
      <object_component id="oc-260">
         <name>.debug_info</name>
         <load_address>0x4cb7</load_address>
         <run_address>0x4cb7</run_address>
         <size>0x24d</size>
         <input_file_ref idref="fl-6"/>
      </object_component>
      <object_component id="oc-150">
         <name>.debug_info</name>
         <load_address>0x4f04</load_address>
         <run_address>0x4f04</run_address>
         <size>0xed6</size>
         <input_file_ref idref="fl-6"/>
      </object_component>
      <object_component id="oc-157">
         <name>.debug_info</name>
         <load_address>0x5dda</load_address>
         <run_address>0x5dda</run_address>
         <size>0xe7d</size>
         <input_file_ref idref="fl-7"/>
      </object_component>
      <object_component id="oc-248">
         <name>.debug_info</name>
         <load_address>0x6c57</load_address>
         <run_address>0x6c57</run_address>
         <size>0x1dd</size>
         <input_file_ref idref="fl-d"/>
      </object_component>
      <object_component id="oc-14a">
         <name>.debug_info</name>
         <load_address>0x6e34</load_address>
         <run_address>0x6e34</run_address>
         <size>0x1d4</size>
         <input_file_ref idref="fl-d"/>
      </object_component>
      <object_component id="oc-2ef">
         <name>.debug_info</name>
         <load_address>0x7008</load_address>
         <run_address>0x7008</run_address>
         <size>0x201</size>
         <input_file_ref idref="fl-e"/>
      </object_component>
      <object_component id="oc-214">
         <name>.debug_info</name>
         <load_address>0x7209</load_address>
         <run_address>0x7209</run_address>
         <size>0xf4</size>
         <input_file_ref idref="fl-e"/>
      </object_component>
      <object_component id="oc-11b">
         <name>.debug_info</name>
         <load_address>0x72fd</load_address>
         <run_address>0x72fd</run_address>
         <size>0x17c</size>
         <input_file_ref idref="fl-e"/>
      </object_component>
      <object_component id="oc-115">
         <name>.debug_info</name>
         <load_address>0x7479</load_address>
         <run_address>0x7479</run_address>
         <size>0x1ae</size>
         <input_file_ref idref="fl-e"/>
      </object_component>
      <object_component id="oc-121">
         <name>.debug_info</name>
         <load_address>0x7627</load_address>
         <run_address>0x7627</run_address>
         <size>0x19f</size>
         <input_file_ref idref="fl-e"/>
      </object_component>
      <object_component id="oc-38c">
         <name>.debug_info</name>
         <load_address>0x77c6</load_address>
         <run_address>0x77c6</run_address>
         <size>0x14e</size>
         <input_file_ref idref="fl-f"/>
      </object_component>
      <object_component id="oc-2f7">
         <name>.debug_info</name>
         <load_address>0x7914</load_address>
         <run_address>0x7914</run_address>
         <size>0xf6</size>
         <input_file_ref idref="fl-f"/>
      </object_component>
      <object_component id="oc-23a">
         <name>.debug_info</name>
         <load_address>0x7a0a</load_address>
         <run_address>0x7a0a</run_address>
         <size>0x1bf</size>
         <input_file_ref idref="fl-f"/>
      </object_component>
      <object_component id="oc-2fe">
         <name>.debug_info</name>
         <load_address>0x7bc9</load_address>
         <run_address>0x7bc9</run_address>
         <size>0x20d</size>
         <input_file_ref idref="fl-f"/>
      </object_component>
      <object_component id="oc-255">
         <name>.debug_info</name>
         <load_address>0x7dd6</load_address>
         <run_address>0x7dd6</run_address>
         <size>0x1d4</size>
         <input_file_ref idref="fl-f"/>
      </object_component>
      <object_component id="oc-24f">
         <name>.debug_info</name>
         <load_address>0x7faa</load_address>
         <run_address>0x7faa</run_address>
         <size>0x1d2</size>
         <input_file_ref idref="fl-f"/>
      </object_component>
      <object_component id="oc-243">
         <name>.debug_info</name>
         <load_address>0x817c</load_address>
         <run_address>0x817c</run_address>
         <size>0x222</size>
         <input_file_ref idref="fl-f"/>
      </object_component>
      <object_component id="oc-25d">
         <name>.debug_info</name>
         <load_address>0x839e</load_address>
         <run_address>0x839e</run_address>
         <size>0x25e</size>
         <input_file_ref idref="fl-10"/>
      </object_component>
      <object_component id="oc-259">
         <name>.debug_info</name>
         <load_address>0x85fc</load_address>
         <run_address>0x85fc</run_address>
         <size>0xff</size>
         <input_file_ref idref="fl-10"/>
      </object_component>
      <object_component id="oc-219">
         <name>.debug_info</name>
         <load_address>0x86fb</load_address>
         <run_address>0x86fb</run_address>
         <size>0x1a6</size>
         <input_file_ref idref="fl-10"/>
      </object_component>
      <object_component id="oc-13f">
         <name>.debug_info</name>
         <load_address>0x88a1</load_address>
         <run_address>0x88a1</run_address>
         <size>0x1eb</size>
         <input_file_ref idref="fl-10"/>
      </object_component>
      <object_component id="oc-22b">
         <name>.debug_info</name>
         <load_address>0x8a8c</load_address>
         <run_address>0x8a8c</run_address>
         <size>0x1ed</size>
         <input_file_ref idref="fl-10"/>
      </object_component>
      <object_component id="oc-cd">
         <name>.debug_info</name>
         <load_address>0x8c79</load_address>
         <run_address>0x8c79</run_address>
         <size>0x216</size>
         <input_file_ref idref="fl-10"/>
      </object_component>
      <object_component id="oc-145">
         <name>.debug_info</name>
         <load_address>0x8e8f</load_address>
         <run_address>0x8e8f</run_address>
         <size>0x1c0</size>
         <input_file_ref idref="fl-10"/>
      </object_component>
      <object_component id="oc-127">
         <name>.debug_info</name>
         <load_address>0x904f</load_address>
         <run_address>0x904f</run_address>
         <size>0x283</size>
         <input_file_ref idref="fl-10"/>
      </object_component>
      <object_component id="oc-21f">
         <name>.debug_info</name>
         <load_address>0x92d2</load_address>
         <run_address>0x92d2</run_address>
         <size>0x1bf</size>
         <input_file_ref idref="fl-10"/>
      </object_component>
      <object_component id="oc-225">
         <name>.debug_info</name>
         <load_address>0x9491</load_address>
         <run_address>0x9491</run_address>
         <size>0x1d4</size>
         <input_file_ref idref="fl-10"/>
      </object_component>
      <object_component id="oc-1f8">
         <name>.debug_info</name>
         <load_address>0x9665</load_address>
         <run_address>0x9665</run_address>
         <size>0x232</size>
         <input_file_ref idref="fl-11"/>
      </object_component>
      <object_component id="oc-1e9">
         <name>.debug_info</name>
         <load_address>0x9897</load_address>
         <run_address>0x9897</run_address>
         <size>0x2dc</size>
         <input_file_ref idref="fl-11"/>
      </object_component>
      <object_component id="oc-1ef">
         <name>.debug_info</name>
         <load_address>0x9b73</load_address>
         <run_address>0x9b73</run_address>
         <size>0x2df</size>
         <input_file_ref idref="fl-11"/>
      </object_component>
      <object_component id="oc-1f5">
         <name>.debug_info</name>
         <load_address>0x9e52</load_address>
         <run_address>0x9e52</run_address>
         <size>0x2e1</size>
         <input_file_ref idref="fl-11"/>
      </object_component>
      <object_component id="oc-db">
         <name>.debug_info</name>
         <load_address>0xa133</load_address>
         <run_address>0xa133</run_address>
         <size>0x179</size>
         <input_file_ref idref="fl-11"/>
      </object_component>
      <object_component id="oc-c9">
         <name>.debug_info</name>
         <load_address>0xa2ac</load_address>
         <run_address>0xa2ac</run_address>
         <size>0x177</size>
         <input_file_ref idref="fl-11"/>
      </object_component>
      <object_component id="oc-d5">
         <name>.debug_info</name>
         <load_address>0xa423</load_address>
         <run_address>0xa423</run_address>
         <size>0x28e</size>
         <input_file_ref idref="fl-11"/>
      </object_component>
      <object_component id="oc-105">
         <name>.debug_info</name>
         <load_address>0xa6b1</load_address>
         <run_address>0xa6b1</run_address>
         <size>0x1aa</size>
         <input_file_ref idref="fl-11"/>
      </object_component>
      <object_component id="oc-fe">
         <name>.debug_info</name>
         <load_address>0xa85b</load_address>
         <run_address>0xa85b</run_address>
         <size>0x1a6</size>
         <input_file_ref idref="fl-11"/>
      </object_component>
      <object_component id="oc-f3">
         <name>.debug_info</name>
         <load_address>0xaa01</load_address>
         <run_address>0xaa01</run_address>
         <size>0x17d</size>
         <input_file_ref idref="fl-11"/>
      </object_component>
      <object_component id="oc-10b">
         <name>.debug_info</name>
         <load_address>0xab7e</load_address>
         <run_address>0xab7e</run_address>
         <size>0x17f</size>
         <input_file_ref idref="fl-11"/>
      </object_component>
      <object_component id="oc-ea">
         <name>.debug_info</name>
         <load_address>0xacfd</load_address>
         <run_address>0xacfd</run_address>
         <size>0x289</size>
         <input_file_ref idref="fl-11"/>
      </object_component>
      <object_component id="oc-1a0">
         <name>.debug_info</name>
         <load_address>0xaf86</load_address>
         <run_address>0xaf86</run_address>
         <size>0x25c</size>
         <input_file_ref idref="fl-12"/>
      </object_component>
      <object_component id="oc-289">
         <name>.debug_info</name>
         <load_address>0xb1e2</load_address>
         <run_address>0xb1e2</run_address>
         <size>0x17e</size>
         <input_file_ref idref="fl-12"/>
      </object_component>
      <object_component id="oc-283">
         <name>.debug_info</name>
         <load_address>0xb360</load_address>
         <run_address>0xb360</run_address>
         <size>0x180</size>
         <input_file_ref idref="fl-12"/>
      </object_component>
      <object_component id="oc-1ac">
         <name>.debug_info</name>
         <load_address>0xb4e0</load_address>
         <run_address>0xb4e0</run_address>
         <size>0x18a</size>
         <input_file_ref idref="fl-12"/>
      </object_component>
      <object_component id="oc-1b2">
         <name>.debug_info</name>
         <load_address>0xb66a</load_address>
         <run_address>0xb66a</run_address>
         <size>0x19a</size>
         <input_file_ref idref="fl-12"/>
      </object_component>
      <object_component id="oc-e4">
         <name>.debug_info</name>
         <load_address>0xb804</load_address>
         <run_address>0xb804</run_address>
         <size>0x184</size>
         <input_file_ref idref="fl-12"/>
      </object_component>
      <object_component id="oc-f6">
         <name>.debug_info</name>
         <load_address>0xb988</load_address>
         <run_address>0xb988</run_address>
         <size>0x1ab</size>
         <input_file_ref idref="fl-12"/>
      </object_component>
      <object_component id="oc-209">
         <name>.debug_info</name>
         <load_address>0xbb33</load_address>
         <run_address>0xbb33</run_address>
         <size>0x14e</size>
         <input_file_ref idref="fl-14"/>
      </object_component>
      <object_component id="oc-2a2">
         <name>.debug_info</name>
         <load_address>0xbc81</load_address>
         <run_address>0xbc81</run_address>
         <size>0x212</size>
         <input_file_ref idref="fl-cb"/>
      </object_component>
      <object_component id="oc-1a9">
         <name>.debug_info</name>
         <load_address>0xbe93</load_address>
         <run_address>0xbe93</run_address>
         <size>0x208</size>
         <input_file_ref idref="fl-cb"/>
      </object_component>
      <object_component id="oc-299">
         <name>.debug_info</name>
         <load_address>0xc09b</load_address>
         <run_address>0xc09b</run_address>
         <size>0x1c6</size>
         <input_file_ref idref="fl-cb"/>
      </object_component>
      <object_component id="oc-29f">
         <name>.debug_info</name>
         <load_address>0xc261</load_address>
         <run_address>0xc261</run_address>
         <size>0x179</size>
         <input_file_ref idref="fl-cb"/>
      </object_component>
      <object_component id="oc-2a3">
         <name>.debug_info</name>
         <load_address>0xc3da</load_address>
         <run_address>0xc3da</run_address>
         <size>0x2c</size>
         <input_file_ref idref="fl-cb"/>
      </object_component>
      <object_component id="oc-2a8">
         <name>.debug_info</name>
         <load_address>0xc406</load_address>
         <run_address>0xc406</run_address>
         <size>0x69</size>
         <input_file_ref idref="fl-cb"/>
      </object_component>
      <object_component id="oc-40">
         <name>.debug_info</name>
         <load_address>0xc46f</load_address>
         <run_address>0xc46f</run_address>
         <size>0x119</size>
         <input_file_ref idref="fl-cc"/>
      </object_component>
      <object_component id="oc-3a4">
         <name>.debug_info</name>
         <load_address>0xc588</load_address>
         <run_address>0xc588</run_address>
         <size>0x134</size>
         <input_file_ref idref="fl-cd"/>
      </object_component>
      <object_component id="oc-8a">
         <name>.debug_info</name>
         <load_address>0xc6bc</load_address>
         <run_address>0xc6bc</run_address>
         <size>0x1a6</size>
         <input_file_ref idref="fl-ce"/>
      </object_component>
      <object_component id="oc-4a">
         <name>.debug_info</name>
         <load_address>0xc862</load_address>
         <run_address>0xc862</run_address>
         <size>0x1d2</size>
         <input_file_ref idref="fl-ce"/>
      </object_component>
      <object_component id="oc-85">
         <name>.debug_info</name>
         <load_address>0xca34</load_address>
         <run_address>0xca34</run_address>
         <size>0x46</size>
         <input_file_ref idref="fl-ce"/>
      </object_component>
      <object_component id="oc-48">
         <name>.debug_info</name>
         <load_address>0xca7a</load_address>
         <run_address>0xca7a</run_address>
         <size>0x17a</size>
         <input_file_ref idref="fl-cf"/>
      </object_component>
      <object_component id="oc-1f">
         <name>.debug_info</name>
         <load_address>0xcbf4</load_address>
         <run_address>0xcbf4</run_address>
         <size>0x1ea</size>
         <input_file_ref idref="fl-cf"/>
      </object_component>
      <object_component id="oc-43">
         <name>.debug_info</name>
         <load_address>0xcdde</load_address>
         <run_address>0xcdde</run_address>
         <size>0x46</size>
         <input_file_ref idref="fl-cf"/>
      </object_component>
      <object_component id="oc-7d">
         <name>.debug_info</name>
         <load_address>0xce24</load_address>
         <run_address>0xce24</run_address>
         <size>0x2c</size>
         <input_file_ref idref="fl-cf"/>
      </object_component>
      <object_component id="oc-7b">
         <name>.debug_info</name>
         <load_address>0xce50</load_address>
         <run_address>0xce50</run_address>
         <size>0x170</size>
         <input_file_ref idref="fl-d0"/>
      </object_component>
      <object_component id="oc-16">
         <name>.debug_info</name>
         <load_address>0xcfc0</load_address>
         <run_address>0xcfc0</run_address>
         <size>0x250</size>
         <input_file_ref idref="fl-d0"/>
      </object_component>
      <object_component id="oc-33">
         <name>.debug_info</name>
         <load_address>0xd210</load_address>
         <run_address>0xd210</run_address>
         <size>0x60</size>
         <input_file_ref idref="fl-d0"/>
      </object_component>
      <object_component id="oc-b5">
         <name>.debug_info</name>
         <load_address>0xd270</load_address>
         <run_address>0xd270</run_address>
         <size>0x46</size>
         <input_file_ref idref="fl-d0"/>
      </object_component>
      <object_component id="oc-76">
         <name>.debug_info</name>
         <load_address>0xd2b6</load_address>
         <run_address>0xd2b6</run_address>
         <size>0x39</size>
         <input_file_ref idref="fl-d0"/>
      </object_component>
      <object_component id="oc-2b2">
         <name>.debug_info</name>
         <load_address>0xd2ef</load_address>
         <run_address>0xd2ef</run_address>
         <size>0x172</size>
         <input_file_ref idref="fl-d1"/>
      </object_component>
      <object_component id="oc-1be">
         <name>.debug_info</name>
         <load_address>0xd461</load_address>
         <run_address>0xd461</run_address>
         <size>0x1a9</size>
         <input_file_ref idref="fl-d1"/>
      </object_component>
      <object_component id="oc-6f">
         <name>.debug_info</name>
         <load_address>0xd60a</load_address>
         <run_address>0xd60a</run_address>
         <size>0x284</size>
         <input_file_ref idref="fl-d2"/>
      </object_component>
      <object_component id="oc-24">
         <name>.debug_info</name>
         <load_address>0xd88e</load_address>
         <run_address>0xd88e</run_address>
         <size>0x10c</size>
         <input_file_ref idref="fl-d2"/>
      </object_component>
      <object_component id="oc-382">
         <name>.debug_info</name>
         <load_address>0xd99a</load_address>
         <run_address>0xd99a</run_address>
         <size>0x13f</size>
         <input_file_ref idref="fl-d2"/>
      </object_component>
      <object_component id="oc-1c4">
         <name>.debug_info</name>
         <load_address>0xdad9</load_address>
         <run_address>0xdad9</run_address>
         <size>0x168</size>
         <input_file_ref idref="fl-d2"/>
      </object_component>
      <object_component id="oc-2bb">
         <name>.debug_info</name>
         <load_address>0xdc41</load_address>
         <run_address>0xdc41</run_address>
         <size>0x18e</size>
         <input_file_ref idref="fl-d2"/>
      </object_component>
      <object_component id="oc-2c8">
         <name>.debug_info</name>
         <load_address>0xddcf</load_address>
         <run_address>0xddcf</run_address>
         <size>0x19f</size>
         <input_file_ref idref="fl-d2"/>
      </object_component>
      <object_component id="oc-1d0">
         <name>.debug_info</name>
         <load_address>0xdf6e</load_address>
         <run_address>0xdf6e</run_address>
         <size>0x203</size>
         <input_file_ref idref="fl-d2"/>
      </object_component>
      <object_component id="oc-2c1">
         <name>.debug_info</name>
         <load_address>0xe171</load_address>
         <run_address>0xe171</run_address>
         <size>0x1db</size>
         <input_file_ref idref="fl-d2"/>
      </object_component>
      <object_component id="oc-1ca">
         <name>.debug_info</name>
         <load_address>0xe34c</load_address>
         <run_address>0xe34c</run_address>
         <size>0x26e</size>
         <input_file_ref idref="fl-d2"/>
      </object_component>
      <object_component id="oc-2b4">
         <name>.debug_info</name>
         <load_address>0xe5ba</load_address>
         <run_address>0xe5ba</run_address>
         <size>0x299</size>
         <input_file_ref idref="fl-d2"/>
      </object_component>
      <object_component id="oc-b0">
         <name>.debug_info</name>
         <load_address>0xe853</load_address>
         <run_address>0xe853</run_address>
         <size>0xb2</size>
         <input_file_ref idref="fl-d2"/>
      </object_component>
      <object_component id="oc-ab">
         <name>.debug_info</name>
         <load_address>0xe905</load_address>
         <run_address>0xe905</run_address>
         <size>0x2c</size>
         <input_file_ref idref="fl-d2"/>
      </object_component>
      <object_component id="oc-2b0">
         <name>.debug_info</name>
         <load_address>0xe931</load_address>
         <run_address>0xe931</run_address>
         <size>0x161</size>
         <input_file_ref idref="fl-d3"/>
      </object_component>
      <object_component id="oc-1b8">
         <name>.debug_info</name>
         <load_address>0xea92</load_address>
         <run_address>0xea92</run_address>
         <size>0x245</size>
         <input_file_ref idref="fl-d3"/>
      </object_component>
      <object_component id="oc-27">
         <name>.debug_info</name>
         <load_address>0xecd7</load_address>
         <run_address>0xecd7</run_address>
         <size>0x10b</size>
         <input_file_ref idref="fl-d4"/>
      </object_component>
      <object_component id="oc-5c">
         <name>.debug_info</name>
         <load_address>0xede2</load_address>
         <run_address>0xede2</run_address>
         <size>0x1a9</size>
         <input_file_ref idref="fl-d4"/>
      </object_component>
      <object_component id="oc-36e">
         <name>.debug_info</name>
         <load_address>0xef8b</load_address>
         <run_address>0xef8b</run_address>
         <size>0x462</size>
         <input_file_ref idref="fl-d5"/>
      </object_component>
      <object_component id="oc-339">
         <name>.debug_info</name>
         <load_address>0xf3ed</load_address>
         <run_address>0xf3ed</run_address>
         <size>0x21e</size>
         <input_file_ref idref="fl-d5"/>
      </object_component>
      <object_component id="oc-3ce">
         <name>.debug_info</name>
         <load_address>0xf60b</load_address>
         <run_address>0xf60b</run_address>
         <size>0x1b3</size>
         <input_file_ref idref="fl-d5"/>
      </object_component>
      <object_component id="oc-3d4">
         <name>.debug_info</name>
         <load_address>0xf7be</load_address>
         <run_address>0xf7be</run_address>
         <size>0x21b</size>
         <input_file_ref idref="fl-d5"/>
      </object_component>
      <object_component id="oc-344">
         <name>.debug_info</name>
         <load_address>0xf9d9</load_address>
         <run_address>0xf9d9</run_address>
         <size>0x3bf</size>
         <input_file_ref idref="fl-d5"/>
      </object_component>
      <object_component id="oc-3db">
         <name>.debug_info</name>
         <load_address>0xfd98</load_address>
         <run_address>0xfd98</run_address>
         <size>0x30b</size>
         <input_file_ref idref="fl-d5"/>
      </object_component>
      <object_component id="oc-3e1">
         <name>.debug_info</name>
         <load_address>0x100a3</load_address>
         <run_address>0x100a3</run_address>
         <size>0x215</size>
         <input_file_ref idref="fl-d5"/>
      </object_component>
      <object_component id="oc-34a">
         <name>.debug_info</name>
         <load_address>0x102b8</load_address>
         <run_address>0x102b8</run_address>
         <size>0x228</size>
         <input_file_ref idref="fl-d5"/>
      </object_component>
      <object_component id="oc-350">
         <name>.debug_info</name>
         <load_address>0x104e0</load_address>
         <run_address>0x104e0</run_address>
         <size>0x303</size>
         <input_file_ref idref="fl-d5"/>
      </object_component>
      <object_component id="oc-356">
         <name>.debug_info</name>
         <load_address>0x107e3</load_address>
         <run_address>0x107e3</run_address>
         <size>0x4b4</size>
         <input_file_ref idref="fl-d5"/>
      </object_component>
      <object_component id="oc-290">
         <name>.debug_info</name>
         <load_address>0x10c97</load_address>
         <run_address>0x10c97</run_address>
         <size>0x5f4</size>
         <input_file_ref idref="fl-d5"/>
      </object_component>
      <object_component id="oc-36f">
         <name>.debug_info</name>
         <load_address>0x1128b</load_address>
         <run_address>0x1128b</run_address>
         <size>0x86</size>
         <input_file_ref idref="fl-d5"/>
      </object_component>
      <object_component id="oc-40b">
         <name>.debug_info</name>
         <load_address>0x11311</load_address>
         <run_address>0x11311</run_address>
         <size>0x39</size>
         <input_file_ref idref="fl-d5"/>
      </object_component>
      <object_component id="oc-44e">
         <name>.debug_info</name>
         <load_address>0x1134a</load_address>
         <run_address>0x1134a</run_address>
         <size>0xb6</size>
         <input_file_ref idref="fl-d5"/>
      </object_component>
      <object_component id="oc-410">
         <name>.debug_info</name>
         <load_address>0x11400</load_address>
         <run_address>0x11400</run_address>
         <size>0x46</size>
         <input_file_ref idref="fl-d5"/>
      </object_component>
      <object_component id="oc-374">
         <name>.debug_info</name>
         <load_address>0x11446</load_address>
         <run_address>0x11446</run_address>
         <size>0x46</size>
         <input_file_ref idref="fl-d5"/>
      </object_component>
      <object_component id="oc-41f">
         <name>.debug_info</name>
         <load_address>0x1148c</load_address>
         <run_address>0x1148c</run_address>
         <size>0x115</size>
         <input_file_ref idref="fl-d6"/>
      </object_component>
      <object_component id="oc-3ca">
         <name>.debug_info</name>
         <load_address>0x115a1</load_address>
         <run_address>0x115a1</run_address>
         <size>0x14c</size>
         <input_file_ref idref="fl-d7"/>
      </object_component>
      <object_component id="oc-33f">
         <name>.debug_info</name>
         <load_address>0x116ed</load_address>
         <run_address>0x116ed</run_address>
         <size>0x128</size>
         <input_file_ref idref="fl-d8"/>
      </object_component>
      <object_component id="oc-3b4">
         <name>.debug_info</name>
         <load_address>0x11815</load_address>
         <run_address>0x11815</run_address>
         <size>0x12a</size>
         <input_file_ref idref="fl-d8"/>
      </object_component>
      <object_component id="oc-3af">
         <name>.debug_info</name>
         <load_address>0x1193f</load_address>
         <run_address>0x1193f</run_address>
         <size>0x13a</size>
         <input_file_ref idref="fl-d9"/>
      </object_component>
      <object_component id="oc-3aa">
         <name>.debug_info</name>
         <load_address>0x11a79</load_address>
         <run_address>0x11a79</run_address>
         <size>0x13a</size>
         <input_file_ref idref="fl-da"/>
      </object_component>
      <object_component id="oc-3b9">
         <name>.debug_info</name>
         <load_address>0x11bb3</load_address>
         <run_address>0x11bb3</run_address>
         <size>0x12e</size>
         <input_file_ref idref="fl-db"/>
      </object_component>
      <object_component id="oc-3c4">
         <name>.debug_info</name>
         <load_address>0x11ce1</load_address>
         <run_address>0x11ce1</run_address>
         <size>0x12c</size>
         <input_file_ref idref="fl-dc"/>
      </object_component>
      <object_component id="oc-8c">
         <name>.debug_info</name>
         <load_address>0x11e0d</load_address>
         <run_address>0x11e0d</run_address>
         <size>0x147</size>
         <input_file_ref idref="fl-dd"/>
      </object_component>
      <object_component id="oc-26d">
         <name>.debug_info</name>
         <load_address>0x11f54</load_address>
         <run_address>0x11f54</run_address>
         <size>0x385</size>
         <input_file_ref idref="fl-de"/>
      </object_component>
      <object_component id="oc-16a">
         <name>.debug_info</name>
         <load_address>0x122d9</load_address>
         <run_address>0x122d9</run_address>
         <size>0x1a6</size>
         <input_file_ref idref="fl-de"/>
      </object_component>
      <object_component id="oc-31f">
         <name>.debug_info</name>
         <load_address>0x1247f</load_address>
         <run_address>0x1247f</run_address>
         <size>0x39</size>
         <input_file_ref idref="fl-de"/>
      </object_component>
      <object_component id="oc-391">
         <name>.debug_info</name>
         <load_address>0x124b8</load_address>
         <run_address>0x124b8</run_address>
         <size>0x39</size>
         <input_file_ref idref="fl-de"/>
      </object_component>
      <object_component id="oc-324">
         <name>.debug_info</name>
         <load_address>0x124f1</load_address>
         <run_address>0x124f1</run_address>
         <size>0x39</size>
         <input_file_ref idref="fl-de"/>
      </object_component>
      <object_component id="oc-329">
         <name>.debug_info</name>
         <load_address>0x1252a</load_address>
         <run_address>0x1252a</run_address>
         <size>0xcd</size>
         <input_file_ref idref="fl-de"/>
      </object_component>
      <object_component id="oc-92">
         <name>.debug_info</name>
         <load_address>0x125f7</load_address>
         <run_address>0x125f7</run_address>
         <size>0x153</size>
         <input_file_ref idref="fl-df"/>
      </object_component>
[...]
      </symbol>
      <symbol id="sm-19a">
         <name>drawTriangle</name>
         <value>0x20004a1d</value>
         <object_component_ref idref="oc-10d"/>
      </symbol>
      <symbol id="sm-19b">
         <name>drawRect</name>
         <value>0x20004867</value>
         <object_component_ref idref="oc-10d"/>
      </symbol>
      <symbol id="sm-19c">
         <name>setTextWrap</name>
         <value>0x20004e47</value>
         <object_component_ref idref="oc-10d"/>
      </symbol>
      <symbol id="sm-19d">
         <name>drawChar</name>
         <value>0x20004c5f</value>
         <object_component_ref idref="oc-10d"/>
      </symbol>
      <symbol id="sm-19e">
         <name>height</name>
         <value>0x20004e5f</value>
         <object_component_ref idref="oc-10d"/>
      </symbol>
      <symbol id="sm-1d3">
         <name>drawPixel</name>
         <value>0x2000694d</value>
         <object_component_ref idref="oc-14f"/>
      </symbol>
      <symbol id="sm-1d4">
         <name>Color565</name>
         <value>0x200066f9</value>
         <object_component_ref idref="oc-14f"/>
      </symbol>
      <symbol id="sm-1d5">
         <name>drawFastHLine</name>
         <value>0x200068b1</value>
         <object_component_ref idref="oc-14f"/>
      </symbol>
      <symbol id="sm-1d6">
         <name>goTo</name>
         <value>0x200066b5</value>
         <object_component_ref idref="oc-14f"/>
      </symbol>
      <symbol id="sm-1d7">
         <name>fillScreen</name>
         <value>0x2000673b</value>
         <object_component_ref idref="oc-14f"/>
      </symbol>
      <symbol id="sm-1d8">
         <name>Adafruit_Init</name>
         <value>0x2000657d</value>
         <object_component_ref idref="oc-14f"/>
      </symbol>
      <symbol id="sm-1d9">
         <name>writeData</name>
         <value>0x20006539</value>
         <object_component_ref idref="oc-14f"/>
      </symbol>
      <symbol id="sm-1da">
         <name>writeCommand</name>
         <value>0x200064f5</value>
         <object_component_ref idref="oc-14f"/>
      </symbol>
      <symbol id="sm-1db">
         <name>fillRect</name>
         <value>0x20006751</value>
         <object_component_ref idref="oc-14f"/>
      </symbol>
      <symbol id="sm-1dc">
         <name>drawFastVLine</name>
         <value>0x20006815</value>
         <object_component_ref idref="oc-14f"/>
      </symbol>
      <symbol id="sm-1dd">
         <name>invert</name>
         <value>0x2000698b</value>
         <object_component_ref idref="oc-14f"/>
      </symbol>
      <symbol id="sm-231">
         <name>testroundrects</name>
         <value>0x20005c01</value>
         <object_component_ref idref="oc-156"/>
      </symbol>
      <symbol id="sm-232">
         <name>testdrawcircles</name>
         <value>0x20005b05</value>
         <object_component_ref idref="oc-156"/>
      </symbol>
      <symbol id="sm-233">
         <name>testlines</name>
         <value>0x20005c73</value>
         <object_component_ref idref="oc-156"/>
      </symbol>
      <symbol id="sm-234">
         <name>testfastlines</name>
         <value>0x20005903</value>
         <object_component_ref idref="oc-156"/>
      </symbol>
      <symbol id="sm-235">
         <name>lcdTestPattern</name>
         <value>0x20005e41</value>
         <object_component_ref idref="oc-156"/>
      </symbol>
      <symbol id="sm-236">
         <name>lcdTestPattern2</name>
         <value>0x20005f11</value>
         <object_component_ref idref="oc-156"/>
      </symbol>
      <symbol id="sm-237">
         <name>testtriangles</name>
         <value>0x20005b7f</value>
         <object_component_ref idref="oc-156"/>
      </symbol>
      <symbol id="sm-238">
         <name>testfillrects</name>
         <value>0x200059d5</value>
         <object_component_ref idref="oc-156"/>
      </symbol>
      <symbol id="sm-239">
         <name>testdrawrects</name>
         <value>0x20005975</value>
         <object_component_ref idref="oc-156"/>
      </symbol>
      <symbol id="sm-23a">
         <name>testfillcircles</name>
         <value>0x20005a93</value>
         <object_component_ref idref="oc-156"/>
      </symbol>
      <symbol id="sm-24e">
         <name>GPIODirModeSet</name>
         <value>0x20008ab5</value>
         <object_component_ref idref="oc-245"/>
      </symbol>
      <symbol id="sm-24f">
         <name>GPIOPinWrite</name>
         <value>0x20008cbb</value>
         <object_component_ref idref="oc-149"/>
      </symbol>
      <symbol id="sm-27e">
         <name>IntVTableBaseSet</name>
         <value>0x20008ec1</value>
         <object_component_ref idref="oc-113"/>
      </symbol>
      <symbol id="sm-27f">
         <name>IntEnable</name>
         <value>0x20007fcd</value>
         <object_component_ref idref="oc-11f"/>
      </symbol>
      <symbol id="sm-280">
         <name>IntMasterEnable</name>
         <value>0x20008f23</value>
         <object_component_ref idref="oc-119"/>
      </symbol>
      <symbol id="sm-2bf">
         <name>PinTypeUART</name>
         <value>0x20008dc3</value>
         <object_component_ref idref="oc-251"/>
      </symbol>
      <symbol id="sm-2c0">
         <name>PinTypeGPIO</name>
         <value>0x20008aeb</value>
         <object_component_ref idref="oc-23f"/>
      </symbol>
      <symbol id="sm-2c1">
         <name>PinConfigSet</name>
         <value>0x200082dd</value>
         <object_component_ref idref="oc-2fa"/>
      </symbol>
      <symbol id="sm-2c2">
         <name>PinTypeSPI</name>
         <value>0x20008da9</value>
         <object_component_ref idref="oc-24b"/>
      </symbol>
      <symbol id="sm-2c3">
         <name>PinModeSet</name>
         <value>0x200089b9</value>
         <object_component_ref idref="oc-239"/>
      </symbol>
      <symbol id="sm-349">
         <name>PRCMPeripheralReset</name>
         <value>0x2000878d</value>
         <object_component_ref idref="oc-143"/>
      </symbol>
      <symbol id="sm-34a">
         <name>PRCMPeripheralClkEnable</name>
         <value>0x20008a79</value>
         <object_component_ref idref="oc-13d"/>
      </symbol>
      <symbol id="sm-34b">
         <name>PRCMPeripheralClockGet</name>
         <value>0x20008249</value>
         <object_component_ref idref="oc-cb"/>
      </symbol>
      <symbol id="sm-34c">
         <name>PRCMCC3200MCUInit</name>
         <value>0x20007211</value>
         <object_component_ref idref="oc-125"/>
      </symbol>
      <symbol id="sm-34d">
         <name>PRCMHIBRegWrite</name>
         <value>0x20008e6b</value>
         <object_component_ref idref="oc-223"/>
      </symbol>
      <symbol id="sm-34e">
         <name>PRCMSysResetCauseGet</name>
         <value>0x20008bad</value>
         <object_component_ref idref="oc-217"/>
      </symbol>
      <symbol id="sm-34f">
         <name>PRCMPeripheralClkDisable</name>
         <value>0x20008bd9</value>
         <object_component_ref idref="oc-229"/>
      </symbol>
      <symbol id="sm-350">
         <name>PRCMHIBRegRead</name>
         <value>0x20008e55</value>
         <object_component_ref idref="oc-21d"/>
      </symbol>
      <symbol id="sm-3d6">
         <name>SPITransfer</name>
         <value>0x20008365</value>
         <object_component_ref idref="oc-e9"/>
      </symbol>
      <symbol id="sm-3d7">
         <name>SPICSEnable</name>
         <value>0x20008df5</value>
         <object_component_ref idref="oc-ef"/>
      </symbol>
      <symbol id="sm-3d8">
         <name>SPIDataPut</name>
         <value>0x20008cfb</value>
         <object_component_ref idref="oc-fb"/>
      </symbol>
      <symbol id="sm-3d9">
         <name>SPIEnable</name>
         <value>0x20008e0d</value>
         <object_component_ref idref="oc-d7"/>
      </symbol>
      <symbol id="sm-3da">
         <name>SPIDataGet</name>
         <value>0x20008cdb</value>
         <object_component_ref idref="oc-101"/>
      </symbol>
      <symbol id="sm-3db">
         <name>SPIConfigSetExpClk</name>
         <value>0x20008075</value>
         <object_component_ref idref="oc-d1"/>
      </symbol>
      <symbol id="sm-3dc">
         <name>SPIReset</name>
         <value>0x20008c99</value>
         <object_component_ref idref="oc-c5"/>
      </symbol>
      <symbol id="sm-3dd">
         <name>SPICSDisable</name>
         <value>0x20008ddd</value>
         <object_component_ref idref="oc-107"/>
      </symbol>
      <symbol id="sm-422">
         <name>UARTConfigSetExpClk</name>
         <value>0x20008573</value>
         <object_component_ref idref="oc-19f"/>
      </symbol>
      <symbol id="sm-423">
         <name>UARTDisable</name>
         <value>0x20008b1d</value>
         <object_component_ref idref="oc-282"/>
      </symbol>
      <symbol id="sm-424">
         <name>UARTCharsAvail</name>
         <value>0x20008e25</value>
         <object_component_ref idref="oc-1ab"/>
      </symbol>
      <symbol id="sm-425">
         <name>UARTCharGetNonBlocking</name>
         <value>0x20008d37</value>
         <object_component_ref idref="oc-1b1"/>
      </symbol>
      <symbol id="sm-426">
         <name>UARTCharPut</name>
         <value>0x20008d19</value>
         <object_component_ref idref="oc-f5"/>
      </symbol>
      <symbol id="sm-427">
         <name>UARTEnable</name>
         <value>0x20008c51</value>
         <object_component_ref idref="oc-288"/>
      </symbol>
      <symbol id="sm-428">
         <name>UARTCharGet</name>
         <value>0x20008e81</value>
         <object_component_ref idref="oc-e3"/>
      </symbol>
      <symbol id="sm-42c">
         <name>UtilsDelay</name>
         <value>0x20008f3d</value>
         <object_component_ref idref="oc-155"/>
      </symbol>
      <symbol id="sm-436">
         <name>CPUcpsie</name>
         <value>0x20008ead</value>
         <object_component_ref idref="oc-207"/>
      </symbol>
      <symbol id="sm-466">
         <name>vsnprintf</name>
         <value>0x200089f9</value>
         <object_component_ref idref="oc-1a5"/>
      </symbol>
      <symbol id="sm-481">
         <name>memcpy</name>
         <value>0x20008115</value>
         <object_component_ref idref="oc-3d"/>
      </symbol>
      <symbol id="sm-482">
         <name>__aeabi_memcpy</name>
         <value>0x20008115</value>
         <object_component_ref idref="oc-3d"/>
      </symbol>
      <symbol id="sm-483">
         <name>__aeabi_memcpy8</name>
         <value>0x20008115</value>
         <object_component_ref idref="oc-3d"/>
      </symbol>
      <symbol id="sm-484">
         <name>__aeabi_memcpy4</name>
         <value>0x20008115</value>
         <object_component_ref idref="oc-3d"/>
      </symbol>
      <symbol id="sm-491">
         <name>__aeabi_uldivmod</name>
         <value>0x200081b1</value>
         <object_component_ref idref="oc-3a2"/>
      </symbol>
      <symbol id="sm-4a5">
         <name>__TI_zero_init_nomemset</name>
         <value>0x20008d53</value>
         <object_component_ref idref="oc-49"/>
      </symbol>
      <symbol id="sm-4bc">
         <name>__TI_decompress_none</name>
         <value>0x20008efb</value>
         <object_component_ref idref="oc-1b"/>
      </symbol>
      <symbol id="sm-4df">
         <name>__TI_decompress_lzss</name>
         <value>0x200086c7</value>
         <object_component_ref idref="oc-15"/>
      </symbol>
      <symbol id="sm-4f0">
         <name>memmove</name>
         <value>0x20008c29</value>
         <object_component_ref idref="oc-1bd"/>
      </symbol>
      <symbol id="sm-58e">
         <name>_sys_memory</name>
         <value>0x20017000</value>
         <object_component_ref idref="oc-23"/>
      </symbol>
      <symbol id="sm-58f">
         <name>free</name>
         <value>0x20007a29</value>
         <object_component_ref idref="oc-1cf"/>
      </symbol>
      <symbol id="sm-590">
         <name>realloc</name>
         <value>0x20007b0d</value>
         <object_component_ref idref="oc-1c9"/>
      </symbol>
      <symbol id="sm-591">
         <name>memalign</name>
         <value>0x2000782d</value>
         <object_component_ref idref="oc-2b3"/>
      </symbol>
      <symbol id="sm-592">
         <name>malloc</name>
         <value>0x20008f35</value>
         <object_component_ref idref="oc-1c3"/>
      </symbol>
      <symbol id="sm-593">
         <name>aligned_alloc</name>
         <value>0x2000782d</value>
         <object_component_ref idref="oc-2b3"/>
      </symbol>
      <symbol id="sm-5a1">
         <name>strlen</name>
         <value>0x20008ed5</value>
         <object_component_ref idref="oc-1b7"/>
      </symbol>
      <symbol id="sm-5b3">
         <name>__stack</name>
         <value>0x2002f800</value>
         <object_component_ref idref="oc-26"/>
      </symbol>
      <symbol id="sm-5b4">
         <name>_c_int00_noargs</name>
         <value>0x20008c75</value>
         <object_component_ref idref="oc-5b"/>
      </symbol>
      <symbol id="sm-719">
         <name>__TI_printfi</name>
         <value>0x20004e81</value>
         <object_component_ref idref="oc-28f"/>
      </symbol>
      <symbol id="sm-723">
         <name>__aeabi_idiv0</name>
         <value>0x2000720f</value>
         <object_component_ref idref="oc-41e"/>
      </symbol>
      <symbol id="sm-724">
         <name>__aeabi_ldiv0</name>
         <value>0x2000720f</value>
         <object_component_ref idref="oc-41e"/>
      </symbol>
      <symbol id="sm-73b">
         <name>__aeabi_dsub</name>
         <value>0x20007059</value>
         <object_component_ref idref="oc-3c8"/>
      </symbol>
      <symbol id="sm-73c">
         <name>__aeabi_dadd</name>
         <value>0x20007063</value>
         <object_component_ref idref="oc-3c8"/>
      </symbol>
      <symbol id="sm-75e">
         <name>__aeabi_cdcmpeq</name>
         <value>0x200083ed</value>
         <object_component_ref idref="oc-33e"/>
      </symbol>
      <symbol id="sm-75f">
         <name>__aeabi_cdcmple</name>
         <value>0x200083ed</value>
         <object_component_ref idref="oc-33e"/>
      </symbol>
      <symbol id="sm-760">
         <name>__aeabi_cdrcmple</name>
         <value>0x20008473</value>
         <object_component_ref idref="oc-3b3"/>
      </symbol>
      <symbol id="sm-774">
         <name>__aeabi_ddiv</name>
         <value>0x200074c5</value>
         <object_component_ref idref="oc-3ae"/>
      </symbol>
      <symbol id="sm-77f">
         <name>__aeabi_dmul</name>
         <value>0x2000792d</value>
         <object_component_ref idref="oc-3a9"/>
      </symbol>
      <symbol id="sm-789">
         <name>__aeabi_d2iz</name>
         <value>0x2000892d</value>
         <object_component_ref idref="oc-3b8"/>
      </symbol>
      <symbol id="sm-793">
         <name>__aeabi_i2d</name>
         <value>0x20008b7d</value>
         <object_component_ref idref="oc-3c3"/>
      </symbol>
      <symbol id="sm-7a2">
         <name>__aeabi_memset</name>
         <value>0x200084fb</value>
         <object_component_ref idref="oc-8b"/>
      </symbol>
      <symbol id="sm-7a3">
         <name>memset</name>
         <value>0x20008501</value>
         <object_component_ref idref="oc-8b"/>
      </symbol>
      <symbol id="sm-7a4">
         <name>__aeabi_memset8</name>
         <value>0x200084fb</value>
         <object_component_ref idref="oc-8b"/>
      </symbol>
      <symbol id="sm-7a5">
         <name>__aeabi_memset4</name>
         <value>0x200084fb</value>
         <object_component_ref idref="oc-8b"/>
      </symbol>
      <symbol id="sm-7a6">
         <name>__aeabi_memclr8</name>
         <value>0x200084f9</value>
         <object_component_ref idref="oc-8b"/>
      </symbol>
      <symbol id="sm-7a7">
         <name>__aeabi_memclr4</name>
         <value>0x200084f9</value>
         <object_component_ref idref="oc-8b"/>
      </symbol>
      <symbol id="sm-7a8">
         <name>__aeabi_memclr</name>
         <value>0x200084f9</value>
         <object_component_ref idref="oc-8b"/>
      </symbol>
      <symbol id="sm-7d0">
         <name>__TI_auto_init_nobinit_nopinit</name>
         <value>0x20008975</value>
         <object_component_ref idref="oc-169"/>
      </symbol>
      <symbol id="sm-7da">
         <name>_system_pre_init</name>
         <value>0x20008f43</value>
         <object_component_ref idref="oc-91"/>
      </symbol>
      <symbol id="sm-7e6">
         <name>C$$EXIT</name>
         <value>0x20008f47</value>
         <object_component_ref idref="oc-15d"/>
      </symbol>
      <symbol id="sm-7e7">
         <name>abort</name>
         <value>0x20008f47</value>
         <object_component_ref idref="oc-15d"/>
      </symbol>
      <symbol id="sm-7fc">
         <name>_nop</name>
         <value>0x200069a7</value>
         <object_component_ref idref="oc-311"/>
      </symbol>
      <symbol id="sm-7fd">
         <name>_lock</name>
         <value>0x200178e8</value>
         <object_component_ref idref="oc-266"/>
      </symbol>
      <symbol id="sm-7fe">
         <name>_unlock</name>
         <value>0x200178ec</value>
         <object_component_ref idref="oc-266"/>
      </symbol>
      <symbol id="sm-80d">
         <name>__TI_ltoa</name>
         <value>0x2000883b</value>
         <object_component_ref idref="oc-3bd"/>
      </symbol>
      <symbol id="sm-824">
         <name>atoi</name>
         <value>0x200088e1</value>
         <object_component_ref idref="oc-332"/>
      </symbol>
      <symbol id="sm-82f">
         <name>_ctypes_</name>
         <value>0x20009942</value>
         <object_component_ref idref="oc-39d"/>
      </symbol>
      <symbol id="sm-83f">
         <name>memccpy</name>
         <value>0x20008d8d</value>
         <object_component_ref idref="oc-35b"/>
      </symbol>
      <symbol id="sm-84f">
         <name>strchr</name>
         <value>0x20008e97</value>
         <object_component_ref idref="oc-3f4"/>
      </symbol>
      <symbol id="sm-865">
         <name>__aeabi_errno_addr</name>
         <value>0x20008f2d</value>
         <object_component_ref idref="oc-367"/>
      </symbol>
      <symbol id="sm-866">
         <name>errno</name>
         <value>0x200178f8</value>
         <object_component_ref idref="oc-404"/>
      </symbol>
      <symbol id="sm-87f">
         <name>wcslen</name>
         <value>0x20008ee9</value>
         <object_component_ref idref="oc-361"/>
      </symbol>
      <symbol id="sm-89f">
         <name>frexpl</name>
         <value>0x20008731</value>
         <object_component_ref idref="oc-3e8"/>
      </symbol>
      <symbol id="sm-8a0">
         <name>frexp</name>
         <value>0x20008731</value>
         <object_component_ref idref="oc-3e8"/>
      </symbol>
      <symbol id="sm-8be">
         <name>scalbn</name>
         <value>0x20007cc1</value>
         <object_component_ref idref="oc-3ee"/>
      </symbol>
      <symbol id="sm-8bf">
         <name>scalbnl</name>
         <value>0x20007cc1</value>
         <object_component_ref idref="oc-3ee"/>
      </symbol>
      <symbol id="sm-8c0">
         <name>ldexpl</name>
         <value>0x20007cc1</value>
         <object_component_ref idref="oc-3ee"/>
      </symbol>
      <symbol id="sm-8c1">
         <name>ldexp</name>
         <value>0x20007cc1</value>
         <object_component_ref idref="oc-3ee"/>
      </symbol>
      <symbol id="sm-8cb">
         <name>copysign</name>
         <value>0x20008f17</value>
         <object_component_ref idref="oc-437"/>
      </symbol>
      <symbol id="sm-8cc">
         <name>copysignl</name>
         <value>0x20008f17</value>
         <object_component_ref idref="oc-437"/>
      </symbol>
      <symbol id="sm-8cd">
         <name>__TI_static_base__</name>
         <value>0x20009c08</value>
      </symbol>
      <symbol id="sm-8d0">
         <name>__mpu_init</name>
         <value>0x0</value>
      </symbol>
      <symbol id="sm-8d1">
         <name>_system_post_cinit</name>
         <value>0x0</value>
      </symbol>
   </symbol_table>
   <title>Link successful</title>
</link_info>
