<?xml version="1.0" encoding="ISO-8859-1" ?>
<link_info>
   <banner>TI ARM Linker Unix v20.2.7.LTS</banner>
   <copyright>Copyright (c) 1996-2018 Texas Instruments Incorporated</copyright>
   <link_time>0x67be2d10</link_time>
   <link_errors>0x0</link_errors>
   <output_file>Lab2-part3.out</output_file>
   <entry_point>
      <name>_c_int00_noargs</name>
      <address>0x20008449</address>
   </entry_point>
   <input_file_list>
      <input_file id="fl-1">
         <path>./</path>
         <kind>object</kind>
         <file>i2c_if.obj</file>
         <name>i2c_if.obj</name>
      </input_file>
      <input_file id="fl-2">
         <path>./</path>
         <kind>object</kind>
         <file>main.obj</file>
         <name>main.obj</name>
      </input_file>
      <input_file id="fl-3">
         <path>./</path>
         <kind>object</kind>
         <file>pin_mux_config.obj</file>
         <name>pin_mux_config.obj</name>
      </input_file>
      <input_file id="fl-4">
         <path>./</path>
         <kind>object</kind>
         <file>startup_ccs.obj</file>
         <name>startup_ccs.obj</name>
      </input_file>
      <input_file id="fl-5">
         <path>./</path>
         <kind>object</kind>
         <file>uart_if.obj</file>
         <name>uart_if.obj</name>
      </input_file>
      <input_file id="fl-6">
         <path>./oled/</path>
         <kind>object</kind>
         <file>Adafruit_GFX.obj</file>
         <name>Adafruit_GFX.obj</name>
      </input_file>
      <input_file id="fl-7">
         <path>./oled/</path>
         <kind>object</kind>
         <file>Adafruit_OLED.obj</file>
         <name>Adafruit_OLED.obj</name>
      </input_file>
      <input_file id="fl-8">
         <path>./oled/</path>
         <kind>object</kind>
         <file>oled_test.obj</file>
         <name>oled_test.obj</name>
      </input_file>
      <input_file id="fl-d">
         <kind>object</kind>
         <file>&lt;internal&gt;</file>
         <name>&lt;internal&gt;</name>
      </input_file>
      <input_file id="fl-e">
         <path>/Applications/TI/lib/cc3200sdk_1.5.0/cc3200-sdk/driverlib/ccs/Release/</path>
         <kind>archive</kind>
         <file>driverlib.a</file>
         <name>gpio.obj</name>
      </input_file>
      <input_file id="fl-f">
         <path>/Applications/TI/lib/cc3200sdk_1.5.0/cc3200-sdk/driverlib/ccs/Release/</path>
         <kind>archive</kind>
         <file>driverlib.a</file>
         <name>i2c.obj</name>
      </input_file>
      <input_file id="fl-10">
         <path>/Applications/TI/lib/cc3200sdk_1.5.0/cc3200-sdk/driverlib/ccs/Release/</path>
         <kind>archive</kind>
         <file>driverlib.a</file>
         <name>interrupt.obj</name>
      </input_file>
      <input_file id="fl-11">
         <path>/Applications/TI/lib/cc3200sdk_1.5.0/cc3200-sdk/driverlib/ccs/Release/</path>
         <kind>archive</kind>
         <file>driverlib.a</file>
         <name>pin.obj</name>
      </input_file>
      <input_file id="fl-12">
         <path>/Applications/TI/lib/cc3200sdk_1.5.0/cc3200-sdk/driverlib/ccs/Release/</path>
         <kind>archive</kind>
         <file>driverlib.a</file>
         <name>prcm.obj</name>
      </input_file>
      <input_file id="fl-13">
         <path>/Applications/TI/lib/cc3200sdk_1.5.0/cc3200-sdk/driverlib/ccs/Release/</path>
         <kind>archive</kind>
         <file>driverlib.a</file>
         <name>spi.obj</name>
      </input_file>
      <input_file id="fl-14">
         <path>/Applications/TI/lib/cc3200sdk_1.5.0/cc3200-sdk/driverlib/ccs/Release/</path>
         <kind>archive</kind>
         <file>driverlib.a</file>
         <name>uart.obj</name>
      </input_file>
      <input_file id="fl-15">
         <path>/Applications/TI/lib/cc3200sdk_1.5.0/cc3200-sdk/driverlib/ccs/Release/</path>
         <kind>archive</kind>
         <file>driverlib.a</file>
         <name>utils.obj</name>
      </input_file>
      <input_file id="fl-16">
         <path>/Applications/TI/lib/cc3200sdk_1.5.0/cc3200-sdk/driverlib/ccs/Release/</path>
         <kind>archive</kind>
         <file>driverlib.a</file>
         <name>cpu.obj</name>
      </input_file>
      <input_file id="fl-17">
         <path>/Applications/TI/lib/cc3200sdk_1.5.0/cc3200-sdk/driverlib/ccs/Release/</path>
         <kind>archive</kind>
         <file>driverlib.a</file>
         <name>flash.obj</name>
      </input_file>
      <input_file id="fl-cd">
         <path>/Applications/TI/ccs/tools/compiler/ti-cgt-arm_20.2.7.LTS/lib/</path>
         <kind>archive</kind>
         <file>rtsv7M4_T_le_eabi.lib</file>
         <name>sprintf.c.obj</name>
      </input_file>
      <input_file id="fl-ce">
         <path>/Applications/TI/ccs/tools/compiler/ti-cgt-arm_20.2.7.LTS/lib/</path>
         <kind>archive</kind>
         <file>rtsv7M4_T_le_eabi.lib</file>
         <name>vsnprintf.c.obj</name>
      </input_file>
      <input_file id="fl-cf">
         <path>/Applications/TI/ccs/tools/compiler/ti-cgt-arm_20.2.7.LTS/lib/</path>
         <kind>archive</kind>
         <file>rtsv7M4_T_le_eabi.lib</file>
         <name>memcpy_t2.asm.obj</name>
      </input_file>
      <input_file id="fl-d0">
         <path>/Applications/TI/ccs/tools/compiler/ti-cgt-arm_20.2.7.LTS/lib/</path>
         <kind>archive</kind>
         <file>rtsv7M4_T_le_eabi.lib</file>
         <name>ull_div_t2.asm.obj</name>
      </input_file>
      <input_file id="fl-d1">
         <path>/Applications/TI/ccs/tools/compiler/ti-cgt-arm_20.2.7.LTS/lib/</path>
         <kind>archive</kind>
         <file>rtsv7M4_T_le_eabi.lib</file>
         <name>copy_zero_init.c.obj</name>
      </input_file>
      <input_file id="fl-d2">
         <path>/Applications/TI/ccs/tools/compiler/ti-cgt-arm_20.2.7.LTS/lib/</path>
         <kind>archive</kind>
         <file>rtsv7M4_T_le_eabi.lib</file>
         <name>copy_decompress_none.c.obj</name>
      </input_file>
      <input_file id="fl-d3">
         <path>/Applications/TI/ccs/tools/compiler/ti-cgt-arm_20.2.7.LTS/lib/</path>
         <kind>archive</kind>
         <file>rtsv7M4_T_le_eabi.lib</file>
         <name>copy_decompress_lzss.c.obj</name>
      </input_file>
      <input_file id="fl-d4">
         <path>/Applications/TI/ccs/tools/compiler/ti-cgt-arm_20.2.7.LTS/lib/</path>
         <kind>archive</kind>
         <file>rtsv7M4_T_le_eabi.lib</file>
         <name>memmov.c.obj</name>
      </input_file>
      <input_file id="fl-d5">
         <path>/Applications/TI/ccs/tools/compiler/ti-cgt-arm_20.2.7.LTS/lib/</path>
         <kind>archive</kind>
         <file>rtsv7M4_T_le_eabi.lib</file>
         <name>memory.c.obj</name>
      </input_file>
      <input_file id="fl-d6">
         <path>/Applications/TI/ccs/tools/compiler/ti-cgt-arm_20.2.7.LTS/lib/</path>
         <kind>archive</kind>
         <file>rtsv7M4_T_le_eabi.lib</file>
         <name>rand.c.obj</name>
      </input_file>
      <input_file id="fl-d7">
         <path>/Applications/TI/ccs/tools/compiler/ti-cgt-arm_20.2.7.LTS/lib/</path>
         <kind>archive</kind>
         <file>rtsv7M4_T_le_eabi.lib</file>
         <name>strlen.c.obj</name>
      </input_file>
      <input_file id="fl-d8">
         <path>/Applications/TI/ccs/tools/compiler/ti-cgt-arm_20.2.7.LTS/lib/</path>
         <kind>archive</kind>
         <file>rtsv7M4_T_le_eabi.lib</file>
         <name>boot_cortex_m.c.obj</name>
      </input_file>
      <input_file id="fl-d9">
         <path>/Applications/TI/ccs/tools/compiler/ti-cgt-arm_20.2.7.LTS/lib/</path>
         <kind>archive</kind>
         <file>rtsv7M4_T_le_eabi.lib</file>
         <name>_printfi.c.obj</name>
      </input_file>
      <input_file id="fl-da">
         <path>/Applications/TI/ccs/tools/compiler/ti-cgt-arm_20.2.7.LTS/lib/</path>
         <kind>archive</kind>
         <file>rtsv7M4_T_le_eabi.lib</file>
         <name>div0.asm.obj</name>
      </input_file>
      <input_file id="fl-db">
         <path>/Applications/TI/ccs/tools/compiler/ti-cgt-arm_20.2.7.LTS/lib/</path>
         <kind>archive</kind>
         <file>rtsv7M4_T_le_eabi.lib</file>
         <name>fd_add_t2.asm.obj</name>
      </input_file>
      <input_file id="fl-dc">
         <path>/Applications/TI/ccs/tools/compiler/ti-cgt-arm_20.2.7.LTS/lib/</path>
         <kind>archive</kind>
         <file>rtsv7M4_T_le_eabi.lib</file>
         <name>fd_cmp_t2.asm.obj</name>
      </input_file>
      <input_file id="fl-dd">
         <path>/Applications/TI/ccs/tools/compiler/ti-cgt-arm_20.2.7.LTS/lib/</path>
         <kind>archive</kind>
         <file>rtsv7M4_T_le_eabi.lib</file>
         <name>fd_div_t2.asm.obj</name>
      </input_file>
      <input_file id="fl-de">
         <path>/Applications/TI/ccs/tools/compiler/ti-cgt-arm_20.2.7.LTS/lib/</path>
         <kind>archive</kind>
         <file>rtsv7M4_T_le_eabi.lib</file>
         <name>fd_mul_t2.asm.obj</name>
      </input_file>
      <input_file id="fl-df">
         <path>/Applications/TI/ccs/tools/compiler/ti-cgt-arm_20.2.7.LTS/lib/</path>
         <kind>archive</kind>
         <file>rtsv7M4_T_le_eabi.lib</file>
         <name>fd_toi_t2.asm.obj</name>
      </input_file>
      <input_file id="fl-e0">
         <path>/Applications/TI/ccs/tools/compiler/ti-cgt-arm_20.2.7.LTS/lib/</path>
         <kind>archive</kind>
         <file>rtsv7M4_T_le_eabi.lib</file>
         <name>i_tofd_t2.asm.obj</name>
      </input_file>
      <input_file id="fl-e1">
         <path>/Applications/TI/ccs/tools/compiler/ti-cgt-arm_20.2.7.LTS/lib/</path>
         <kind>archive</kind>
         <file>rtsv7M4_T_le_eabi.lib</file>
         <name>memset_t2.asm.obj</name>
      </input_file>
      <input_file id="fl-e2">
         <path>/Applications/TI/ccs/tools/compiler/ti-cgt-arm_20.2.7.LTS/lib/</path>
         <kind>archive</kind>
         <file>rtsv7M4_T_le_eabi.lib</file>
         <name>autoinit.c.obj</name>
      </input_file>
      <input_file id="fl-e3">
         <path>/Applications/TI/ccs/tools/compiler/ti-cgt-arm_20.2.7.LTS/lib/</path>
         <kind>archive</kind>
         <file>rtsv7M4_T_le_eabi.lib</file>
         <name>pre_init.c.obj</name>
      </input_file>
      <input_file id="fl-e4">
         <path>/Applications/TI/ccs/tools/compiler/ti-cgt-arm_20.2.7.LTS/lib/</path>
         <kind>archive</kind>
         <file>rtsv7M4_T_le_eabi.lib</file>
         <name>cpy_tbl.c.obj</name>
      </input_file>
      <input_file id="fl-e5">
         <path>/Applications/TI/ccs/tools/compiler/ti-cgt-arm_20.2.7.LTS/lib/</path>
         <kind>archive</kind>
         <file>rtsv7M4_T_le_eabi.lib</file>
         <name>exit.c.obj</name>
      </input_file>
      <input_file id="fl-e6">
         <path>/Applications/TI/ccs/tools/compiler/ti-cgt-arm_20.2.7.LTS/lib/</path>
         <kind>archive</kind>
         <file>rtsv7M4_T_le_eabi.lib</file>
         <name>_lock.c.obj</name>
      </input_file>
      <input_file id="fl-e7">
         <path>/Applications/TI/ccs/tools/compiler/ti-cgt-arm_20.2.7.LTS/lib/</path>
         <kind>archive</kind>
         <file>rtsv7M4_T_le_eabi.lib</file>
         <name>_ltoa.c.obj</name>
      </input_file>
      <input_file id="fl-e8">
         <path>/Applications/TI/ccs/tools/compiler/ti-cgt-arm_20.2.7.LTS/lib/</path>
         <kind>archive</kind>
         <file>rtsv7M4_T_le_eabi.lib</file>
         <name>args_main.c.obj</name>
      </input_file>
      <input_file id="fl-e9">
         <path>/Applications/TI/ccs/tools/compiler/ti-cgt-arm_20.2.7.LTS/lib/</path>
         <kind>archive</kind>
         <file>rtsv7M4_T_le_eabi.lib</file>
         <name>atoi.c.obj</name>
      </input_file>
      <input_file id="fl-ea">
         <path>/Applications/TI/ccs/tools/compiler/ti-cgt-arm_20.2.7.LTS/lib/</path>
         <kind>archive</kind>
         <file>rtsv7M4_T_le_eabi.lib</file>
         <name>ctype.c.obj</name>
      </input_file>
      <input_file id="fl-eb">
         <path>/Applications/TI/ccs/tools/compiler/ti-cgt-arm_20.2.7.LTS/lib/</path>
         <kind>archive</kind>
         <file>rtsv7M4_T_le_eabi.lib</file>
         <name>memccpy.c.obj</name>
      </input_file>
      <input_file id="fl-ec">
         <path>/Applications/TI/ccs/tools/compiler/ti-cgt-arm_20.2.7.LTS/lib/</path>
         <kind>archive</kind>
         <file>rtsv7M4_T_le_eabi.lib</file>
         <name>strchr.c.obj</name>
      </input_file>
      <input_file id="fl-ed">
         <path>/Applications/TI/ccs/tools/compiler/ti-cgt-arm_20.2.7.LTS/lib/</path>
         <kind>archive</kind>
         <file>rtsv7M4_T_le_eabi.lib</file>
         <name>errno.c.obj</name>
      </input_file>
      <input_file id="fl-ee">
         <path>/Applications/TI/ccs/tools/compiler/ti-cgt-arm_20.2.7.LTS/lib/</path>
         <kind>archive</kind>
         <file>rtsv7M4_T_le_eabi.lib</file>
         <name>wcslen.c.obj</name>
      </input_file>
      <input_file id="fl-ef">
         <path>/Applications/TI/ccs/tools/compiler/ti-cgt-arm_20.2.7.LTS/lib/</path>
         <kind>archive</kind>
         <file>rtsv7M4_T_le_eabi.lib</file>
         <name>s_frexp.c.obj</name>
      </input_file>
      <input_file id="fl-f0">
         <path>/Applications/TI/ccs/tools/compiler/ti-cgt-arm_20.2.7.LTS/lib/</path>
         <kind>archive</kind>
         <file>rtsv7M4_T_le_eabi.lib</file>
         <name>s_scalbn.c.obj</name>
      </input_file>
      <input_file id="fl-f1">
         <path>/Applications/TI/ccs/tools/compiler/ti-cgt-arm_20.2.7.LTS/lib/</path>
         <kind>archive</kind>
         <file>rtsv7M4_T_le_eabi.lib</file>
         <name>s_copysign.c.obj</name>
      </input_file>
   </input_file_list>
   <object_component_list>
      <object_component id="oc-12">
         <name>.intvecs</name>
         <load_address>0x20004000</load_address>
         <run_address>0x20004000</run_address>
         <size>0x400</size>
         <input_file_ref idref="fl-4"/>
      </object_component>
      <object_component id="oc-125">
         <name>.text</name>
         <load_address>0x20004400</load_address>
         <run_address>0x20004400</run_address>
         <size>0xa80</size>
         <input_file_ref idref="fl-6"/>
      </object_component>
      <object_component id="oc-279">
         <name>.text:__TI_printfi</name>
         <load_address>0x20004e80</load_address>
         <run_address>0x20004e80</run_address>
         <size>0xa4e</size>
         <input_file_ref idref="fl-d9"/>
      </object_component>
      <object_component id="oc-3a5">
         <name>.text:_nop</name>
         <load_address>0x200058ce</load_address>
         <run_address>0x200058ce</run_address>
         <size>0x2</size>
         <input_file_ref idref="fl-e6"/>
      </object_component>
      <object_component id="oc-119">
         <name>.text</name>
         <load_address>0x200058d0</load_address>
         <run_address>0x200058d0</run_address>
         <size>0x4b2</size>
         <input_file_ref idref="fl-7"/>
      </object_component>
      <object_component id="oc-477">
         <name>.text</name>
         <load_address>0x20005d82</load_address>
         <run_address>0x20005d82</run_address>
         <size>0x2</size>
         <input_file_ref idref="fl-da"/>
      </object_component>
      <object_component id="oc-97">
         <name>.text</name>
         <load_address>0x20005d84</load_address>
         <run_address>0x20005d84</run_address>
         <size>0x314</size>
         <input_file_ref idref="fl-2"/>
      </object_component>
      <object_component id="oc-10d">
         <name>.text</name>
         <load_address>0x20006098</load_address>
         <run_address>0x20006098</run_address>
         <size>0x2a0</size>
         <input_file_ref idref="fl-1"/>
      </object_component>
      <object_component id="oc-e9">
         <name>.text</name>
         <load_address>0x20006338</load_address>
         <run_address>0x20006338</run_address>
         <size>0x27c</size>
         <input_file_ref idref="fl-5"/>
      </object_component>
      <object_component id="oc-377">
         <name>.text:_pconv_a</name>
         <load_address>0x200065b4</load_address>
         <run_address>0x200065b4</run_address>
         <size>0x268</size>
         <input_file_ref idref="fl-d9"/>
      </object_component>
      <object_component id="oc-365">
         <name>.text:_pconv_g</name>
         <load_address>0x2000681c</load_address>
         <run_address>0x2000681c</run_address>
         <size>0x1cc</size>
         <input_file_ref idref="fl-d9"/>
      </object_component>
      <object_component id="oc-411">
         <name>.text</name>
         <load_address>0x200069e8</load_address>
         <run_address>0x200069e8</run_address>
         <size>0x1b6</size>
         <input_file_ref idref="fl-db"/>
      </object_component>
      <object_component id="oc-d7">
         <name>.text:PRCMCC3200MCUInit</name>
         <load_address>0x20006ba0</load_address>
         <run_address>0x20006ba0</run_address>
         <size>0x178</size>
         <input_file_ref idref="fl-12"/>
      </object_component>
      <object_component id="oc-371">
         <name>.text:_pconv_e</name>
         <load_address>0x20006d18</load_address>
         <run_address>0x20006d18</run_address>
         <size>0x13c</size>
         <input_file_ref idref="fl-d9"/>
      </object_component>
      <object_component id="oc-3f7">
         <name>.text</name>
         <load_address>0x20006e54</load_address>
         <run_address>0x20006e54</run_address>
         <size>0x136</size>
         <input_file_ref idref="fl-dd"/>
      </object_component>
      <object_component id="oc-423">
         <name>.text:fcvt</name>
         <load_address>0x20006f8c</load_address>
         <run_address>0x20006f8c</run_address>
         <size>0x120</size>
         <input_file_ref idref="fl-d9"/>
      </object_component>
      <object_component id="oc-dd">
         <name>.text</name>
         <load_address>0x200070ac</load_address>
         <run_address>0x200070ac</run_address>
         <size>0x110</size>
         <input_file_ref idref="fl-3"/>
      </object_component>
      <object_component id="oc-30b">
         <name>.text:aligned_alloc</name>
         <load_address>0x200071bc</load_address>
         <run_address>0x200071bc</run_address>
         <size>0x100</size>
         <input_file_ref idref="fl-d5"/>
      </object_component>
      <object_component id="oc-3f2">
         <name>.text</name>
         <load_address>0x200072bc</load_address>
         <run_address>0x200072bc</run_address>
         <size>0xfc</size>
         <input_file_ref idref="fl-de"/>
      </object_component>
      <object_component id="oc-1fa">
         <name>.text:free</name>
         <load_address>0x200073b8</load_address>
         <run_address>0x200073b8</run_address>
         <size>0xe4</size>
         <input_file_ref idref="fl-d5"/>
      </object_component>
      <object_component id="oc-1f4">
         <name>.text:realloc</name>
         <load_address>0x2000749c</load_address>
         <run_address>0x2000749c</run_address>
         <size>0xe4</size>
         <input_file_ref idref="fl-d5"/>
      </object_component>
      <object_component id="oc-437">
         <name>.text:scalbn</name>
         <load_address>0x20007580</load_address>
         <run_address>0x20007580</run_address>
         <size>0xd0</size>
         <input_file_ref idref="fl-f0"/>
      </object_component>
      <object_component id="oc-35a">
         <name>.text:_ltostr</name>
         <load_address>0x20007650</load_address>
         <run_address>0x20007650</run_address>
         <size>0xb1</size>
         <input_file_ref idref="fl-d9"/>
      </object_component>
      <object_component id="oc-d1">
         <name>.text:IntEnable</name>
         <load_address>0x20007704</load_address>
         <run_address>0x20007704</run_address>
         <size>0xa8</size>
         <input_file_ref idref="fl-10"/>
      </object_component>
      <object_component id="oc-101">
         <name>.text:SPIConfigSetExpClk</name>
         <load_address>0x200077ac</load_address>
         <run_address>0x200077ac</run_address>
         <size>0xa0</size>
         <input_file_ref idref="fl-13"/>
      </object_component>
      <object_component id="oc-3d">
         <name>.text</name>
         <load_address>0x2000784c</load_address>
         <run_address>0x2000784c</run_address>
         <size>0x9c</size>
         <input_file_ref idref="fl-cf"/>
      </object_component>
      <object_component id="oc-3eb">
         <name>.text</name>
         <load_address>0x200078e8</load_address>
         <run_address>0x200078e8</run_address>
         <size>0x96</size>
         <input_file_ref idref="fl-d0"/>
      </object_component>
      <object_component id="oc-fb">
         <name>.text:PRCMPeripheralClockGet</name>
         <load_address>0x20007980</load_address>
         <run_address>0x20007980</run_address>
         <size>0x94</size>
         <input_file_ref idref="fl-12"/>
      </object_component>
      <object_component id="oc-2d2">
         <name>.text:PinConfigSet</name>
         <load_address>0x20007a14</load_address>
         <run_address>0x20007a14</run_address>
         <size>0x88</size>
         <input_file_ref idref="fl-11"/>
      </object_component>
      <object_component id="oc-360">
         <name>.text:__aeabi_cdcmple</name>
         <load_address>0x20007a9c</load_address>
         <run_address>0x20007a9c</run_address>
         <size>0x86</size>
         <input_file_ref idref="fl-dc"/>
      </object_component>
      <object_component id="oc-3fc">
         <name>.text:__aeabi_cdrcmple</name>
         <load_address>0x20007b22</load_address>
         <run_address>0x20007b22</run_address>
         <size>0x86</size>
         <input_file_ref idref="fl-dc"/>
      </object_component>
      <object_component id="oc-251">
         <name>.text:I2CMasterInitExpClk</name>
         <load_address>0x20007ba8</load_address>
         <run_address>0x20007ba8</run_address>
         <size>0x84</size>
         <input_file_ref idref="fl-f"/>
      </object_component>
      <object_component id="oc-8b">
         <name>.text</name>
         <load_address>0x20007c2c</load_address>
         <run_address>0x20007c2c</run_address>
         <size>0x7a</size>
         <input_file_ref idref="fl-e1"/>
      </object_component>
      <object_component id="oc-1c4">
         <name>.text:UARTConfigSetExpClk</name>
         <load_address>0x20007ca6</load_address>
         <run_address>0x20007ca6</run_address>
         <size>0x76</size>
         <input_file_ref idref="fl-14"/>
      </object_component>
      <object_component id="oc-318">
         <name>.text:split</name>
         <load_address>0x20007d1c</load_address>
         <run_address>0x20007d1c</run_address>
         <size>0x70</size>
         <input_file_ref idref="fl-d5"/>
      </object_component>
      <object_component id="oc-41c">
         <name>.text:_mcpy</name>
         <load_address>0x20007d8c</load_address>
         <run_address>0x20007d8c</run_address>
         <size>0x6e</size>
         <input_file_ref idref="fl-d9"/>
      </object_component>
      <object_component id="oc-15">
         <name>.text:decompress:lzss:__TI_decompress_lzss</name>
         <load_address>0x20007dfa</load_address>
         <run_address>0x20007dfa</run_address>
         <size>0x68</size>
         <input_file_ref idref="fl-d3"/>
      </object_component>
      <object_component id="oc-431">
         <name>.text:frexp</name>
         <load_address>0x20007e64</load_address>
         <run_address>0x20007e64</run_address>
         <size>0x5c</size>
         <input_file_ref idref="fl-ef"/>
      </object_component>
      <object_component id="oc-ef">
         <name>.text:PRCMPeripheralReset</name>
         <load_address>0x20007ec0</load_address>
         <run_address>0x20007ec0</run_address>
         <size>0x58</size>
         <input_file_ref idref="fl-12"/>
      </object_component>
      <object_component id="oc-36b">
         <name>.text:_pconv_f</name>
         <load_address>0x20007f18</load_address>
         <run_address>0x20007f18</run_address>
         <size>0x56</size>
         <input_file_ref idref="fl-d9"/>
      </object_component>
      <object_component id="oc-406">
         <name>.text:__TI_ltoa</name>
         <load_address>0x20007f6e</load_address>
         <run_address>0x20007f6e</run_address>
         <size>0x54</size>
         <input_file_ref idref="fl-e7"/>
      </object_component>
      <object_component id="oc-416">
         <name>.text:_ecpy</name>
         <load_address>0x20007fc2</load_address>
         <run_address>0x20007fc2</run_address>
         <size>0x52</size>
         <input_file_ref idref="fl-d9"/>
      </object_component>
      <object_component id="oc-354">
         <name>.text:atoi</name>
         <load_address>0x20008014</load_address>
         <run_address>0x20008014</run_address>
         <size>0x4c</size>
         <input_file_ref idref="fl-e9"/>
      </object_component>
      <object_component id="oc-401">
         <name>.text</name>
         <load_address>0x20008060</load_address>
         <run_address>0x20008060</run_address>
         <size>0x48</size>
         <input_file_ref idref="fl-df"/>
      </object_component>
      <object_component id="oc-13f">
         <name>.text:__TI_auto_init_nobinit_nopinit:__TI_auto_init_nobinit_nopinit</name>
         <load_address>0x200080a8</load_address>
         <run_address>0x200080a8</run_address>
         <size>0x44</size>
         <input_file_ref idref="fl-e2"/>
      </object_component>
      <object_component id="oc-19b">
         <name>.text:PinModeSet</name>
         <load_address>0x200080ec</load_address>
         <run_address>0x200080ec</run_address>
         <size>0x40</size>
         <input_file_ref idref="fl-11"/>
      </object_component>
      <object_component id="oc-11f">
         <name>.text:sprintf</name>
         <load_address>0x2000812c</load_address>
         <run_address>0x2000812c</run_address>
         <size>0x40</size>
         <input_file_ref idref="fl-cd"/>
      </object_component>
      <object_component id="oc-1d0">
         <name>.text:vsnprintf</name>
         <load_address>0x2000816c</load_address>
         <run_address>0x2000816c</run_address>
         <size>0x40</size>
         <input_file_ref idref="fl-ce"/>
      </object_component>
      <object_component id="oc-429">
         <name>.text:_fcpy</name>
         <load_address>0x200081ac</load_address>
         <run_address>0x200081ac</run_address>
         <size>0x3e</size>
         <input_file_ref idref="fl-d9"/>
      </object_component>
      <object_component id="oc-e3">
         <name>.text:PRCMPeripheralClkEnable</name>
         <load_address>0x200081ec</load_address>
         <run_address>0x200081ec</run_address>
         <size>0x3c</size>
         <input_file_ref idref="fl-12"/>
      </object_component>
      <object_component id="oc-1a7">
         <name>.text:GPIODirModeSet</name>
         <load_address>0x20008228</load_address>
         <run_address>0x20008228</run_address>
         <size>0x36</size>
         <input_file_ref idref="fl-e"/>
      </object_component>
      <object_component id="oc-12b">
         <name>.text:rand</name>
         <load_address>0x20008260</load_address>
         <run_address>0x20008260</run_address>
         <size>0x34</size>
         <input_file_ref idref="fl-d6"/>
      </object_component>
      <object_component id="oc-1a1">
         <name>.text:PinTypeGPIO</name>
         <load_address>0x20008294</load_address>
         <run_address>0x20008294</run_address>
         <size>0x30</size>
         <input_file_ref idref="fl-11"/>
      </object_component>
      <object_component id="oc-2df">
         <name>.text:UARTDisable</name>
         <load_address>0x200082c4</load_address>
         <run_address>0x200082c4</run_address>
         <size>0x30</size>
         <input_file_ref idref="fl-14"/>
      </object_component>
      <object_component id="oc-2ed">
         <name>.text:_outs</name>
         <load_address>0x200082f4</load_address>
         <run_address>0x200082f4</run_address>
         <size>0x30</size>
         <input_file_ref idref="fl-ce"/>
      </object_component>
      <object_component id="oc-40c">
         <name>.text</name>
         <load_address>0x20008324</load_address>
         <run_address>0x20008324</run_address>
         <size>0x2e</size>
         <input_file_ref idref="fl-e0"/>
      </object_component>
      <object_component id="oc-22d">
         <name>.text:I2CMasterErr</name>
         <load_address>0x20008352</load_address>
         <run_address>0x20008352</run_address>
         <size>0x2c</size>
         <input_file_ref idref="fl-f"/>
      </object_component>
      <object_component id="oc-182">
         <name>.text:PRCMSysResetCauseGet</name>
         <load_address>0x20008380</load_address>
         <run_address>0x20008380</run_address>
         <size>0x2c</size>
         <input_file_ref idref="fl-12"/>
      </object_component>
      <object_component id="oc-194">
         <name>.text:PRCMPeripheralClkDisable</name>
         <load_address>0x200083ac</load_address>
         <run_address>0x200083ac</run_address>
         <size>0x28</size>
         <input_file_ref idref="fl-12"/>
      </object_component>
      <object_component id="oc-31f">
         <name>.text:free_list_insert</name>
         <load_address>0x200083d4</load_address>
         <run_address>0x200083d4</run_address>
         <size>0x28</size>
         <input_file_ref idref="fl-d5"/>
      </object_component>
      <object_component id="oc-1e8">
         <name>.text:memmove</name>
         <load_address>0x200083fc</load_address>
         <run_address>0x200083fc</run_address>
         <size>0x28</size>
         <input_file_ref idref="fl-d4"/>
      </object_component>
      <object_component id="oc-2e5">
         <name>.text:UARTEnable</name>
         <load_address>0x20008424</load_address>
         <run_address>0x20008424</run_address>
         <size>0x24</size>
         <input_file_ref idref="fl-14"/>
      </object_component>
      <object_component id="oc-5b">
         <name>.text:_c_int00_noargs:_c_int00_noargs</name>
         <load_address>0x20008448</load_address>
         <run_address>0x20008448</run_address>
         <size>0x24</size>
         <input_file_ref idref="fl-d8"/>
      </object_component>
      <object_component id="oc-233">
         <name>.text:I2CMasterSlaveAddrSet</name>
         <load_address>0x2000846c</load_address>
         <run_address>0x2000846c</run_address>
         <size>0x22</size>
         <input_file_ref idref="fl-f"/>
      </object_component>
      <object_component id="oc-f5">
         <name>.text:SPIReset</name>
         <load_address>0x2000848e</load_address>
         <run_address>0x2000848e</run_address>
         <size>0x22</size>
         <input_file_ref idref="fl-13"/>
      </object_component>
      <object_component id="oc-113">
         <name>.text:GPIOPinWrite</name>
         <load_address>0x200084b0</load_address>
         <run_address>0x200084b0</run_address>
         <size>0x20</size>
         <input_file_ref idref="fl-e"/>
      </object_component>
      <object_component id="oc-26b">
         <name>.text:SPIDataGet</name>
         <load_address>0x200084d0</load_address>
         <run_address>0x200084d0</run_address>
         <size>0x20</size>
         <input_file_ref idref="fl-13"/>
      </object_component>
      <object_component id="oc-227">
         <name>.text:I2CMasterIntStatusEx</name>
         <load_address>0x200084f0</load_address>
         <run_address>0x200084f0</run_address>
         <size>0x1e</size>
         <input_file_ref idref="fl-f"/>
      </object_component>
      <object_component id="oc-265">
         <name>.text:SPIDataPut</name>
         <load_address>0x2000850e</load_address>
         <run_address>0x2000850e</run_address>
         <size>0x1e</size>
         <input_file_ref idref="fl-13"/>
      </object_component>
      <object_component id="oc-1ca">
         <name>.text:UARTCharPut</name>
         <load_address>0x2000852c</load_address>
         <run_address>0x2000852c</run_address>
         <size>0x1e</size>
         <input_file_ref idref="fl-14"/>
      </object_component>
      <object_component id="oc-1b9">
         <name>.text:PinTypeI2C</name>
         <load_address>0x2000854a</load_address>
         <run_address>0x2000854a</run_address>
         <size>0x1c</size>
         <input_file_ref idref="fl-11"/>
      </object_component>
      <object_component id="oc-1dc">
         <name>.text:UARTCharGetNonBlocking</name>
         <load_address>0x20008566</load_address>
         <run_address>0x20008566</run_address>
         <size>0x1c</size>
         <input_file_ref idref="fl-14"/>
      </object_component>
      <object_component id="oc-49">
         <name>.text:decompress:ZI:__TI_zero_init_nomemset:__TI_zero_init_nomemset</name>
         <load_address>0x20008582</load_address>
         <run_address>0x20008582</run_address>
         <size>0x1c</size>
         <input_file_ref idref="fl-d1"/>
      </object_component>
      <object_component id="oc-312">
         <name>.text:free_list_remove</name>
         <load_address>0x200085a0</load_address>
         <run_address>0x200085a0</run_address>
         <size>0x1c</size>
         <input_file_ref idref="fl-d5"/>
      </object_component>
      <object_component id="oc-37d">
         <name>.text:memccpy</name>
         <load_address>0x200085bc</load_address>
         <run_address>0x200085bc</run_address>
         <size>0x1c</size>
         <input_file_ref idref="fl-eb"/>
      </object_component>
      <object_component id="oc-1ad">
         <name>.text:PinTypeSPI</name>
         <load_address>0x200085d8</load_address>
         <run_address>0x200085d8</run_address>
         <size>0x1a</size>
         <input_file_ref idref="fl-11"/>
      </object_component>
      <object_component id="oc-1b3">
         <name>.text:PinTypeUART</name>
         <load_address>0x200085f2</load_address>
         <run_address>0x200085f2</run_address>
         <size>0x1a</size>
         <input_file_ref idref="fl-11"/>
      </object_component>
      <object_component id="oc-24b">
         <name>.text:I2CMasterIntEnableEx</name>
         <load_address>0x2000860c</load_address>
         <run_address>0x2000860c</run_address>
         <size>0x18</size>
         <input_file_ref idref="fl-f"/>
      </object_component>
      <object_component id="oc-271">
         <name>.text:SPICSDisable</name>
         <load_address>0x20008624</load_address>
         <run_address>0x20008624</run_address>
         <size>0x18</size>
         <input_file_ref idref="fl-13"/>
      </object_component>
      <object_component id="oc-25f">
         <name>.text:SPICSEnable</name>
         <load_address>0x2000863c</load_address>
         <run_address>0x2000863c</run_address>
         <size>0x18</size>
         <input_file_ref idref="fl-13"/>
      </object_component>
      <object_component id="oc-107">
         <name>.text:SPIEnable</name>
         <load_address>0x20008654</load_address>
         <run_address>0x20008654</run_address>
         <size>0x18</size>
         <input_file_ref idref="fl-13"/>
      </object_component>
      <object_component id="oc-1d6">
         <name>.text:UARTCharsAvail</name>
         <load_address>0x2000866c</load_address>
         <run_address>0x2000866c</run_address>
         <size>0x18</size>
         <input_file_ref idref="fl-14"/>
      </object_component>
      <object_component id="oc-2f3">
         <name>.text:_outc</name>
         <load_address>0x20008684</load_address>
         <run_address>0x20008684</run_address>
         <size>0x18</size>
         <input_file_ref idref="fl-ce"/>
      </object_component>
      <object_component id="oc-27f">
         <name>.text:_outs</name>
         <load_address>0x2000869c</load_address>
         <run_address>0x2000869c</run_address>
         <size>0x18</size>
         <input_file_ref idref="fl-cd"/>
      </object_component>
      <object_component id="oc-239">
         <name>.text:I2CMasterDataPut</name>
         <load_address>0x200086b4</load_address>
         <run_address>0x200086b4</run_address>
         <size>0x16</size>
         <input_file_ref idref="fl-f"/>
      </object_component>
      <object_component id="oc-245">
         <name>.text:I2CMasterEnable</name>
         <load_address>0x200086ca</load_address>
         <run_address>0x200086ca</run_address>
         <size>0x16</size>
         <input_file_ref idref="fl-f"/>
      </object_component>
      <object_component id="oc-215">
         <name>.text:I2CMasterIntClear</name>
         <load_address>0x200086e0</load_address>
         <run_address>0x200086e0</run_address>
         <size>0x16</size>
         <input_file_ref idref="fl-f"/>
      </object_component>
      <object_component id="oc-188">
         <name>.text:PRCMHIBRegRead</name>
         <load_address>0x200086f6</load_address>
         <run_address>0x200086f6</run_address>
         <size>0x16</size>
         <input_file_ref idref="fl-12"/>
      </object_component>
      <object_component id="oc-18e">
         <name>.text:PRCMHIBRegWrite</name>
         <load_address>0x2000870c</load_address>
         <run_address>0x2000870c</run_address>
         <size>0x16</size>
         <input_file_ref idref="fl-12"/>
      </object_component>
      <object_component id="oc-43d">
         <name>.text:strchr</name>
         <load_address>0x20008722</load_address>
         <run_address>0x20008722</run_address>
         <size>0x16</size>
         <input_file_ref idref="fl-ec"/>
      </object_component>
      <object_component id="oc-172">
         <name>.text:CPUcpsie</name>
         <load_address>0x20008738</load_address>
         <run_address>0x20008738</run_address>
         <size>0x14</size>
         <input_file_ref idref="fl-16"/>
      </object_component>
      <object_component id="oc-c5">
         <name>.text:IntVTableBaseSet</name>
         <load_address>0x2000874c</load_address>
         <run_address>0x2000874c</run_address>
         <size>0x14</size>
         <input_file_ref idref="fl-10"/>
      </object_component>
      <object_component id="oc-1e2">
         <name>.text:strlen</name>
         <load_address>0x20008760</load_address>
         <run_address>0x20008760</run_address>
         <size>0x14</size>
         <input_file_ref idref="fl-d7"/>
      </object_component>
      <object_component id="oc-221">
         <name>.text:I2CMasterControl</name>
         <load_address>0x20008774</load_address>
         <run_address>0x20008774</run_address>
         <size>0x12</size>
         <input_file_ref idref="fl-f"/>
      </object_component>
      <object_component id="oc-21b">
         <name>.text:I2CMasterTimeoutSet</name>
         <load_address>0x20008786</load_address>
         <run_address>0x20008786</run_address>
         <size>0x12</size>
         <input_file_ref idref="fl-f"/>
      </object_component>
      <object_component id="oc-383">
         <name>.text:wcslen</name>
         <load_address>0x20008798</load_address>
         <run_address>0x20008798</run_address>
         <size>0x12</size>
         <input_file_ref idref="fl-ee"/>
      </object_component>
      <object_component id="oc-23f">
         <name>.text:I2CMasterDataGet</name>
         <load_address>0x200087aa</load_address>
         <run_address>0x200087aa</run_address>
         <size>0xe</size>
         <input_file_ref idref="fl-f"/>
      </object_component>
      <object_component id="oc-1b">
         <name>.text:decompress:none:__TI_decompress_none</name>
         <load_address>0x200087b8</load_address>
         <run_address>0x200087b8</run_address>
         <size>0xe</size>
         <input_file_ref idref="fl-d2"/>
      </object_component>
      <object_component id="oc-29">
         <name>.text</name>
         <load_address>0x200087c6</load_address>
         <run_address>0x200087c6</run_address>
         <size>0xe</size>
         <input_file_ref idref="fl-4"/>
      </object_component>
      <object_component id="oc-490">
         <name>.text:copysign</name>
         <load_address>0x200087d4</load_address>
         <run_address>0x200087d4</run_address>
         <size>0xc</size>
         <input_file_ref idref="fl-f1"/>
      </object_component>
      <object_component id="oc-cb">
         <name>.text:IntMasterEnable</name>
         <load_address>0x200087e0</load_address>
         <run_address>0x200087e0</run_address>
         <size>0xa</size>
         <input_file_ref idref="fl-10"/>
      </object_component>
      <object_component id="oc-285">
         <name>.text:_outc</name>
         <load_address>0x200087ea</load_address>
         <run_address>0x200087ea</run_address>
         <size>0xa</size>
         <input_file_ref idref="fl-cd"/>
      </object_component>
      <object_component id="oc-389">
         <name>.text:__aeabi_errno_addr</name>
         <load_address>0x200087f4</load_address>
         <run_address>0x200087f4</run_address>
         <size>0x8</size>
         <input_file_ref idref="fl-ed"/>
      </object_component>
      <object_component id="oc-1ee">
         <name>.text:malloc</name>
         <load_address>0x200087fc</load_address>
         <run_address>0x200087fc</run_address>
         <size>0x8</size>
         <input_file_ref idref="fl-d5"/>
      </object_component>
      <object_component id="oc-2ca">
         <name>.text:UtilsDelay</name>
         <load_address>0x20008804</load_address>
         <run_address>0x20008804</run_address>
         <size>0x6</size>
         <input_file_ref idref="fl-15"/>
      </object_component>
      <object_component id="oc-91">
         <name>.text:_system_pre_init</name>
         <load_address>0x2000880a</load_address>
         <run_address>0x2000880a</run_address>
         <size>0x4</size>
         <input_file_ref idref="fl-e3"/>
      </object_component>
      <object_component id="oc-133">
         <name>.text:abort:abort</name>
         <load_address>0x2000880e</load_address>
         <run_address>0x2000880e</run_address>
         <size>0x4</size>
         <input_file_ref idref="fl-e5"/>
      </object_component>
      <object_component id="oc-28d">
         <name>.const:.string:font</name>
         <load_address>0x20008814</load_address>
         <run_address>0x20008814</run_address>
         <size>0x4fb</size>
         <input_file_ref idref="fl-6"/>
      </object_component>
      <object_component id="oc-3e6">
         <name>.const:.string:_ctypes_</name>
         <load_address>0x20008d0f</load_address>
         <run_address>0x20008d0f</run_address>
         <size>0x101</size>
         <input_file_ref idref="fl-ea"/>
      </object_component>
      <object_component id="oc-2ce">
         <name>.const:g_ulPinToPadMap</name>
         <load_address>0x20008e10</load_address>
         <run_address>0x20008e10</run_address>
         <size>0x100</size>
         <input_file_ref idref="fl-11"/>
      </object_component>
      <object_component id="oc-1c0">
         <name>.const:PRCM_PeriphRegsList</name>
         <load_address>0x20008f10</load_address>
         <run_address>0x20008f10</run_address>
         <size>0xa8</size>
         <input_file_ref idref="fl-12"/>
      </object_component>
      <object_component id="oc-17e">
         <name>.const:g_pulEnRegs</name>
         <load_address>0x20008fb8</load_address>
         <run_address>0x20008fb8</run_address>
         <size>0x18</size>
         <input_file_ref idref="fl-10"/>
      </object_component>
      <object_component id="oc-4ef">
         <name>.cinit..data.load</name>
         <load_address>0x20008fd0</load_address>
         <run_address>0x20008fd0</run_address>
         <size>0x22</size>
      </object_component>
      <object_component id="oc-4ed">
         <name>__TI_handler_table</name>
         <load_address>0x20008ff4</load_address>
         <run_address>0x20008ff4</run_address>
         <size>0xc</size>
      </object_component>
      <object_component id="oc-4f0">
         <name>.cinit..bss.load</name>
         <load_address>0x20009000</load_address>
         <run_address>0x20009000</run_address>
         <size>0x8</size>
      </object_component>
      <object_component id="oc-4ee">
         <name>__TI_cinit_table</name>
         <load_address>0x20009008</load_address>
         <run_address>0x20009008</run_address>
         <size>0x10</size>
      </object_component>
      <object_component id="oc-290">
         <name>.data</name>
         <load_address>0x20017800</load_address>
         <run_address>0x20017800</run_address>
         <size>0x15</size>
         <input_file_ref idref="fl-6"/>
      </object_component>
      <object_component id="oc-3d8">
         <name>.data:$O1$$</name>
         <load_address>0x20017820</load_address>
         <run_address>0x20017820</run_address>
         <size>0x8</size>
         <input_file_ref idref="fl-d5"/>
      </object_component>
      <object_component id="oc-298">
         <name>.data</name>
         <load_address>0x2001782c</load_address>
         <run_address>0x2001782c</run_address>
         <size>0x4</size>
         <input_file_ref idref="fl-d6"/>
      </object_component>
      <object_component id="oc-295">
         <name>.data:$O1$$</name>
         <load_address>0x20017818</load_address>
         <run_address>0x20017818</run_address>
         <size>0x8</size>
         <input_file_ref idref="fl-e6"/>
      </object_component>
      <object_component id="oc-44d">
         <name>.data</name>
         <load_address>0x20017828</load_address>
         <run_address>0x20017828</run_address>
         <size>0x4</size>
         <input_file_ref idref="fl-ed"/>
      </object_component>
      <object_component id="oc-200">
         <name>.bss</name>
         <uninitialized>true</uninitialized>
         <run_address>0x20017830</run_address>
         <size>0x4</size>
         <input_file_ref idref="fl-5"/>
      </object_component>
      <object_component id="oc-23">
         <name>.sysmem</name>
         <uninitialized>true</uninitialized>
         <run_address>0x20017000</run_address>
         <size>0x10</size>
         <input_file_ref idref="fl-d5"/>
      </object_component>
      <object_component id="oc-4f3">
         <name>.sysmem</name>
         <uninitialized>true</uninitialized>
         <run_address>0x20017000</run_address>
         <size>0x0</size>
      </object_component>
      <object_component id="oc-26">
         <name>.stack</name>
         <uninitialized>true</uninitialized>
         <run_address>0x2002f800</run_address>
         <size>0x4</size>
         <input_file_ref idref="fl-d8"/>
      </object_component>
      <object_component id="oc-4f2">
         <name>.stack</name>
         <uninitialized>true</uninitialized>
         <run_address>0x2002f800</run_address>
         <size>0x0</size>
      </object_component>
      <object_component id="oc-25d">
         <name>.debug_info</name>
         <load_address>0x0</load_address>
         <run_address>0x0</run_address>
         <size>0x4ea</size>
         <input_file_ref idref="fl-1"/>
      </object_component>
      <object_component id="oc-10e">
         <name>.debug_info</name>
         <load_address>0x4ea</load_address>
         <run_address>0x4ea</run_address>
         <size>0xcbb</size>
         <input_file_ref idref="fl-1"/>
      </object_component>
      <object_component id="oc-29e">
         <name>.debug_info</name>
         <load_address>0x11a5</load_address>
         <run_address>0x11a5</run_address>
         <size>0x26b</size>
         <input_file_ref idref="fl-1"/>
      </object_component>
      <object_component id="oc-20a">
         <name>.debug_info</name>
         <load_address>0x1410</load_address>
         <run_address>0x1410</run_address>
         <size>0x110</size>
         <input_file_ref idref="fl-1"/>
      </object_component>
      <object_component id="oc-331">
         <name>.debug_info</name>
         <load_address>0x1520</load_address>
         <run_address>0x1520</run_address>
         <size>0x62</size>
         <input_file_ref idref="fl-1"/>
      </object_component>
      <object_component id="oc-258">
         <name>.debug_info</name>
         <load_address>0x1582</load_address>
         <run_address>0x1582</run_address>
         <size>0x8b</size>
         <input_file_ref idref="fl-1"/>
      </object_component>
      <object_component id="oc-32a">
         <name>.debug_info</name>
         <load_address>0x160d</load_address>
         <run_address>0x160d</run_address>
         <size>0x2a4</size>
         <input_file_ref idref="fl-1"/>
      </object_component>
      <object_component id="oc-348">
         <name>.debug_info</name>
         <load_address>0x18b1</load_address>
         <run_address>0x18b1</run_address>
         <size>0xbb</size>
         <input_file_ref idref="fl-1"/>
      </object_component>
      <object_component id="oc-179">
         <name>.debug_info</name>
         <load_address>0x196c</load_address>
         <run_address>0x196c</run_address>
         <size>0x2c</size>
         <input_file_ref idref="fl-1"/>
      </object_component>
      <object_component id="oc-132">
         <name>.debug_info</name>
         <load_address>0x1998</load_address>
         <run_address>0x1998</run_address>
         <size>0x695</size>
         <input_file_ref idref="fl-2"/>
      </object_component>
      <object_component id="oc-98">
         <name>.debug_info</name>
         <load_address>0x202d</load_address>
         <run_address>0x202d</run_address>
         <size>0x5ca</size>
         <input_file_ref idref="fl-2"/>
      </object_component>
      <object_component id="oc-38">
         <name>.debug_info</name>
         <load_address>0x25f7</load_address>
         <run_address>0x25f7</run_address>
         <size>0x84</size>
         <input_file_ref idref="fl-2"/>
      </object_component>
      <object_component id="oc-bc">
         <name>.debug_info</name>
         <load_address>0x267b</load_address>
         <run_address>0x267b</run_address>
         <size>0x2c</size>
         <input_file_ref idref="fl-2"/>
      </object_component>
      <object_component id="oc-205">
         <name>.debug_info</name>
         <load_address>0x26a7</load_address>
         <run_address>0x26a7</run_address>
         <size>0x2c</size>
         <input_file_ref idref="fl-2"/>
      </object_component>
      <object_component id="oc-2a3">
         <name>.debug_info</name>
         <load_address>0x26d3</load_address>
         <run_address>0x26d3</run_address>
         <size>0x35</size>
         <input_file_ref idref="fl-2"/>
      </object_component>
      <object_component id="oc-de">
         <name>.debug_info</name>
         <load_address>0x2708</load_address>
         <run_address>0x2708</run_address>
         <size>0x373</size>
         <input_file_ref idref="fl-3"/>
      </object_component>
      <object_component id="oc-31">
         <name>.debug_info</name>
         <load_address>0x2a7b</load_address>
         <run_address>0x2a7b</run_address>
         <size>0x19b</size>
         <input_file_ref idref="fl-4"/>
      </object_component>
      <object_component id="oc-13">
         <name>.debug_info</name>
         <load_address>0x2c16</load_address>
         <run_address>0x2c16</run_address>
         <size>0x11a</size>
         <input_file_ref idref="fl-4"/>
      </object_component>
      <object_component id="oc-2a">
         <name>.debug_info</name>
         <load_address>0x2d30</load_address>
         <run_address>0x2d30</run_address>
         <size>0x4d1</size>
         <input_file_ref idref="fl-4"/>
      </object_component>
      <object_component id="oc-204">
         <name>.debug_info</name>
         <load_address>0x3201</load_address>
         <run_address>0x3201</run_address>
         <size>0x3aa</size>
         <input_file_ref idref="fl-5"/>
      </object_component>
      <object_component id="oc-201">
         <name>.debug_info</name>
         <load_address>0x35ab</load_address>
         <run_address>0x35ab</run_address>
         <size>0xd5</size>
         <input_file_ref idref="fl-5"/>
      </object_component>
      <object_component id="oc-ea">
         <name>.debug_info</name>
         <load_address>0x3680</load_address>
         <run_address>0x3680</run_address>
         <size>0x63b</size>
         <input_file_ref idref="fl-5"/>
      </object_component>
      <object_component id="oc-294">
         <name>.debug_info</name>
         <load_address>0x3cbb</load_address>
         <run_address>0x3cbb</run_address>
         <size>0x221</size>
         <input_file_ref idref="fl-6"/>
      </object_component>
      <object_component id="oc-28e">
         <name>.debug_info</name>
         <load_address>0x3edc</load_address>
         <run_address>0x3edc</run_address>
         <size>0xd3</size>
         <input_file_ref idref="fl-6"/>
      </object_component>
      <object_component id="oc-291">
         <name>.debug_info</name>
         <load_address>0x3faf</load_address>
         <run_address>0x3faf</run_address>
         <size>0x181</size>
         <input_file_ref idref="fl-6"/>
      </object_component>
      <object_component id="oc-126">
         <name>.debug_info</name>
         <load_address>0x4130</load_address>
         <run_address>0x4130</run_address>
         <size>0x15f3</size>
         <input_file_ref idref="fl-6"/>
      </object_component>
      <object_component id="oc-278">
         <name>.debug_info</name>
         <load_address>0x5723</load_address>
         <run_address>0x5723</run_address>
         <size>0x24d</size>
         <input_file_ref idref="fl-7"/>
      </object_component>
      <object_component id="oc-11a">
         <name>.debug_info</name>
         <load_address>0x5970</load_address>
         <run_address>0x5970</run_address>
         <size>0xed6</size>
         <input_file_ref idref="fl-7"/>
      </object_component>
      <object_component id="oc-1ab">
         <name>.debug_info</name>
         <load_address>0x6846</load_address>
         <run_address>0x6846</run_address>
         <size>0x1dd</size>
         <input_file_ref idref="fl-e"/>
      </object_component>
      <object_component id="oc-115">
         <name>.debug_info</name>
         <load_address>0x6a23</load_address>
         <run_address>0x6a23</run_address>
         <size>0x1d4</size>
         <input_file_ref idref="fl-e"/>
      </object_component>
      <object_component id="oc-471">
         <name>.debug_info</name>
         <load_address>0x6bf7</load_address>
         <run_address>0x6bf7</run_address>
         <size>0x220</size>
         <input_file_ref idref="fl-f"/>
      </object_component>
      <object_component id="oc-252">
         <name>.debug_info</name>
         <load_address>0x6e17</load_address>
         <run_address>0x6e17</run_address>
         <size>0x242</size>
         <input_file_ref idref="fl-f"/>
      </object_component>
      <object_component id="oc-246">
         <name>.debug_info</name>
         <load_address>0x7059</load_address>
         <run_address>0x7059</run_address>
         <size>0x18d</size>
         <input_file_ref idref="fl-f"/>
      </object_component>
      <object_component id="oc-24c">
         <name>.debug_info</name>
         <load_address>0x71e6</load_address>
         <run_address>0x71e6</run_address>
         <size>0x1da</size>
         <input_file_ref idref="fl-f"/>
      </object_component>
      <object_component id="oc-22a">
         <name>.debug_info</name>
         <load_address>0x73c0</load_address>
         <run_address>0x73c0</run_address>
         <size>0x1ca</size>
         <input_file_ref idref="fl-f"/>
      </object_component>
      <object_component id="oc-218">
         <name>.debug_info</name>
         <load_address>0x758a</load_address>
         <run_address>0x758a</run_address>
         <size>0x191</size>
         <input_file_ref idref="fl-f"/>
      </object_component>
      <object_component id="oc-237">
         <name>.debug_info</name>
         <load_address>0x771b</load_address>
         <run_address>0x771b</run_address>
         <size>0x20f</size>
         <input_file_ref idref="fl-f"/>
      </object_component>
      <object_component id="oc-225">
         <name>.debug_info</name>
         <load_address>0x792a</load_address>
         <run_address>0x792a</run_address>
         <size>0x1be</size>
         <input_file_ref idref="fl-f"/>
      </object_component>
      <object_component id="oc-231">
         <name>.debug_info</name>
         <load_address>0x7ae8</load_address>
         <run_address>0x7ae8</run_address>
         <size>0x1a3</size>
         <input_file_ref idref="fl-f"/>
      </object_component>
      <object_component id="oc-23d">
         <name>.debug_info</name>
         <load_address>0x7c8b</load_address>
         <run_address>0x7c8b</run_address>
         <size>0x1be</size>
         <input_file_ref idref="fl-f"/>
      </object_component>
      <object_component id="oc-243">
         <name>.debug_info</name>
         <load_address>0x7e49</load_address>
         <run_address>0x7e49</run_address>
         <size>0x193</size>
         <input_file_ref idref="fl-f"/>
      </object_component>
      <object_component id="oc-21f">
         <name>.debug_info</name>
         <load_address>0x7fdc</load_address>
         <run_address>0x7fdc</run_address>
         <size>0x1cc</size>
         <input_file_ref idref="fl-f"/>
      </object_component>
      <object_component id="oc-4ae">
         <name>.debug_info</name>
         <load_address>0x81a8</load_address>
         <run_address>0x81a8</run_address>
         <size>0x26b</size>
         <input_file_ref idref="fl-f"/>
      </object_component>
      <object_component id="oc-3df">
         <name>.debug_info</name>
         <load_address>0x8413</load_address>
         <run_address>0x8413</run_address>
         <size>0x297</size>
         <input_file_ref idref="fl-f"/>
      </object_component>
      <object_component id="oc-337">
         <name>.debug_info</name>
         <load_address>0x86aa</load_address>
         <run_address>0x86aa</run_address>
         <size>0xbb</size>
         <input_file_ref idref="fl-f"/>
      </object_component>
      <object_component id="oc-2c8">
         <name>.debug_info</name>
         <load_address>0x8765</load_address>
         <run_address>0x8765</run_address>
         <size>0x201</size>
         <input_file_ref idref="fl-10"/>
      </object_component>
      <object_component id="oc-17f">
         <name>.debug_info</name>
         <load_address>0x8966</load_address>
         <run_address>0x8966</run_address>
         <size>0xf4</size>
         <input_file_ref idref="fl-10"/>
      </object_component>
      <object_component id="oc-cc">
         <name>.debug_info</name>
         <load_address>0x8a5a</load_address>
         <run_address>0x8a5a</run_address>
         <size>0x17c</size>
         <input_file_ref idref="fl-10"/>
      </object_component>
      <object_component id="oc-c9">
         <name>.debug_info</name>
         <load_address>0x8bd6</load_address>
         <run_address>0x8bd6</run_address>
         <size>0x1ae</size>
         <input_file_ref idref="fl-10"/>
      </object_component>
      <object_component id="oc-d5">
         <name>.debug_info</name>
         <load_address>0x8d84</load_address>
         <run_address>0x8d84</run_address>
         <size>0x19f</size>
         <input_file_ref idref="fl-10"/>
      </object_component>
      <object_component id="oc-3cc">
         <name>.debug_info</name>
         <load_address>0x8f23</load_address>
         <run_address>0x8f23</run_address>
         <size>0x14e</size>
         <input_file_ref idref="fl-11"/>
      </object_component>
      <object_component id="oc-2cf">
         <name>.debug_info</name>
         <load_address>0x9071</load_address>
         <run_address>0x9071</run_address>
         <size>0xf6</size>
         <input_file_ref idref="fl-11"/>
      </object_component>
      <object_component id="oc-19d">
         <name>.debug_info</name>
         <load_address>0x9167</load_address>
         <run_address>0x9167</run_address>
         <size>0x1bf</size>
         <input_file_ref idref="fl-11"/>
      </object_component>
      <object_component id="oc-2d4">
         <name>.debug_info</name>
         <load_address>0x9326</load_address>
         <run_address>0x9326</run_address>
         <size>0x20d</size>
         <input_file_ref idref="fl-11"/>
      </object_component>
      <object_component id="oc-1b5">
         <name>.debug_info</name>
         <load_address>0x9533</load_address>
         <run_address>0x9533</run_address>
         <size>0x1d4</size>
         <input_file_ref idref="fl-11"/>
      </object_component>
      <object_component id="oc-1bc">
         <name>.debug_info</name>
         <load_address>0x9707</load_address>
         <run_address>0x9707</run_address>
         <size>0x1d2</size>
         <input_file_ref idref="fl-11"/>
      </object_component>
      <object_component id="oc-1af">
         <name>.debug_info</name>
         <load_address>0x98d9</load_address>
         <run_address>0x98d9</run_address>
         <size>0x1d2</size>
         <input_file_ref idref="fl-11"/>
      </object_component>
      <object_component id="oc-1a3">
         <name>.debug_info</name>
         <load_address>0x9aab</load_address>
         <run_address>0x9aab</run_address>
         <size>0x222</size>
         <input_file_ref idref="fl-11"/>
      </object_component>
      <object_component id="oc-210">
         <name>.debug_info</name>
         <load_address>0x9ccd</load_address>
         <run_address>0x9ccd</run_address>
         <size>0x25e</size>
         <input_file_ref idref="fl-12"/>
      </object_component>
      <object_component id="oc-1c1">
         <name>.debug_info</name>
         <load_address>0x9f2b</load_address>
         <run_address>0x9f2b</run_address>
         <size>0xff</size>
         <input_file_ref idref="fl-12"/>
      </object_component>
      <object_component id="oc-183">
         <name>.debug_info</name>
         <load_address>0xa02a</load_address>
         <run_address>0xa02a</run_address>
         <size>0x1a6</size>
         <input_file_ref idref="fl-12"/>
      </object_component>
      <object_component id="oc-e4">
         <name>.debug_info</name>
         <load_address>0xa1d0</load_address>
         <run_address>0xa1d0</run_address>
         <size>0x1eb</size>
         <input_file_ref idref="fl-12"/>
      </object_component>
      <object_component id="oc-195">
         <name>.debug_info</name>
         <load_address>0xa3bb</load_address>
         <run_address>0xa3bb</run_address>
         <size>0x1ed</size>
         <input_file_ref idref="fl-12"/>
      </object_component>
      <object_component id="oc-fc">
         <name>.debug_info</name>
         <load_address>0xa5a8</load_address>
         <run_address>0xa5a8</run_address>
         <size>0x216</size>
         <input_file_ref idref="fl-12"/>
      </object_component>
      <object_component id="oc-f0">
         <name>.debug_info</name>
         <load_address>0xa7be</load_address>
         <run_address>0xa7be</run_address>
         <size>0x1c0</size>
         <input_file_ref idref="fl-12"/>
      </object_component>
      <object_component id="oc-d8">
         <name>.debug_info</name>
         <load_address>0xa97e</load_address>
         <run_address>0xa97e</run_address>
         <size>0x283</size>
         <input_file_ref idref="fl-12"/>
      </object_component>
      <object_component id="oc-189">
         <name>.debug_info</name>
         <load_address>0xac01</load_address>
         <run_address>0xac01</run_address>
         <size>0x1bf</size>
         <input_file_ref idref="fl-12"/>
      </object_component>
      <object_component id="oc-18f">
         <name>.debug_info</name>
         <load_address>0xadc0</load_address>
         <run_address>0xadc0</run_address>
         <size>0x1d4</size>
         <input_file_ref idref="fl-12"/>
      </object_component>
      <object_component id="oc-350">
         <name>.debug_info</name>
         <load_address>0xaf94</load_address>
         <run_address>0xaf94</run_address>
         <size>0x232</size>
         <input_file_ref idref="fl-13"/>
      </object_component>
      <object_component id="oc-108">
         <name>.debug_info</name>
         <load_address>0xb1c6</load_address>
         <run_address>0xb1c6</run_address>
         <size>0x179</size>
         <input_file_ref idref="fl-13"/>
      </object_component>
      <object_component id="oc-f6">
         <name>.debug_info</name>
         <load_address>0xb33f</load_address>
         <run_address>0xb33f</run_address>
         <size>0x177</size>
         <input_file_ref idref="fl-13"/>
      </object_component>
      <object_component id="oc-102">
         <name>.debug_info</name>
         <load_address>0xb4b6</load_address>
         <run_address>0xb4b6</run_address>
         <size>0x28e</size>
         <input_file_ref idref="fl-13"/>
      </object_component>
      <object_component id="oc-26c">
         <name>.debug_info</name>
         <load_address>0xb744</load_address>
         <run_address>0xb744</run_address>
         <size>0x1aa</size>
         <input_file_ref idref="fl-13"/>
      </object_component>
      <object_component id="oc-266">
         <name>.debug_info</name>
         <load_address>0xb8ee</load_address>
         <run_address>0xb8ee</run_address>
         <size>0x1a6</size>
         <input_file_ref idref="fl-13"/>
      </object_component>
      <object_component id="oc-260">
         <name>.debug_info</name>
         <load_address>0xba94</load_address>
         <run_address>0xba94</run_address>
         <size>0x17d</size>
         <input_file_ref idref="fl-13"/>
      </object_component>
      <object_component id="oc-272">
         <name>.debug_info</name>
         <load_address>0xbc11</load_address>
         <run_address>0xbc11</run_address>
         <size>0x17f</size>
         <input_file_ref idref="fl-13"/>
      </object_component>
      <object_component id="oc-1c8">
         <name>.debug_info</name>
         <load_address>0xbd90</load_address>
         <run_address>0xbd90</run_address>
         <size>0x25c</size>
         <input_file_ref idref="fl-14"/>
      </object_component>
      <object_component id="oc-2e9">
         <name>.debug_info</name>
         <load_address>0xbfec</load_address>
         <run_address>0xbfec</run_address>
         <size>0x17e</size>
         <input_file_ref idref="fl-14"/>
      </object_component>
      <object_component id="oc-2e3">
         <name>.debug_info</name>
         <load_address>0xc16a</load_address>
         <run_address>0xc16a</run_address>
         <size>0x180</size>
         <input_file_ref idref="fl-14"/>
      </object_component>
      <object_component id="oc-1d7">
         <name>.debug_info</name>
         <load_address>0xc2ea</load_address>
         <run_address>0xc2ea</run_address>
         <size>0x18a</size>
         <input_file_ref idref="fl-14"/>
      </object_component>
      <object_component id="oc-1dd">
         <name>.debug_info</name>
         <load_address>0xc474</load_address>
         <run_address>0xc474</run_address>
         <size>0x19a</size>
         <input_file_ref idref="fl-14"/>
      </object_component>
      <object_component id="oc-1cb">
         <name>.debug_info</name>
         <load_address>0xc60e</load_address>
         <run_address>0xc60e</run_address>
         <size>0x1ab</size>
         <input_file_ref idref="fl-14"/>
      </object_component>
      <object_component id="oc-174">
         <name>.debug_info</name>
         <load_address>0xc7b9</load_address>
         <run_address>0xc7b9</run_address>
         <size>0x14e</size>
         <input_file_ref idref="fl-16"/>
      </object_component>
      <object_component id="oc-28c">
         <name>.debug_info</name>
         <load_address>0xc907</load_address>
         <run_address>0xc907</run_address>
         <size>0x205</size>
         <input_file_ref idref="fl-cd"/>
      </object_component>
      <object_component id="oc-120">
         <name>.debug_info</name>
         <load_address>0xcb0c</load_address>
         <run_address>0xcb0c</run_address>
         <size>0x1d1</size>
         <input_file_ref idref="fl-cd"/>
      </object_component>
      <object_component id="oc-280">
         <name>.debug_info</name>
         <load_address>0xccdd</load_address>
         <run_address>0xccdd</run_address>
         <size>0x18d</size>
         <input_file_ref idref="fl-cd"/>
      </object_component>
      <object_component id="oc-286">
         <name>.debug_info</name>
         <load_address>0xce6a</load_address>
         <run_address>0xce6a</run_address>
         <size>0x16d</size>
         <input_file_ref idref="fl-cd"/>
      </object_component>
      <object_component id="oc-2fb">
         <name>.debug_info</name>
         <load_address>0xcfd7</load_address>
         <run_address>0xcfd7</run_address>
         <size>0x2c</size>
         <input_file_ref idref="fl-cd"/>
      </object_component>
      <object_component id="oc-2fa">
         <name>.debug_info</name>
         <load_address>0xd003</load_address>
         <run_address>0xd003</run_address>
         <size>0x212</size>
         <input_file_ref idref="fl-ce"/>
      </object_component>
      <object_component id="oc-1d4">
         <name>.debug_info</name>
         <load_address>0xd215</load_address>
         <run_address>0xd215</run_address>
         <size>0x208</size>
         <input_file_ref idref="fl-ce"/>
      </object_component>
      <object_component id="oc-2f1">
         <name>.debug_info</name>
         <load_address>0xd41d</load_address>
         <run_address>0xd41d</run_address>
         <size>0x1c6</size>
         <input_file_ref idref="fl-ce"/>
      </object_component>
      <object_component id="oc-2f6">
         <name>.debug_info</name>
         <load_address>0xd5e3</load_address>
         <run_address>0xd5e3</run_address>
         <size>0x179</size>
         <input_file_ref idref="fl-ce"/>
      </object_component>
      <object_component id="oc-300">
         <name>.debug_info</name>
         <load_address>0xd75c</load_address>
         <run_address>0xd75c</run_address>
         <size>0x69</size>
         <input_file_ref idref="fl-ce"/>
      </object_component>
      <object_component id="oc-40">
         <name>.debug_info</name>
         <load_address>0xd7c5</load_address>
         <run_address>0xd7c5</run_address>
         <size>0x119</size>
         <input_file_ref idref="fl-cf"/>
      </object_component>
      <object_component id="oc-3ec">
         <name>.debug_info</name>
         <load_address>0xd8de</load_address>
         <run_address>0xd8de</run_address>
         <size>0x134</size>
         <input_file_ref idref="fl-d0"/>
      </object_component>
      <object_component id="oc-8a">
         <name>.debug_info</name>
         <load_address>0xda12</load_address>
         <run_address>0xda12</run_address>
         <size>0x1a6</size>
         <input_file_ref idref="fl-d1"/>
      </object_component>
      <object_component id="oc-4a">
         <name>.debug_info</name>
         <load_address>0xdbb8</load_address>
         <run_address>0xdbb8</run_address>
         <size>0x1d2</size>
         <input_file_ref idref="fl-d1"/>
      </object_component>
      <object_component id="oc-85">
         <name>.debug_info</name>
         <load_address>0xdd8a</load_address>
         <run_address>0xdd8a</run_address>
         <size>0x46</size>
         <input_file_ref idref="fl-d1"/>
      </object_component>
      <object_component id="oc-48">
         <name>.debug_info</name>
         <load_address>0xddd0</load_address>
         <run_address>0xddd0</run_address>
         <size>0x17a</size>
         <input_file_ref idref="fl-d2"/>
      </object_component>
      <object_component id="oc-1d">
         <name>.debug_info</name>
         <load_address>0xdf4a</load_address>
         <run_address>0xdf4a</run_address>
         <size>0x1ea</size>
         <input_file_ref idref="fl-d2"/>
      </object_component>
      <object_component id="oc-43">
         <name>.debug_info</name>
         <load_address>0xe134</load_address>
         <run_address>0xe134</run_address>
         <size>0x46</size>
         <input_file_ref idref="fl-d2"/>
      </object_component>
      <object_component id="oc-7d">
         <name>.debug_info</name>
         <load_address>0xe17a</load_address>
         <run_address>0xe17a</run_address>
         <size>0x2c</size>
         <input_file_ref idref="fl-d2"/>
      </object_component>
      <object_component id="oc-7b">
         <name>.debug_info</name>
         <load_address>0xe1a6</load_address>
         <run_address>0xe1a6</run_address>
         <size>0x170</size>
         <input_file_ref idref="fl-d3"/>
      </object_component>
      <object_component id="oc-16">
         <name>.debug_info</name>
         <load_address>0xe316</load_address>
         <run_address>0xe316</run_address>
         <size>0x250</size>
         <input_file_ref idref="fl-d3"/>
      </object_component>
      <object_component id="oc-33">
         <name>.debug_info</name>
         <load_address>0xe566</load_address>
         <run_address>0xe566</run_address>
         <size>0x60</size>
         <input_file_ref idref="fl-d3"/>
      </object_component>
      <object_component id="oc-b5">
         <name>.debug_info</name>
         <load_address>0xe5c6</load_address>
         <run_address>0xe5c6</run_address>
         <size>0x46</size>
         <input_file_ref idref="fl-d3"/>
      </object_component>
      <object_component id="oc-76">
         <name>.debug_info</name>
         <load_address>0xe60c</load_address>
         <run_address>0xe60c</run_address>
         <size>0x39</size>
         <input_file_ref idref="fl-d3"/>
      </object_component>
      <object_component id="oc-30a">
         <name>.debug_info</name>
         <load_address>0xe645</load_address>
         <run_address>0xe645</run_address>
         <size>0x172</size>
         <input_file_ref idref="fl-d4"/>
      </object_component>
      <object_component id="oc-1e9">
         <name>.debug_info</name>
         <load_address>0xe7b7</load_address>
         <run_address>0xe7b7</run_address>
         <size>0x1a9</size>
         <input_file_ref idref="fl-d4"/>
      </object_component>
      <object_component id="oc-6f">
         <name>.debug_info</name>
         <load_address>0xe960</load_address>
         <run_address>0xe960</run_address>
         <size>0x284</size>
         <input_file_ref idref="fl-d5"/>
      </object_component>
      <object_component id="oc-24">
         <name>.debug_info</name>
         <load_address>0xebe4</load_address>
         <run_address>0xebe4</run_address>
         <size>0x10c</size>
         <input_file_ref idref="fl-d5"/>
      </object_component>
      <object_component id="oc-3d9">
         <name>.debug_info</name>
         <load_address>0xecf0</load_address>
         <run_address>0xecf0</run_address>
         <size>0x13f</size>
         <input_file_ref idref="fl-d5"/>
      </object_component>
      <object_component id="oc-1ef">
         <name>.debug_info</name>
         <load_address>0xee2f</load_address>
         <run_address>0xee2f</run_address>
         <size>0x168</size>
         <input_file_ref idref="fl-d5"/>
      </object_component>
      <object_component id="oc-313">
         <name>.debug_info</name>
         <load_address>0xef97</load_address>
         <run_address>0xef97</run_address>
         <size>0x18e</size>
         <input_file_ref idref="fl-d5"/>
      </object_component>
      <object_component id="oc-320">
         <name>.debug_info</name>
         <load_address>0xf125</load_address>
         <run_address>0xf125</run_address>
         <size>0x19f</size>
         <input_file_ref idref="fl-d5"/>
      </object_component>
      <object_component id="oc-1fb">
         <name>.debug_info</name>
         <load_address>0xf2c4</load_address>
         <run_address>0xf2c4</run_address>
         <size>0x203</size>
         <input_file_ref idref="fl-d5"/>
      </object_component>
      <object_component id="oc-319">
         <name>.debug_info</name>
         <load_address>0xf4c7</load_address>
         <run_address>0xf4c7</run_address>
         <size>0x1db</size>
         <input_file_ref idref="fl-d5"/>
      </object_component>
      <object_component id="oc-1f5">
         <name>.debug_info</name>
         <load_address>0xf6a2</load_address>
         <run_address>0xf6a2</run_address>
         <size>0x26e</size>
         <input_file_ref idref="fl-d5"/>
      </object_component>
      <object_component id="oc-30c">
         <name>.debug_info</name>
         <load_address>0xf910</load_address>
         <run_address>0xf910</run_address>
         <size>0x299</size>
         <input_file_ref idref="fl-d5"/>
      </object_component>
      <object_component id="oc-b0">
         <name>.debug_info</name>
         <load_address>0xfba9</load_address>
         <run_address>0xfba9</run_address>
         <size>0xb2</size>
         <input_file_ref idref="fl-d5"/>
      </object_component>
      <object_component id="oc-ab">
         <name>.debug_info</name>
         <load_address>0xfc5b</load_address>
         <run_address>0xfc5b</run_address>
         <size>0x2c</size>
         <input_file_ref idref="fl-d5"/>
      </object_component>
      <object_component id="oc-299">
         <name>.debug_info</name>
         <load_address>0xfc87</load_address>
         <run_address>0xfc87</run_address>
         <size>0xfb</size>
         <input_file_ref idref="fl-d6"/>
      </object_component>
      <object_component id="oc-12f">
         <name>.debug_info</name>
         <load_address>0xfd82</load_address>
         <run_address>0xfd82</run_address>
         <size>0x13d</size>
         <input_file_ref idref="fl-d6"/>
      </object_component>
      <object_component id="oc-308">
         <name>.debug_info</name>
         <load_address>0xfebf</load_address>
         <run_address>0xfebf</run_address>
         <size>0x161</size>
         <input_file_ref idref="fl-d7"/>
      </object_component>
      <object_component id="oc-1e4">
         <name>.debug_info</name>
         <load_address>0x10020</load_address>
         <run_address>0x10020</run_address>
         <size>0x245</size>
         <input_file_ref idref="fl-d7"/>
      </object_component>
      <object_component id="oc-27">
         <name>.debug_info</name>
         <load_address>0x10265</load_address>
         <run_address>0x10265</run_address>
         <size>0x10b</size>
         <input_file_ref idref="fl-d8"/>
      </object_component>
      <object_component id="oc-5c">
         <name>.debug_info</name>
         <load_address>0x10370</load_address>
         <run_address>0x10370</run_address>
         <size>0x1a9</size>
         <input_file_ref idref="fl-d8"/>
      </object_component>
      <object_component id="oc-390">
         <name>.debug_info</name>
         <load_address>0x10519</load_address>
         <run_address>0x10519</run_address>
         <size>0x462</size>
         <input_file_ref idref="fl-d9"/>
      </object_component>
      <object_component id="oc-35b">
         <name>.debug_info</name>
         <load_address>0x1097b</load_address>
         <run_address>0x1097b</run_address>
         <size>0x21e</size>
         <input_file_ref idref="fl-d9"/>
      </object_component>
      <object_component id="oc-417">
         <name>.debug_info</name>
         <load_address>0x10b99</load_address>
         <run_address>0x10b99</run_address>
         <size>0x1b3</size>
         <input_file_ref idref="fl-d9"/>
      </object_component>
      <object_component id="oc-41d">
         <name>.debug_info</name>
         <load_address>0x10d4c</load_address>
         <run_address>0x10d4c</run_address>
         <size>0x21b</size>
         <input_file_ref idref="fl-d9"/>
[...]
         <name>setTextWrap</name>
         <value>0x20004e47</value>
         <object_component_ref idref="oc-125"/>
      </symbol>
      <symbol id="sm-1b7">
         <name>drawChar</name>
         <value>0x20004c5f</value>
         <object_component_ref idref="oc-125"/>
      </symbol>
      <symbol id="sm-1b8">
         <name>height</name>
         <value>0x20004e5f</value>
         <object_component_ref idref="oc-125"/>
      </symbol>
      <symbol id="sm-1ed">
         <name>drawPixel</name>
         <value>0x20005d29</value>
         <object_component_ref idref="oc-119"/>
      </symbol>
      <symbol id="sm-1ee">
         <name>Color565</name>
         <value>0x20005ad5</value>
         <object_component_ref idref="oc-119"/>
      </symbol>
      <symbol id="sm-1ef">
         <name>drawFastHLine</name>
         <value>0x20005c8d</value>
         <object_component_ref idref="oc-119"/>
      </symbol>
      <symbol id="sm-1f0">
         <name>goTo</name>
         <value>0x20005a91</value>
         <object_component_ref idref="oc-119"/>
      </symbol>
      <symbol id="sm-1f1">
         <name>fillScreen</name>
         <value>0x20005b17</value>
         <object_component_ref idref="oc-119"/>
      </symbol>
      <symbol id="sm-1f2">
         <name>Adafruit_Init</name>
         <value>0x20005959</value>
         <object_component_ref idref="oc-119"/>
      </symbol>
      <symbol id="sm-1f3">
         <name>writeData</name>
         <value>0x20005915</value>
         <object_component_ref idref="oc-119"/>
      </symbol>
      <symbol id="sm-1f4">
         <name>writeCommand</name>
         <value>0x200058d1</value>
         <object_component_ref idref="oc-119"/>
      </symbol>
      <symbol id="sm-1f5">
         <name>fillRect</name>
         <value>0x20005b2d</value>
         <object_component_ref idref="oc-119"/>
      </symbol>
      <symbol id="sm-1f6">
         <name>drawFastVLine</name>
         <value>0x20005bf1</value>
         <object_component_ref idref="oc-119"/>
      </symbol>
      <symbol id="sm-1f7">
         <name>invert</name>
         <value>0x20005d67</value>
         <object_component_ref idref="oc-119"/>
      </symbol>
      <symbol id="sm-20c">
         <name>GPIODirModeSet</name>
         <value>0x20008229</value>
         <object_component_ref idref="oc-1a7"/>
      </symbol>
      <symbol id="sm-20d">
         <name>GPIOPinWrite</name>
         <value>0x200084b1</value>
         <object_component_ref idref="oc-113"/>
      </symbol>
      <symbol id="sm-286">
         <name>I2CMasterDataPut</name>
         <value>0x200086b5</value>
         <object_component_ref idref="oc-239"/>
      </symbol>
      <symbol id="sm-287">
         <name>I2CMasterInitExpClk</name>
         <value>0x20007ba9</value>
         <object_component_ref idref="oc-251"/>
      </symbol>
      <symbol id="sm-288">
         <name>I2CMasterSlaveAddrSet</name>
         <value>0x2000846d</value>
         <object_component_ref idref="oc-233"/>
      </symbol>
      <symbol id="sm-289">
         <name>I2CMasterDataGet</name>
         <value>0x200087ab</value>
         <object_component_ref idref="oc-23f"/>
      </symbol>
      <symbol id="sm-28a">
         <name>I2CMasterIntEnableEx</name>
         <value>0x2000860d</value>
         <object_component_ref idref="oc-24b"/>
      </symbol>
      <symbol id="sm-28b">
         <name>I2CMasterErr</name>
         <value>0x20008353</value>
         <object_component_ref idref="oc-22d"/>
      </symbol>
      <symbol id="sm-28c">
         <name>I2CMasterTimeoutSet</name>
         <value>0x20008787</value>
         <object_component_ref idref="oc-21b"/>
      </symbol>
      <symbol id="sm-28d">
         <name>I2CMasterControl</name>
         <value>0x20008775</value>
         <object_component_ref idref="oc-221"/>
      </symbol>
      <symbol id="sm-28e">
         <name>I2CMasterEnable</name>
         <value>0x200086cb</value>
         <object_component_ref idref="oc-245"/>
      </symbol>
      <symbol id="sm-28f">
         <name>I2CMasterIntStatusEx</name>
         <value>0x200084f1</value>
         <object_component_ref idref="oc-227"/>
      </symbol>
      <symbol id="sm-290">
         <name>I2CMasterIntClear</name>
         <value>0x200086e1</value>
         <object_component_ref idref="oc-215"/>
      </symbol>
      <symbol id="sm-2bf">
         <name>IntVTableBaseSet</name>
         <value>0x2000874d</value>
         <object_component_ref idref="oc-c5"/>
      </symbol>
      <symbol id="sm-2c0">
         <name>IntEnable</name>
         <value>0x20007705</value>
         <object_component_ref idref="oc-d1"/>
      </symbol>
      <symbol id="sm-2c1">
         <name>IntMasterEnable</name>
         <value>0x200087e1</value>
         <object_component_ref idref="oc-cb"/>
      </symbol>
      <symbol id="sm-308">
         <name>PinTypeI2C</name>
         <value>0x2000854b</value>
         <object_component_ref idref="oc-1b9"/>
      </symbol>
      <symbol id="sm-309">
         <name>PinTypeUART</name>
         <value>0x200085f3</value>
         <object_component_ref idref="oc-1b3"/>
      </symbol>
      <symbol id="sm-30a">
         <name>PinTypeGPIO</name>
         <value>0x20008295</value>
         <object_component_ref idref="oc-1a1"/>
      </symbol>
      <symbol id="sm-30b">
         <name>PinConfigSet</name>
         <value>0x20007a15</value>
         <object_component_ref idref="oc-2d2"/>
      </symbol>
      <symbol id="sm-30c">
         <name>PinTypeSPI</name>
         <value>0x200085d9</value>
         <object_component_ref idref="oc-1ad"/>
      </symbol>
      <symbol id="sm-30d">
         <name>PinModeSet</name>
         <value>0x200080ed</value>
         <object_component_ref idref="oc-19b"/>
      </symbol>
      <symbol id="sm-393">
         <name>PRCMPeripheralReset</name>
         <value>0x20007ec1</value>
         <object_component_ref idref="oc-ef"/>
      </symbol>
      <symbol id="sm-394">
         <name>PRCMPeripheralClkEnable</name>
         <value>0x200081ed</value>
         <object_component_ref idref="oc-e3"/>
      </symbol>
      <symbol id="sm-395">
         <name>PRCMPeripheralClockGet</name>
         <value>0x20007981</value>
         <object_component_ref idref="oc-fb"/>
      </symbol>
      <symbol id="sm-396">
         <name>PRCMCC3200MCUInit</name>
         <value>0x20006ba1</value>
         <object_component_ref idref="oc-d7"/>
      </symbol>
      <symbol id="sm-397">
         <name>PRCMHIBRegWrite</name>
         <value>0x2000870d</value>
         <object_component_ref idref="oc-18e"/>
      </symbol>
      <symbol id="sm-398">
         <name>PRCMSysResetCauseGet</name>
         <value>0x20008381</value>
         <object_component_ref idref="oc-182"/>
      </symbol>
      <symbol id="sm-399">
         <name>PRCMPeripheralClkDisable</name>
         <value>0x200083ad</value>
         <object_component_ref idref="oc-194"/>
      </symbol>
      <symbol id="sm-39a">
         <name>PRCMHIBRegRead</name>
         <value>0x200086f7</value>
         <object_component_ref idref="oc-188"/>
      </symbol>
      <symbol id="sm-3df">
         <name>SPICSEnable</name>
         <value>0x2000863d</value>
         <object_component_ref idref="oc-25f"/>
      </symbol>
      <symbol id="sm-3e0">
         <name>SPIDataPut</name>
         <value>0x2000850f</value>
         <object_component_ref idref="oc-265"/>
      </symbol>
      <symbol id="sm-3e1">
         <name>SPIEnable</name>
         <value>0x20008655</value>
         <object_component_ref idref="oc-107"/>
      </symbol>
      <symbol id="sm-3e2">
         <name>SPIDataGet</name>
         <value>0x200084d1</value>
         <object_component_ref idref="oc-26b"/>
      </symbol>
      <symbol id="sm-3e3">
         <name>SPIConfigSetExpClk</name>
         <value>0x200077ad</value>
         <object_component_ref idref="oc-101"/>
      </symbol>
      <symbol id="sm-3e4">
         <name>SPIReset</name>
         <value>0x2000848f</value>
         <object_component_ref idref="oc-f5"/>
      </symbol>
      <symbol id="sm-3e5">
         <name>SPICSDisable</name>
         <value>0x20008625</value>
         <object_component_ref idref="oc-271"/>
      </symbol>
      <symbol id="sm-421">
         <name>UARTConfigSetExpClk</name>
         <value>0x20007ca7</value>
         <object_component_ref idref="oc-1c4"/>
      </symbol>
      <symbol id="sm-422">
         <name>UARTDisable</name>
         <value>0x200082c5</value>
         <object_component_ref idref="oc-2df"/>
      </symbol>
      <symbol id="sm-423">
         <name>UARTCharsAvail</name>
         <value>0x2000866d</value>
         <object_component_ref idref="oc-1d6"/>
      </symbol>
      <symbol id="sm-424">
         <name>UARTCharGetNonBlocking</name>
         <value>0x20008567</value>
         <object_component_ref idref="oc-1dc"/>
      </symbol>
      <symbol id="sm-425">
         <name>UARTCharPut</name>
         <value>0x2000852d</value>
         <object_component_ref idref="oc-1ca"/>
      </symbol>
      <symbol id="sm-426">
         <name>UARTEnable</name>
         <value>0x20008425</value>
         <object_component_ref idref="oc-2e5"/>
      </symbol>
      <symbol id="sm-42a">
         <name>UtilsDelay</name>
         <value>0x20008805</value>
         <object_component_ref idref="oc-2ca"/>
      </symbol>
      <symbol id="sm-434">
         <name>CPUcpsie</name>
         <value>0x20008739</value>
         <object_component_ref idref="oc-172"/>
      </symbol>
      <symbol id="sm-45c">
         <name>sprintf</name>
         <value>0x2000812d</value>
         <object_component_ref idref="oc-11f"/>
      </symbol>
      <symbol id="sm-486">
         <name>vsnprintf</name>
         <value>0x2000816d</value>
         <object_component_ref idref="oc-1d0"/>
      </symbol>
      <symbol id="sm-4a1">
         <name>memcpy</name>
         <value>0x2000784d</value>
         <object_component_ref idref="oc-3d"/>
      </symbol>
      <symbol id="sm-4a2">
         <name>__aeabi_memcpy</name>
         <value>0x2000784d</value>
         <object_component_ref idref="oc-3d"/>
      </symbol>
      <symbol id="sm-4a3">
         <name>__aeabi_memcpy8</name>
         <value>0x2000784d</value>
         <object_component_ref idref="oc-3d"/>
      </symbol>
      <symbol id="sm-4a4">
         <name>__aeabi_memcpy4</name>
         <value>0x2000784d</value>
         <object_component_ref idref="oc-3d"/>
      </symbol>
      <symbol id="sm-4b1">
         <name>__aeabi_uldivmod</name>
         <value>0x200078e9</value>
         <object_component_ref idref="oc-3eb"/>
      </symbol>
      <symbol id="sm-4c5">
         <name>__TI_zero_init_nomemset</name>
         <value>0x20008583</value>
         <object_component_ref idref="oc-49"/>
      </symbol>
      <symbol id="sm-4dc">
         <name>__TI_decompress_none</name>
         <value>0x200087b9</value>
         <object_component_ref idref="oc-1b"/>
      </symbol>
      <symbol id="sm-4ff">
         <name>__TI_decompress_lzss</name>
         <value>0x20007dfb</value>
         <object_component_ref idref="oc-15"/>
      </symbol>
      <symbol id="sm-510">
         <name>memmove</name>
         <value>0x200083fd</value>
         <object_component_ref idref="oc-1e8"/>
      </symbol>
      <symbol id="sm-5ae">
         <name>_sys_memory</name>
         <value>0x20017000</value>
         <object_component_ref idref="oc-23"/>
      </symbol>
      <symbol id="sm-5af">
         <name>free</name>
         <value>0x200073b9</value>
         <object_component_ref idref="oc-1fa"/>
      </symbol>
      <symbol id="sm-5b0">
         <name>realloc</name>
         <value>0x2000749d</value>
         <object_component_ref idref="oc-1f4"/>
      </symbol>
      <symbol id="sm-5b1">
         <name>memalign</name>
         <value>0x200071bd</value>
         <object_component_ref idref="oc-30b"/>
      </symbol>
      <symbol id="sm-5b2">
         <name>malloc</name>
         <value>0x200087fd</value>
         <object_component_ref idref="oc-1ee"/>
      </symbol>
      <symbol id="sm-5b3">
         <name>aligned_alloc</name>
         <value>0x200071bd</value>
         <object_component_ref idref="oc-30b"/>
      </symbol>
      <symbol id="sm-5c9">
         <name>rand</name>
         <value>0x20008261</value>
         <object_component_ref idref="oc-12b"/>
      </symbol>
      <symbol id="sm-5d7">
         <name>strlen</name>
         <value>0x20008761</value>
         <object_component_ref idref="oc-1e2"/>
      </symbol>
      <symbol id="sm-5e9">
         <name>__stack</name>
         <value>0x2002f800</value>
         <object_component_ref idref="oc-26"/>
      </symbol>
      <symbol id="sm-5ea">
         <name>_c_int00_noargs</name>
         <value>0x20008449</value>
         <object_component_ref idref="oc-5b"/>
      </symbol>
      <symbol id="sm-74f">
         <name>__TI_printfi</name>
         <value>0x20004e81</value>
         <object_component_ref idref="oc-279"/>
      </symbol>
      <symbol id="sm-759">
         <name>__aeabi_idiv0</name>
         <value>0x20005d83</value>
         <object_component_ref idref="oc-477"/>
      </symbol>
      <symbol id="sm-75a">
         <name>__aeabi_ldiv0</name>
         <value>0x20005d83</value>
         <object_component_ref idref="oc-477"/>
      </symbol>
      <symbol id="sm-771">
         <name>__aeabi_dsub</name>
         <value>0x200069e9</value>
         <object_component_ref idref="oc-411"/>
      </symbol>
      <symbol id="sm-772">
         <name>__aeabi_dadd</name>
         <value>0x200069f3</value>
         <object_component_ref idref="oc-411"/>
      </symbol>
      <symbol id="sm-794">
         <name>__aeabi_cdcmpeq</name>
         <value>0x20007a9d</value>
         <object_component_ref idref="oc-360"/>
      </symbol>
      <symbol id="sm-795">
         <name>__aeabi_cdcmple</name>
         <value>0x20007a9d</value>
         <object_component_ref idref="oc-360"/>
      </symbol>
      <symbol id="sm-796">
         <name>__aeabi_cdrcmple</name>
         <value>0x20007b23</value>
         <object_component_ref idref="oc-3fc"/>
      </symbol>
      <symbol id="sm-7aa">
         <name>__aeabi_ddiv</name>
         <value>0x20006e55</value>
         <object_component_ref idref="oc-3f7"/>
      </symbol>
      <symbol id="sm-7b5">
         <name>__aeabi_dmul</name>
         <value>0x200072bd</value>
         <object_component_ref idref="oc-3f2"/>
      </symbol>
      <symbol id="sm-7bf">
         <name>__aeabi_d2iz</name>
         <value>0x20008061</value>
         <object_component_ref idref="oc-401"/>
      </symbol>
      <symbol id="sm-7c9">
         <name>__aeabi_i2d</name>
         <value>0x20008325</value>
         <object_component_ref idref="oc-40c"/>
      </symbol>
      <symbol id="sm-7d8">
         <name>__aeabi_memset</name>
         <value>0x20007c2f</value>
         <object_component_ref idref="oc-8b"/>
      </symbol>
      <symbol id="sm-7d9">
         <name>memset</name>
         <value>0x20007c35</value>
         <object_component_ref idref="oc-8b"/>
      </symbol>
      <symbol id="sm-7da">
         <name>__aeabi_memset8</name>
         <value>0x20007c2f</value>
         <object_component_ref idref="oc-8b"/>
      </symbol>
      <symbol id="sm-7db">
         <name>__aeabi_memset4</name>
         <value>0x20007c2f</value>
         <object_component_ref idref="oc-8b"/>
      </symbol>
      <symbol id="sm-7dc">
         <name>__aeabi_memclr8</name>
         <value>0x20007c2d</value>
         <object_component_ref idref="oc-8b"/>
      </symbol>
      <symbol id="sm-7dd">
         <name>__aeabi_memclr4</name>
         <value>0x20007c2d</value>
         <object_component_ref idref="oc-8b"/>
      </symbol>
      <symbol id="sm-7de">
         <name>__aeabi_memclr</name>
         <value>0x20007c2d</value>
         <object_component_ref idref="oc-8b"/>
      </symbol>
      <symbol id="sm-806">
         <name>__TI_auto_init_nobinit_nopinit</name>
         <value>0x200080a9</value>
         <object_component_ref idref="oc-13f"/>
      </symbol>
      <symbol id="sm-810">
         <name>_system_pre_init</name>
         <value>0x2000880b</value>
         <object_component_ref idref="oc-91"/>
      </symbol>
      <symbol id="sm-81c">
         <name>C$$EXIT</name>
         <value>0x2000880f</value>
         <object_component_ref idref="oc-133"/>
      </symbol>
      <symbol id="sm-81d">
         <name>abort</name>
         <value>0x2000880f</value>
         <object_component_ref idref="oc-133"/>
      </symbol>
      <symbol id="sm-832">
         <name>_nop</name>
         <value>0x200058cf</value>
         <object_component_ref idref="oc-3a5"/>
      </symbol>
      <symbol id="sm-833">
         <name>_lock</name>
         <value>0x20017818</value>
         <object_component_ref idref="oc-295"/>
      </symbol>
      <symbol id="sm-834">
         <name>_unlock</name>
         <value>0x2001781c</value>
         <object_component_ref idref="oc-295"/>
      </symbol>
      <symbol id="sm-843">
         <name>__TI_ltoa</name>
         <value>0x20007f6f</value>
         <object_component_ref idref="oc-406"/>
      </symbol>
      <symbol id="sm-85a">
         <name>atoi</name>
         <value>0x20008015</value>
         <object_component_ref idref="oc-354"/>
      </symbol>
      <symbol id="sm-865">
         <name>_ctypes_</name>
         <value>0x20008d0f</value>
         <object_component_ref idref="oc-3e6"/>
      </symbol>
      <symbol id="sm-875">
         <name>memccpy</name>
         <value>0x200085bd</value>
         <object_component_ref idref="oc-37d"/>
      </symbol>
      <symbol id="sm-885">
         <name>strchr</name>
         <value>0x20008723</value>
         <object_component_ref idref="oc-43d"/>
      </symbol>
      <symbol id="sm-89b">
         <name>__aeabi_errno_addr</name>
         <value>0x200087f5</value>
         <object_component_ref idref="oc-389"/>
      </symbol>
      <symbol id="sm-89c">
         <name>errno</name>
         <value>0x20017828</value>
         <object_component_ref idref="oc-44d"/>
      </symbol>
      <symbol id="sm-8b5">
         <name>wcslen</name>
         <value>0x20008799</value>
         <object_component_ref idref="oc-383"/>
      </symbol>
      <symbol id="sm-8d5">
         <name>frexpl</name>
         <value>0x20007e65</value>
         <object_component_ref idref="oc-431"/>
      </symbol>
      <symbol id="sm-8d6">
         <name>frexp</name>
         <value>0x20007e65</value>
         <object_component_ref idref="oc-431"/>
      </symbol>
      <symbol id="sm-8f4">
         <name>scalbn</name>
         <value>0x20007581</value>
         <object_component_ref idref="oc-437"/>
      </symbol>
      <symbol id="sm-8f5">
         <name>scalbnl</name>
         <value>0x20007581</value>
         <object_component_ref idref="oc-437"/>
      </symbol>
      <symbol id="sm-8f6">
         <name>ldexpl</name>
         <value>0x20007581</value>
         <object_component_ref idref="oc-437"/>
      </symbol>
      <symbol id="sm-8f7">
         <name>ldexp</name>
         <value>0x20007581</value>
         <object_component_ref idref="oc-437"/>
      </symbol>
      <symbol id="sm-901">
         <name>copysign</name>
         <value>0x200087d5</value>
         <object_component_ref idref="oc-490"/>
      </symbol>
      <symbol id="sm-902">
         <name>copysignl</name>
         <value>0x200087d5</value>
         <object_component_ref idref="oc-490"/>
      </symbol>
      <symbol id="sm-903">
         <name>__TI_static_base__</name>
         <value>0x20008fd0</value>
      </symbol>
      <symbol id="sm-906">
         <name>__mpu_init</name>
         <value>0x0</value>
      </symbol>
      <symbol id="sm-907">
         <name>_system_post_cinit</name>
         <value>0x0</value>
      </symbol>
   </symbol_table>
   <title>Link successful</title>
</link_info>
